{"level":30,"time":1778985759723,"pid":72918,"hostname":"Dereks-MacBook-Pro.local","module":"ingest","msg":"start year=2025 month=11 runId=run-2026-05-17T02:42:35.857Z"}
{"level":30,"time":1778985763058,"pid":72918,"hostname":"Dereks-MacBook-Pro.local","module":"ingest","msg":"download complete path=/var/folders/rj/x0yz6y3j2q70rlz0phst404c0000gn/T/gc-2025-11.zip bytes=29517912"}
{"level":30,"time":1778985763622,"pid":72918,"hostname":"Dereks-MacBook-Pro.local","module":"ingest","msg":"flush batch=1 releases=100 entities=303"}
{"level":30,"time":1778985764003,"pid":72918,"hostname":"Dereks-MacBook-Pro.local","module":"ingest","msg":"flush batch=2 releases=100 entities=252"}
{"level":30,"time":1778985764347,"pid":72918,"hostname":"Dereks-MacBook-Pro.local","module":"ingest","msg":"flush batch=3 releases=100 entities=255"}
{"level":30,"time":1778985764698,"pid":72918,"hostname":"Dereks-MacBook-Pro.local","module":"ingest","msg":"flush batch=4 releases=100 entities=251"}
{"level":30,"time":1778985765051,"pid":72918,"hostname":"Dereks-MacBook-Pro.local","module":"ingest","msg":"flush batch=5 releases=100 entities=258"}
{"level":30,"time":1778985765407,"pid":72918,"hostname":"Dereks-MacBook-Pro.local","module":"ingest","msg":"flush batch=6 releases=100 entities=241"}
{"level":30,"time":1778985765756,"pid":72918,"hostname":"Dereks-MacBook-Pro.local","module":"ingest","msg":"flush batch=7 releases=100 entities=223"}
{"level":30,"time":1778985766108,"pid":72918,"hostname":"Dereks-MacBook-Pro.local","module":"ingest","msg":"flush batch=8 releases=100 entities=230"}
{"level":30,"time":1778985766445,"pid":72918,"hostname":"Dereks-MacBook-Pro.local","module":"ingest","msg":"flush batch=9 releases=100 entities=239"}
{"level":30,"time":1778985766498,"pid":72918,"hostname":"Dereks-MacBook-Pro.local","module":"ingest","msg":"progress records=1000 elapsed=6.8s"}
{"level":30,"time":1778985766807,"pid":72918,"hostname":"Dereks-MacBook-Pro.local","module":"ingest","msg":"flush batch=10 releases=100 entities=248"}
{"level":30,"time":1778985767155,"pid":72918,"hostname":"Dereks-MacBook-Pro.local","module":"ingest","msg":"flush batch=11 releases=100 entities=231"}
{"level":30,"time":1778985767495,"pid":72918,"hostname":"Dereks-MacBook-Pro.local","module":"ingest","msg":"flush batch=12 releases=100 entities=236"}
{"level":30,"time":1778985767878,"pid":72918,"hostname":"Dereks-MacBook-Pro.local","module":"ingest","msg":"flush batch=13 releases=100 entities=252"}
{"level":30,"time":1778985768254,"pid":72918,"hostname":"Dereks-MacBook-Pro.local","module":"ingest","msg":"flush batch=14 releases=100 entities=270"}
{"level":30,"time":1778985768611,"pid":72918,"hostname":"Dereks-MacBook-Pro.local","module":"ingest","msg":"flush batch=15 releases=100 entities=242"}
{"level":30,"time":1778985768991,"pid":72918,"hostname":"Dereks-MacBook-Pro.local","module":"ingest","msg":"flush batch=16 releases=100 entities=244"}
{"level":30,"time":1778985769382,"pid":72918,"hostname":"Dereks-MacBook-Pro.local","module":"ingest","msg":"flush batch=17 releases=100 entities=250"}
{"level":30,"time":1778985769805,"pid":72918,"hostname":"Dereks-MacBook-Pro.local","module":"ingest","msg":"flush batch=18 releases=100 entities=254"}
{"level":30,"time":1778985770191,"pid":72918,"hostname":"Dereks-MacBook-Pro.local","module":"ingest","msg":"flush batch=19 releases=100 entities=218"}
{"level":30,"time":1778985770257,"pid":72918,"hostname":"Dereks-MacBook-Pro.local","module":"ingest","msg":"progress records=2000 elapsed=10.5s"}
{"level":30,"time":1778985770622,"pid":72918,"hostname":"Dereks-MacBook-Pro.local","module":"ingest","msg":"flush batch=20 releases=100 entities=247"}
{"level":30,"time":1778985771013,"pid":72918,"hostname":"Dereks-MacBook-Pro.local","module":"ingest","msg":"flush batch=21 releases=100 entities=240"}
{"level":30,"time":1778985771392,"pid":72918,"hostname":"Dereks-MacBook-Pro.local","module":"ingest","msg":"flush batch=22 releases=100 entities=226"}
{"level":30,"time":1778985771783,"pid":72918,"hostname":"Dereks-MacBook-Pro.local","module":"ingest","msg":"flush batch=23 releases=100 entities=248"}
{"level":30,"time":1778985772161,"pid":72918,"hostname":"Dereks-MacBook-Pro.local","module":"ingest","msg":"flush batch=24 releases=100 entities=241"}
{"level":30,"time":1778985772554,"pid":72918,"hostname":"Dereks-MacBook-Pro.local","module":"ingest","msg":"flush batch=25 releases=100 entities=242"}
{"level":30,"time":1778985772922,"pid":72918,"hostname":"Dereks-MacBook-Pro.local","module":"ingest","msg":"flush batch=26 releases=100 entities=239"}
{"level":30,"time":1778985773312,"pid":72918,"hostname":"Dereks-MacBook-Pro.local","module":"ingest","msg":"flush batch=27 releases=100 entities=241"}
{"level":30,"time":1778985773676,"pid":72918,"hostname":"Dereks-MacBook-Pro.local","module":"ingest","msg":"flush batch=28 releases=100 entities=245"}
{"level":30,"time":1778985774031,"pid":72918,"hostname":"Dereks-MacBook-Pro.local","module":"ingest","msg":"flush batch=29 releases=100 entities=252"}
{"level":30,"time":1778985774089,"pid":72918,"hostname":"Dereks-MacBook-Pro.local","module":"ingest","msg":"progress records=3000 elapsed=14.4s"}
{"level":30,"time":1778985774414,"pid":72918,"hostname":"Dereks-MacBook-Pro.local","module":"ingest","msg":"flush batch=30 releases=100 entities=248"}
{"level":30,"time":1778985774754,"pid":72918,"hostname":"Dereks-MacBook-Pro.local","module":"ingest","msg":"flush batch=31 releases=100 entities=226"}
{"level":30,"time":1778985775118,"pid":72918,"hostname":"Dereks-MacBook-Pro.local","module":"ingest","msg":"flush batch=32 releases=100 entities=234"}
{"level":30,"time":1778985775490,"pid":72918,"hostname":"Dereks-MacBook-Pro.local","module":"ingest","msg":"flush batch=33 releases=100 entities=240"}
{"level":30,"time":1778985775887,"pid":72918,"hostname":"Dereks-MacBook-Pro.local","module":"ingest","msg":"flush batch=34 releases=100 entities=253"}
{"level":30,"time":1778985776232,"pid":72918,"hostname":"Dereks-MacBook-Pro.local","module":"ingest","msg":"flush batch=35 releases=100 entities=243"}
{"level":30,"time":1778985776595,"pid":72918,"hostname":"Dereks-MacBook-Pro.local","module":"ingest","msg":"flush batch=36 releases=100 entities=256"}
{"level":30,"time":1778985776948,"pid":72918,"hostname":"Dereks-MacBook-Pro.local","module":"ingest","msg":"flush batch=37 releases=100 entities=245"}
{"level":30,"time":1778985777309,"pid":72918,"hostname":"Dereks-MacBook-Pro.local","module":"ingest","msg":"flush batch=38 releases=100 entities=252"}
{"level":30,"time":1778985777677,"pid":72918,"hostname":"Dereks-MacBook-Pro.local","module":"ingest","msg":"flush batch=39 releases=100 entities=225"}
{"level":30,"time":1778985777740,"pid":72918,"hostname":"Dereks-MacBook-Pro.local","module":"ingest","msg":"progress records=4000 elapsed=18.0s"}
{"level":30,"time":1778985778048,"pid":72918,"hostname":"Dereks-MacBook-Pro.local","module":"ingest","msg":"flush batch=40 releases=100 entities=260"}
{"level":30,"time":1778985778415,"pid":72918,"hostname":"Dereks-MacBook-Pro.local","module":"ingest","msg":"flush batch=41 releases=100 entities=240"}
{"level":30,"time":1778985778748,"pid":72918,"hostname":"Dereks-MacBook-Pro.local","module":"ingest","msg":"flush batch=42 releases=100 entities=204"}
{"level":30,"time":1778985779096,"pid":72918,"hostname":"Dereks-MacBook-Pro.local","module":"ingest","msg":"flush batch=43 releases=100 entities=233"}
{"level":30,"time":1778985779484,"pid":72918,"hostname":"Dereks-MacBook-Pro.local","module":"ingest","msg":"flush batch=44 releases=100 entities=257"}
{"level":30,"time":1778985779847,"pid":72918,"hostname":"Dereks-MacBook-Pro.local","module":"ingest","msg":"flush batch=45 releases=100 entities=259"}
{"level":30,"time":1778985780209,"pid":72918,"hostname":"Dereks-MacBook-Pro.local","module":"ingest","msg":"flush batch=46 releases=100 entities=257"}
{"level":30,"time":1778985780583,"pid":72918,"hostname":"Dereks-MacBook-Pro.local","module":"ingest","msg":"flush batch=47 releases=100 entities=263"}
{"level":30,"time":1778985780963,"pid":72918,"hostname":"Dereks-MacBook-Pro.local","module":"ingest","msg":"flush batch=48 releases=100 entities=235"}
{"level":30,"time":1778985781322,"pid":72918,"hostname":"Dereks-MacBook-Pro.local","module":"ingest","msg":"flush batch=49 releases=100 entities=256"}
{"level":30,"time":1778985781377,"pid":72918,"hostname":"Dereks-MacBook-Pro.local","module":"ingest","msg":"progress records=5000 elapsed=21.6s"}
{"level":30,"time":1778985781672,"pid":72918,"hostname":"Dereks-MacBook-Pro.local","module":"ingest","msg":"flush batch=50 releases=100 entities=238"}
{"level":30,"time":1778985782055,"pid":72918,"hostname":"Dereks-MacBook-Pro.local","module":"ingest","msg":"flush batch=51 releases=100 entities=241"}
{"level":30,"time":1778985782415,"pid":72918,"hostname":"Dereks-MacBook-Pro.local","module":"ingest","msg":"flush batch=52 releases=100 entities=249"}
{"level":30,"time":1778985782801,"pid":72918,"hostname":"Dereks-MacBook-Pro.local","module":"ingest","msg":"flush batch=53 releases=100 entities=258"}
{"level":30,"time":1778985783162,"pid":72918,"hostname":"Dereks-MacBook-Pro.local","module":"ingest","msg":"flush batch=54 releases=100 entities=219"}
{"level":30,"time":1778985783499,"pid":72918,"hostname":"Dereks-MacBook-Pro.local","module":"ingest","msg":"flush batch=55 releases=100 entities=242"}
{"level":30,"time":1778985783904,"pid":72918,"hostname":"Dereks-MacBook-Pro.local","module":"ingest","msg":"flush batch=56 releases=100 entities=243"}
{"level":30,"time":1778985784276,"pid":72918,"hostname":"Dereks-MacBook-Pro.local","module":"ingest","msg":"flush batch=57 releases=100 entities=245"}
{"level":30,"time":1778985784647,"pid":72918,"hostname":"Dereks-MacBook-Pro.local","module":"ingest","msg":"flush batch=58 releases=100 entities=258"}
{"level":30,"time":1778985785023,"pid":72918,"hostname":"Dereks-MacBook-Pro.local","module":"ingest","msg":"flush batch=59 releases=100 entities=250"}
{"level":30,"time":1778985785083,"pid":72918,"hostname":"Dereks-MacBook-Pro.local","module":"ingest","msg":"progress records=6000 elapsed=25.4s"}
{"level":30,"time":1778985785424,"pid":72918,"hostname":"Dereks-MacBook-Pro.local","module":"ingest","msg":"flush batch=60 releases=100 entities=253"}
{"level":30,"time":1778985785801,"pid":72918,"hostname":"Dereks-MacBook-Pro.local","module":"ingest","msg":"flush batch=61 releases=100 entities=248"}
{"level":30,"time":1778985786181,"pid":72918,"hostname":"Dereks-MacBook-Pro.local","module":"ingest","msg":"flush batch=62 releases=100 entities=270"}
{"level":30,"time":1778985786547,"pid":72918,"hostname":"Dereks-MacBook-Pro.local","module":"ingest","msg":"flush batch=63 releases=100 entities=265"}
{"level":30,"time":1778985786923,"pid":72918,"hostname":"Dereks-MacBook-Pro.local","module":"ingest","msg":"flush batch=64 releases=100 entities=272"}
{"level":30,"time":1778985787308,"pid":72918,"hostname":"Dereks-MacBook-Pro.local","module":"ingest","msg":"flush batch=65 releases=100 entities=241"}
{"level":30,"time":1778985787693,"pid":72918,"hostname":"Dereks-MacBook-Pro.local","module":"ingest","msg":"flush batch=66 releases=100 entities=265"}
{"level":30,"time":1778985788053,"pid":72918,"hostname":"Dereks-MacBook-Pro.local","module":"ingest","msg":"flush batch=67 releases=100 entities=233"}
{"level":30,"time":1778985788432,"pid":72918,"hostname":"Dereks-MacBook-Pro.local","module":"ingest","msg":"flush batch=68 releases=100 entities=242"}
{"level":30,"time":1778985788797,"pid":72918,"hostname":"Dereks-MacBook-Pro.local","module":"ingest","msg":"flush batch=69 releases=100 entities=256"}
{"level":30,"time":1778985788851,"pid":72918,"hostname":"Dereks-MacBook-Pro.local","module":"ingest","msg":"progress records=7000 elapsed=29.1s"}
{"level":30,"time":1778985789190,"pid":72918,"hostname":"Dereks-MacBook-Pro.local","module":"ingest","msg":"flush batch=70 releases=100 entities=253"}
{"level":30,"time":1778985789541,"pid":72918,"hostname":"Dereks-MacBook-Pro.local","module":"ingest","msg":"flush batch=71 releases=100 entities=242"}
{"level":30,"time":1778985789894,"pid":72918,"hostname":"Dereks-MacBook-Pro.local","module":"ingest","msg":"flush batch=72 releases=100 entities=260"}
{"level":30,"time":1778985790268,"pid":72918,"hostname":"Dereks-MacBook-Pro.local","module":"ingest","msg":"flush batch=73 releases=100 entities=260"}
{"level":30,"time":1778985790636,"pid":72918,"hostname":"Dereks-MacBook-Pro.local","module":"ingest","msg":"flush batch=74 releases=100 entities=260"}
{"level":30,"time":1778985791036,"pid":72918,"hostname":"Dereks-MacBook-Pro.local","module":"ingest","msg":"flush batch=75 releases=100 entities=264"}
{"level":30,"time":1778985791404,"pid":72918,"hostname":"Dereks-MacBook-Pro.local","module":"ingest","msg":"flush batch=76 releases=100 entities=233"}
{"level":30,"time":1778985791763,"pid":72918,"hostname":"Dereks-MacBook-Pro.local","module":"ingest","msg":"flush batch=77 releases=100 entities=257"}
{"level":30,"time":1778985792126,"pid":72918,"hostname":"Dereks-MacBook-Pro.local","module":"ingest","msg":"flush batch=78 releases=100 entities=245"}
{"level":30,"time":1778985792461,"pid":72918,"hostname":"Dereks-MacBook-Pro.local","module":"ingest","msg":"flush batch=79 releases=100 entities=230"}
{"level":30,"time":1778985792522,"pid":72918,"hostname":"Dereks-MacBook-Pro.local","module":"ingest","msg":"progress records=8000 elapsed=32.8s"}
{"level":30,"time":1778985792821,"pid":72918,"hostname":"Dereks-MacBook-Pro.local","module":"ingest","msg":"flush batch=80 releases=100 entities=266"}
{"level":30,"time":1778985793212,"pid":72918,"hostname":"Dereks-MacBook-Pro.local","module":"ingest","msg":"flush batch=81 releases=100 entities=270"}
{"level":30,"time":1778985793566,"pid":72918,"hostname":"Dereks-MacBook-Pro.local","module":"ingest","msg":"flush batch=82 releases=100 entities=265"}
{"level":30,"time":1778985793921,"pid":72918,"hostname":"Dereks-MacBook-Pro.local","module":"ingest","msg":"flush batch=83 releases=100 entities=265"}
{"level":30,"time":1778985794284,"pid":72918,"hostname":"Dereks-MacBook-Pro.local","module":"ingest","msg":"flush batch=84 releases=100 entities=269"}
{"level":30,"time":1778985794616,"pid":72918,"hostname":"Dereks-MacBook-Pro.local","module":"ingest","msg":"flush batch=85 releases=100 entities=247"}
{"level":30,"time":1778985794958,"pid":72918,"hostname":"Dereks-MacBook-Pro.local","module":"ingest","msg":"flush batch=86 releases=100 entities=211"}
{"level":30,"time":1778985795331,"pid":72918,"hostname":"Dereks-MacBook-Pro.local","module":"ingest","msg":"flush batch=87 releases=100 entities=281"}
{"level":30,"time":1778985795699,"pid":72918,"hostname":"Dereks-MacBook-Pro.local","module":"ingest","msg":"flush batch=88 releases=100 entities=267"}
{"level":30,"time":1778985796058,"pid":72918,"hostname":"Dereks-MacBook-Pro.local","module":"ingest","msg":"flush batch=89 releases=100 entities=255"}
{"level":30,"time":1778985796116,"pid":72918,"hostname":"Dereks-MacBook-Pro.local","module":"ingest","msg":"progress records=9000 elapsed=36.4s"}
{"level":30,"time":1778985796422,"pid":72918,"hostname":"Dereks-MacBook-Pro.local","module":"ingest","msg":"flush batch=90 releases=100 entities=263"}
{"level":30,"time":1778985796797,"pid":72918,"hostname":"Dereks-MacBook-Pro.local","module":"ingest","msg":"flush batch=91 releases=100 entities=268"}
{"level":30,"time":1778985797156,"pid":72918,"hostname":"Dereks-MacBook-Pro.local","module":"ingest","msg":"flush batch=92 releases=100 entities=253"}
{"level":30,"time":1778985797530,"pid":72918,"hostname":"Dereks-MacBook-Pro.local","module":"ingest","msg":"flush batch=93 releases=100 entities=273"}
{"level":30,"time":1778985797888,"pid":72918,"hostname":"Dereks-MacBook-Pro.local","module":"ingest","msg":"flush batch=94 releases=100 entities=251"}
{"level":30,"time":1778985798269,"pid":72918,"hostname":"Dereks-MacBook-Pro.local","module":"ingest","msg":"flush batch=95 releases=100 entities=272"}
{"level":30,"time":1778985798643,"pid":72918,"hostname":"Dereks-MacBook-Pro.local","module":"ingest","msg":"flush batch=96 releases=100 entities=265"}
{"level":30,"time":1778985799006,"pid":72918,"hostname":"Dereks-MacBook-Pro.local","module":"ingest","msg":"flush batch=97 releases=100 entities=261"}
{"level":30,"time":1778985799365,"pid":72918,"hostname":"Dereks-MacBook-Pro.local","module":"ingest","msg":"flush batch=98 releases=100 entities=264"}
{"level":30,"time":1778985799744,"pid":72918,"hostname":"Dereks-MacBook-Pro.local","module":"ingest","msg":"flush batch=99 releases=100 entities=280"}
{"level":30,"time":1778985799806,"pid":72918,"hostname":"Dereks-MacBook-Pro.local","module":"ingest","msg":"progress records=10000 elapsed=40.1s"}
{"level":30,"time":1778985800140,"pid":72918,"hostname":"Dereks-MacBook-Pro.local","module":"ingest","msg":"flush batch=100 releases=100 entities=271"}
{"level":30,"time":1778985800561,"pid":72918,"hostname":"Dereks-MacBook-Pro.local","module":"ingest","msg":"flush batch=101 releases=100 entities=277"}
{"level":30,"time":1778985800965,"pid":72918,"hostname":"Dereks-MacBook-Pro.local","module":"ingest","msg":"flush batch=102 releases=100 entities=260"}
{"level":30,"time":1778985801403,"pid":72918,"hostname":"Dereks-MacBook-Pro.local","module":"ingest","msg":"flush batch=103 releases=100 entities=263"}
{"level":30,"time":1778985801804,"pid":72918,"hostname":"Dereks-MacBook-Pro.local","module":"ingest","msg":"flush batch=104 releases=100 entities=281"}
{"level":30,"time":1778985802216,"pid":72918,"hostname":"Dereks-MacBook-Pro.local","module":"ingest","msg":"flush batch=105 releases=100 entities=271"}
{"level":30,"time":1778985802619,"pid":72918,"hostname":"Dereks-MacBook-Pro.local","module":"ingest","msg":"flush batch=106 releases=100 entities=267"}
{"level":30,"time":1778985803049,"pid":72918,"hostname":"Dereks-MacBook-Pro.local","module":"ingest","msg":"flush batch=107 releases=100 entities=281"}
{"level":30,"time":1778985803465,"pid":72918,"hostname":"Dereks-MacBook-Pro.local","module":"ingest","msg":"flush batch=108 releases=100 entities=276"}
{"level":30,"time":1778985803850,"pid":72918,"hostname":"Dereks-MacBook-Pro.local","module":"ingest","msg":"flush batch=109 releases=100 entities=283"}
{"level":30,"time":1778985803918,"pid":72918,"hostname":"Dereks-MacBook-Pro.local","module":"ingest","msg":"progress records=11000 elapsed=44.2s"}
{"level":30,"time":1778985804238,"pid":72918,"hostname":"Dereks-MacBook-Pro.local","module":"ingest","msg":"flush batch=110 releases=100 entities=267"}
{"level":30,"time":1778985804598,"pid":72918,"hostname":"Dereks-MacBook-Pro.local","module":"ingest","msg":"flush batch=111 releases=100 entities=270"}
{"level":30,"time":1778985805006,"pid":72918,"hostname":"Dereks-MacBook-Pro.local","module":"ingest","msg":"flush batch=112 releases=100 entities=259"}
{"level":30,"time":1778985805383,"pid":72918,"hostname":"Dereks-MacBook-Pro.local","module":"ingest","msg":"flush batch=113 releases=100 entities=262"}
{"level":30,"time":1778985805761,"pid":72918,"hostname":"Dereks-MacBook-Pro.local","module":"ingest","msg":"flush batch=114 releases=100 entities=256"}
{"level":30,"time":1778985806147,"pid":72918,"hostname":"Dereks-MacBook-Pro.local","module":"ingest","msg":"flush batch=115 releases=100 entities=272"}
{"level":30,"time":1778985806524,"pid":72918,"hostname":"Dereks-MacBook-Pro.local","module":"ingest","msg":"flush batch=116 releases=100 entities=282"}
{"level":30,"time":1778985806923,"pid":72918,"hostname":"Dereks-MacBook-Pro.local","module":"ingest","msg":"flush batch=117 releases=100 entities=275"}
{"level":30,"time":1778985807315,"pid":72918,"hostname":"Dereks-MacBook-Pro.local","module":"ingest","msg":"flush batch=118 releases=100 entities=286"}
{"level":30,"time":1778985807697,"pid":72918,"hostname":"Dereks-MacBook-Pro.local","module":"ingest","msg":"flush batch=119 releases=100 entities=283"}
{"level":30,"time":1778985807761,"pid":72918,"hostname":"Dereks-MacBook-Pro.local","module":"ingest","msg":"progress records=12000 elapsed=48.0s"}
{"level":30,"time":1778985808083,"pid":72918,"hostname":"Dereks-MacBook-Pro.local","module":"ingest","msg":"flush batch=120 releases=100 entities=275"}
{"level":30,"time":1778985808460,"pid":72918,"hostname":"Dereks-MacBook-Pro.local","module":"ingest","msg":"flush batch=121 releases=100 entities=283"}
{"level":30,"time":1778985808847,"pid":72918,"hostname":"Dereks-MacBook-Pro.local","module":"ingest","msg":"flush batch=122 releases=100 entities=280"}
{"level":30,"time":1778985809232,"pid":72918,"hostname":"Dereks-MacBook-Pro.local","module":"ingest","msg":"flush batch=123 releases=100 entities=285"}
{"level":30,"time":1778985809600,"pid":72918,"hostname":"Dereks-MacBook-Pro.local","module":"ingest","msg":"flush batch=124 releases=100 entities=285"}
{"level":30,"time":1778985809979,"pid":72918,"hostname":"Dereks-MacBook-Pro.local","module":"ingest","msg":"flush batch=125 releases=100 entities=284"}
{"level":30,"time":1778985810350,"pid":72918,"hostname":"Dereks-MacBook-Pro.local","module":"ingest","msg":"flush batch=126 releases=100 entities=287"}
{"level":30,"time":1778985810726,"pid":72918,"hostname":"Dereks-MacBook-Pro.local","module":"ingest","msg":"flush batch=127 releases=100 entities=284"}
{"level":30,"time":1778985811113,"pid":72918,"hostname":"Dereks-MacBook-Pro.local","module":"ingest","msg":"flush batch=128 releases=100 entities=288"}
{"level":30,"time":1778985811494,"pid":72918,"hostname":"Dereks-MacBook-Pro.local","module":"ingest","msg":"flush batch=129 releases=100 entities=286"}
{"level":30,"time":1778985811559,"pid":72918,"hostname":"Dereks-MacBook-Pro.local","module":"ingest","msg":"progress records=13000 elapsed=51.8s"}
{"level":30,"time":1778985811874,"pid":72918,"hostname":"Dereks-MacBook-Pro.local","module":"ingest","msg":"flush batch=130 releases=100 entities=283"}
{"level":30,"time":1778985812298,"pid":72918,"hostname":"Dereks-MacBook-Pro.local","module":"ingest","msg":"flush batch=131 releases=100 entities=282"}
{"level":30,"time":1778985812679,"pid":72918,"hostname":"Dereks-MacBook-Pro.local","module":"ingest","msg":"flush batch=132 releases=100 entities=282"}
{"level":30,"time":1778985813063,"pid":72918,"hostname":"Dereks-MacBook-Pro.local","module":"ingest","msg":"flush batch=133 releases=100 entities=269"}
{"level":30,"time":1778985813419,"pid":72918,"hostname":"Dereks-MacBook-Pro.local","module":"ingest","msg":"flush batch=134 releases=100 entities=282"}
{"level":30,"time":1778985813807,"pid":72918,"hostname":"Dereks-MacBook-Pro.local","module":"ingest","msg":"flush batch=135 releases=100 entities=282"}
{"level":30,"time":1778985814207,"pid":72918,"hostname":"Dereks-MacBook-Pro.local","module":"ingest","msg":"flush batch=136 releases=100 entities=270"}
{"level":30,"time":1778985814608,"pid":72918,"hostname":"Dereks-MacBook-Pro.local","module":"ingest","msg":"flush batch=137 releases=100 entities=295"}
{"level":30,"time":1778985814999,"pid":72918,"hostname":"Dereks-MacBook-Pro.local","module":"ingest","msg":"flush batch=138 releases=100 entities=290"}
{"level":30,"time":1778985815395,"pid":72918,"hostname":"Dereks-MacBook-Pro.local","module":"ingest","msg":"flush batch=139 releases=100 entities=296"}
{"level":30,"time":1778985815465,"pid":72918,"hostname":"Dereks-MacBook-Pro.local","module":"ingest","msg":"progress records=14000 elapsed=55.7s"}
{"level":30,"time":1778985815774,"pid":72918,"hostname":"Dereks-MacBook-Pro.local","module":"ingest","msg":"flush batch=140 releases=100 entities=298"}
{"level":30,"time":1778985816153,"pid":72918,"hostname":"Dereks-MacBook-Pro.local","module":"ingest","msg":"flush batch=141 releases=100 entities=292"}
{"level":30,"time":1778985816533,"pid":72918,"hostname":"Dereks-MacBook-Pro.local","module":"ingest","msg":"flush batch=142 releases=100 entities=297"}
{"level":30,"time":1778985816905,"pid":72918,"hostname":"Dereks-MacBook-Pro.local","module":"ingest","msg":"flush batch=143 releases=100 entities=278"}
{"level":30,"time":1778985817277,"pid":72918,"hostname":"Dereks-MacBook-Pro.local","module":"ingest","msg":"flush batch=144 releases=100 entities=292"}
{"level":30,"time":1778985817644,"pid":72918,"hostname":"Dereks-MacBook-Pro.local","module":"ingest","msg":"flush batch=145 releases=100 entities=288"}
{"level":30,"time":1778985818054,"pid":72918,"hostname":"Dereks-MacBook-Pro.local","module":"ingest","msg":"flush batch=146 releases=100 entities=284"}
{"level":30,"time":1778985818454,"pid":72918,"hostname":"Dereks-MacBook-Pro.local","module":"ingest","msg":"flush batch=147 releases=100 entities=286"}
{"level":30,"time":1778985818838,"pid":72918,"hostname":"Dereks-MacBook-Pro.local","module":"ingest","msg":"flush batch=148 releases=100 entities=279"}
{"level":30,"time":1778985819220,"pid":72918,"hostname":"Dereks-MacBook-Pro.local","module":"ingest","msg":"flush batch=149 releases=100 entities=283"}
{"level":30,"time":1778985819277,"pid":72918,"hostname":"Dereks-MacBook-Pro.local","module":"ingest","msg":"progress records=15000 elapsed=59.5s"}
{"level":30,"time":1778985819652,"pid":72918,"hostname":"Dereks-MacBook-Pro.local","module":"ingest","msg":"flush batch=150 releases=100 entities=296"}
{"level":30,"time":1778985820039,"pid":72918,"hostname":"Dereks-MacBook-Pro.local","module":"ingest","msg":"flush batch=151 releases=100 entities=285"}
{"level":30,"time":1778985820455,"pid":72918,"hostname":"Dereks-MacBook-Pro.local","module":"ingest","msg":"flush batch=152 releases=100 entities=296"}
{"level":30,"time":1778985820853,"pid":72918,"hostname":"Dereks-MacBook-Pro.local","module":"ingest","msg":"flush batch=153 releases=100 entities=294"}
{"level":30,"time":1778985821247,"pid":72918,"hostname":"Dereks-MacBook-Pro.local","module":"ingest","msg":"flush batch=154 releases=100 entities=295"}
{"level":30,"time":1778985821624,"pid":72918,"hostname":"Dereks-MacBook-Pro.local","module":"ingest","msg":"flush batch=155 releases=100 entities=292"}
{"level":30,"time":1778985821998,"pid":72918,"hostname":"Dereks-MacBook-Pro.local","module":"ingest","msg":"flush batch=156 releases=100 entities=292"}
{"level":30,"time":1778985822372,"pid":72918,"hostname":"Dereks-MacBook-Pro.local","module":"ingest","msg":"flush batch=157 releases=100 entities=287"}
{"level":30,"time":1778985822742,"pid":72918,"hostname":"Dereks-MacBook-Pro.local","module":"ingest","msg":"flush batch=158 releases=100 entities=284"}
{"level":30,"time":1778985823104,"pid":72918,"hostname":"Dereks-MacBook-Pro.local","module":"ingest","msg":"flush batch=159 releases=100 entities=284"}
{"level":30,"time":1778985823170,"pid":72918,"hostname":"Dereks-MacBook-Pro.local","module":"ingest","msg":"progress records=16000 elapsed=63.4s"}
{"level":30,"time":1778985823475,"pid":72918,"hostname":"Dereks-MacBook-Pro.local","module":"ingest","msg":"flush batch=160 releases=100 entities=283"}
{"level":30,"time":1778985823833,"pid":72918,"hostname":"Dereks-MacBook-Pro.local","module":"ingest","msg":"flush batch=161 releases=100 entities=283"}
{"level":30,"time":1778985824204,"pid":72918,"hostname":"Dereks-MacBook-Pro.local","module":"ingest","msg":"flush batch=162 releases=100 entities=285"}
{"level":30,"time":1778985824582,"pid":72918,"hostname":"Dereks-MacBook-Pro.local","module":"ingest","msg":"flush batch=163 releases=100 entities=285"}
{"level":30,"time":1778985824963,"pid":72918,"hostname":"Dereks-MacBook-Pro.local","module":"ingest","msg":"flush batch=164 releases=100 entities=270"}
{"level":30,"time":1778985825345,"pid":72918,"hostname":"Dereks-MacBook-Pro.local","module":"ingest","msg":"flush batch=165 releases=100 entities=281"}
{"level":30,"time":1778985825704,"pid":72918,"hostname":"Dereks-MacBook-Pro.local","module":"ingest","msg":"flush batch=166 releases=100 entities=268"}
{"level":30,"time":1778985826057,"pid":72918,"hostname":"Dereks-MacBook-Pro.local","module":"ingest","msg":"flush batch=167 releases=100 entities=271"}
{"level":30,"time":1778985826459,"pid":72918,"hostname":"Dereks-MacBook-Pro.local","module":"ingest","msg":"flush batch=168 releases=100 entities=287"}
{"level":30,"time":1778985826853,"pid":72918,"hostname":"Dereks-MacBook-Pro.local","module":"ingest","msg":"flush batch=169 releases=100 entities=276"}
{"level":30,"time":1778985826925,"pid":72918,"hostname":"Dereks-MacBook-Pro.local","module":"ingest","msg":"progress records=17000 elapsed=67.2s"}
{"level":30,"time":1778985827255,"pid":72918,"hostname":"Dereks-MacBook-Pro.local","module":"ingest","msg":"flush batch=170 releases=100 entities=287"}
{"level":30,"time":1778985827716,"pid":72918,"hostname":"Dereks-MacBook-Pro.local","module":"ingest","msg":"flush batch=171 releases=100 entities=294"}
{"level":30,"time":1778985828098,"pid":72918,"hostname":"Dereks-MacBook-Pro.local","module":"ingest","msg":"flush batch=172 releases=100 entities=268"}
{"level":30,"time":1778985828495,"pid":72918,"hostname":"Dereks-MacBook-Pro.local","module":"ingest","msg":"flush batch=173 releases=100 entities=270"}
{"level":30,"time":1778985828892,"pid":72918,"hostname":"Dereks-MacBook-Pro.local","module":"ingest","msg":"flush batch=174 releases=100 entities=256"}
{"level":30,"time":1778985829276,"pid":72918,"hostname":"Dereks-MacBook-Pro.local","module":"ingest","msg":"flush batch=175 releases=100 entities=267"}
{"level":30,"time":1778985829667,"pid":72918,"hostname":"Dereks-MacBook-Pro.local","module":"ingest","msg":"flush batch=176 releases=100 entities=275"}
{"level":30,"time":1778985830083,"pid":72918,"hostname":"Dereks-MacBook-Pro.local","module":"ingest","msg":"flush batch=177 releases=100 entities=267"}
{"level":30,"time":1778985830490,"pid":72918,"hostname":"Dereks-MacBook-Pro.local","module":"ingest","msg":"flush batch=178 releases=100 entities=266"}
{"level":30,"time":1778985830907,"pid":72918,"hostname":"Dereks-MacBook-Pro.local","module":"ingest","msg":"flush batch=179 releases=100 entities=272"}
{"level":30,"time":1778985830985,"pid":72918,"hostname":"Dereks-MacBook-Pro.local","module":"ingest","msg":"progress records=18000 elapsed=71.3s"}
{"level":30,"time":1778985831344,"pid":72918,"hostname":"Dereks-MacBook-Pro.local","module":"ingest","msg":"flush batch=180 releases=100 entities=276"}
{"level":30,"time":1778985831721,"pid":72918,"hostname":"Dereks-MacBook-Pro.local","module":"ingest","msg":"flush batch=181 releases=100 entities=266"}
{"level":30,"time":1778985832133,"pid":72918,"hostname":"Dereks-MacBook-Pro.local","module":"ingest","msg":"flush batch=182 releases=100 entities=277"}
{"level":30,"time":1778985832532,"pid":72918,"hostname":"Dereks-MacBook-Pro.local","module":"ingest","msg":"flush batch=183 releases=100 entities=278"}
{"level":30,"time":1778985832985,"pid":72918,"hostname":"Dereks-MacBook-Pro.local","module":"ingest","msg":"flush batch=184 releases=100 entities=284"}
{"level":30,"time":1778985833415,"pid":72918,"hostname":"Dereks-MacBook-Pro.local","module":"ingest","msg":"flush batch=185 releases=100 entities=265"}
{"level":30,"time":1778985833801,"pid":72918,"hostname":"Dereks-MacBook-Pro.local","module":"ingest","msg":"flush batch=186 releases=100 entities=278"}
{"level":30,"time":1778985834198,"pid":72918,"hostname":"Dereks-MacBook-Pro.local","module":"ingest","msg":"flush batch=187 releases=100 entities=284"}
{"level":30,"time":1778985834600,"pid":72918,"hostname":"Dereks-MacBook-Pro.local","module":"ingest","msg":"flush batch=188 releases=100 entities=268"}
{"level":30,"time":1778985834973,"pid":72918,"hostname":"Dereks-MacBook-Pro.local","module":"ingest","msg":"flush batch=189 releases=100 entities=262"}
{"level":30,"time":1778985835034,"pid":72918,"hostname":"Dereks-MacBook-Pro.local","module":"ingest","msg":"progress records=19000 elapsed=75.3s"}
{"level":30,"time":1778985835352,"pid":72918,"hostname":"Dereks-MacBook-Pro.local","module":"ingest","msg":"flush batch=190 releases=100 entities=281"}
{"level":30,"time":1778985835733,"pid":72918,"hostname":"Dereks-MacBook-Pro.local","module":"ingest","msg":"flush batch=191 releases=100 entities=278"}
{"level":30,"time":1778985836140,"pid":72918,"hostname":"Dereks-MacBook-Pro.local","module":"ingest","msg":"flush batch=192 releases=100 entities=293"}
{"level":30,"time":1778985836526,"pid":72918,"hostname":"Dereks-MacBook-Pro.local","module":"ingest","msg":"flush batch=193 releases=100 entities=293"}
{"level":30,"time":1778985836885,"pid":72918,"hostname":"Dereks-MacBook-Pro.local","module":"ingest","msg":"flush batch=194 releases=100 entities=296"}
{"level":30,"time":1778985837273,"pid":72918,"hostname":"Dereks-MacBook-Pro.local","module":"ingest","msg":"flush batch=195 releases=100 entities=291"}
{"level":30,"time":1778985837634,"pid":72918,"hostname":"Dereks-MacBook-Pro.local","module":"ingest","msg":"flush batch=196 releases=100 entities=290"}
{"level":30,"time":1778985838056,"pid":72918,"hostname":"Dereks-MacBook-Pro.local","module":"ingest","msg":"flush batch=197 releases=100 entities=292"}
{"level":30,"time":1778985838433,"pid":72918,"hostname":"Dereks-MacBook-Pro.local","module":"ingest","msg":"flush batch=198 releases=100 entities=289"}
{"level":30,"time":1778985838823,"pid":72918,"hostname":"Dereks-MacBook-Pro.local","module":"ingest","msg":"flush batch=199 releases=100 entities=289"}
{"level":30,"time":1778985838878,"pid":72918,"hostname":"Dereks-MacBook-Pro.local","module":"ingest","msg":"progress records=20000 elapsed=79.2s"}
{"level":30,"time":1778985839216,"pid":72918,"hostname":"Dereks-MacBook-Pro.local","module":"ingest","msg":"flush batch=200 releases=100 entities=283"}
{"level":30,"time":1778985839590,"pid":72918,"hostname":"Dereks-MacBook-Pro.local","module":"ingest","msg":"flush batch=201 releases=100 entities=290"}
{"level":30,"time":1778985839972,"pid":72918,"hostname":"Dereks-MacBook-Pro.local","module":"ingest","msg":"flush batch=202 releases=100 entities=287"}
{"level":30,"time":1778985840370,"pid":72918,"hostname":"Dereks-MacBook-Pro.local","module":"ingest","msg":"flush batch=203 releases=100 entities=295"}
{"level":30,"time":1778985840780,"pid":72918,"hostname":"Dereks-MacBook-Pro.local","module":"ingest","msg":"flush batch=204 releases=100 entities=275"}
{"level":30,"time":1778985841161,"pid":72918,"hostname":"Dereks-MacBook-Pro.local","module":"ingest","msg":"flush batch=205 releases=100 entities=267"}
{"level":30,"time":1778985841545,"pid":72918,"hostname":"Dereks-MacBook-Pro.local","module":"ingest","msg":"flush batch=206 releases=100 entities=258"}
{"level":30,"time":1778985841918,"pid":72918,"hostname":"Dereks-MacBook-Pro.local","module":"ingest","msg":"flush batch=207 releases=100 entities=272"}
{"level":30,"time":1778985842319,"pid":72918,"hostname":"Dereks-MacBook-Pro.local","module":"ingest","msg":"flush batch=208 releases=100 entities=325"}
{"level":30,"time":1778985842696,"pid":72918,"hostname":"Dereks-MacBook-Pro.local","module":"ingest","msg":"flush batch=209 releases=100 entities=292"}
{"level":30,"time":1778985842766,"pid":72918,"hostname":"Dereks-MacBook-Pro.local","module":"ingest","msg":"progress records=21000 elapsed=83.0s"}
{"level":30,"time":1778985843107,"pid":72918,"hostname":"Dereks-MacBook-Pro.local","module":"ingest","msg":"flush batch=210 releases=100 entities=300"}
{"level":30,"time":1778985843495,"pid":72918,"hostname":"Dereks-MacBook-Pro.local","module":"ingest","msg":"flush batch=211 releases=100 entities=274"}
{"level":30,"time":1778985843900,"pid":72918,"hostname":"Dereks-MacBook-Pro.local","module":"ingest","msg":"flush batch=212 releases=100 entities=304"}
{"level":30,"time":1778985844289,"pid":72918,"hostname":"Dereks-MacBook-Pro.local","module":"ingest","msg":"flush batch=213 releases=100 entities=339"}
{"level":30,"time":1778985844653,"pid":72918,"hostname":"Dereks-MacBook-Pro.local","module":"ingest","msg":"flush batch=214 releases=100 entities=298"}
{"level":30,"time":1778985845044,"pid":72918,"hostname":"Dereks-MacBook-Pro.local","module":"ingest","msg":"flush batch=215 releases=100 entities=304"}
{"level":30,"time":1778985845429,"pid":72918,"hostname":"Dereks-MacBook-Pro.local","module":"ingest","msg":"flush batch=216 releases=100 entities=322"}
{"level":30,"time":1778985845807,"pid":72918,"hostname":"Dereks-MacBook-Pro.local","module":"ingest","msg":"flush batch=217 releases=100 entities=305"}
{"level":30,"time":1778985846198,"pid":72918,"hostname":"Dereks-MacBook-Pro.local","module":"ingest","msg":"flush batch=218 releases=100 entities=299"}
{"level":30,"time":1778985846578,"pid":72918,"hostname":"Dereks-MacBook-Pro.local","module":"ingest","msg":"flush batch=219 releases=100 entities=295"}
{"level":30,"time":1778985846639,"pid":72918,"hostname":"Dereks-MacBook-Pro.local","module":"ingest","msg":"progress records=22000 elapsed=86.9s"}
{"level":30,"time":1778985846951,"pid":72918,"hostname":"Dereks-MacBook-Pro.local","module":"ingest","msg":"flush batch=220 releases=100 entities=297"}
{"level":30,"time":1778985847364,"pid":72918,"hostname":"Dereks-MacBook-Pro.local","module":"ingest","msg":"flush batch=221 releases=100 entities=300"}
{"level":30,"time":1778985847752,"pid":72918,"hostname":"Dereks-MacBook-Pro.local","module":"ingest","msg":"flush batch=222 releases=100 entities=299"}
{"level":30,"time":1778985848111,"pid":72918,"hostname":"Dereks-MacBook-Pro.local","module":"ingest","msg":"flush batch=223 releases=100 entities=298"}
{"level":30,"time":1778985848495,"pid":72918,"hostname":"Dereks-MacBook-Pro.local","module":"ingest","msg":"flush batch=224 releases=100 entities=297"}
{"level":30,"time":1778985848895,"pid":72918,"hostname":"Dereks-MacBook-Pro.local","module":"ingest","msg":"flush batch=225 releases=100 entities=299"}
{"level":30,"time":1778985849270,"pid":72918,"hostname":"Dereks-MacBook-Pro.local","module":"ingest","msg":"flush batch=226 releases=100 entities=292"}
{"level":30,"time":1778985849621,"pid":72918,"hostname":"Dereks-MacBook-Pro.local","module":"ingest","msg":"flush batch=227 releases=100 entities=294"}
{"level":30,"time":1778985850012,"pid":72918,"hostname":"Dereks-MacBook-Pro.local","module":"ingest","msg":"flush batch=228 releases=100 entities=299"}
{"level":30,"time":1778985850387,"pid":72918,"hostname":"Dereks-MacBook-Pro.local","module":"ingest","msg":"flush batch=229 releases=100 entities=292"}
{"level":30,"time":1778985850461,"pid":72918,"hostname":"Dereks-MacBook-Pro.local","module":"ingest","msg":"progress records=23000 elapsed=90.7s"}
{"level":30,"time":1778985850775,"pid":72918,"hostname":"Dereks-MacBook-Pro.local","module":"ingest","msg":"flush batch=230 releases=100 entities=305"}
{"level":30,"time":1778985851196,"pid":72918,"hostname":"Dereks-MacBook-Pro.local","module":"ingest","msg":"flush batch=231 releases=100 entities=301"}
{"level":30,"time":1778985851638,"pid":72918,"hostname":"Dereks-MacBook-Pro.local","module":"ingest","msg":"flush batch=232 releases=100 entities=300"}
{"level":30,"time":1778985852011,"pid":72918,"hostname":"Dereks-MacBook-Pro.local","module":"ingest","msg":"flush batch=233 releases=100 entities=280"}
{"level":30,"time":1778985852398,"pid":72918,"hostname":"Dereks-MacBook-Pro.local","module":"ingest","msg":"flush batch=234 releases=100 entities=292"}
{"level":30,"time":1778985852782,"pid":72918,"hostname":"Dereks-MacBook-Pro.local","module":"ingest","msg":"flush batch=235 releases=100 entities=304"}
{"level":30,"time":1778985853149,"pid":72918,"hostname":"Dereks-MacBook-Pro.local","module":"ingest","msg":"flush batch=236 releases=100 entities=304"}
{"level":30,"time":1778985853521,"pid":72918,"hostname":"Dereks-MacBook-Pro.local","module":"ingest","msg":"flush batch=237 releases=100 entities=316"}
{"level":30,"time":1778985853889,"pid":72918,"hostname":"Dereks-MacBook-Pro.local","module":"ingest","msg":"flush batch=238 releases=100 entities=316"}
{"level":30,"time":1778985854264,"pid":72918,"hostname":"Dereks-MacBook-Pro.local","module":"ingest","msg":"flush batch=239 releases=100 entities=294"}
{"level":30,"time":1778985854312,"pid":72918,"hostname":"Dereks-MacBook-Pro.local","module":"ingest","msg":"progress records=24000 elapsed=94.6s"}
{"level":30,"time":1778985854622,"pid":72918,"hostname":"Dereks-MacBook-Pro.local","module":"ingest","msg":"flush batch=240 releases=100 entities=297"}
{"level":30,"time":1778985854998,"pid":72918,"hostname":"Dereks-MacBook-Pro.local","module":"ingest","msg":"flush batch=241 releases=100 entities=299"}
{"level":30,"time":1778985855373,"pid":72918,"hostname":"Dereks-MacBook-Pro.local","module":"ingest","msg":"flush batch=242 releases=100 entities=296"}
{"level":30,"time":1778985855743,"pid":72918,"hostname":"Dereks-MacBook-Pro.local","module":"ingest","msg":"flush batch=243 releases=100 entities=301"}
{"level":30,"time":1778985856111,"pid":72918,"hostname":"Dereks-MacBook-Pro.local","module":"ingest","msg":"flush batch=244 releases=100 entities=283"}
{"level":30,"time":1778985856508,"pid":72918,"hostname":"Dereks-MacBook-Pro.local","module":"ingest","msg":"flush batch=245 releases=100 entities=296"}
{"level":30,"time":1778985856942,"pid":72918,"hostname":"Dereks-MacBook-Pro.local","module":"ingest","msg":"flush batch=246 releases=100 entities=298"}
{"level":30,"time":1778985857311,"pid":72918,"hostname":"Dereks-MacBook-Pro.local","module":"ingest","msg":"flush batch=247 releases=100 entities=304"}
{"level":30,"time":1778985857691,"pid":72918,"hostname":"Dereks-MacBook-Pro.local","module":"ingest","msg":"flush batch=248 releases=100 entities=309"}
{"level":30,"time":1778985858070,"pid":72918,"hostname":"Dereks-MacBook-Pro.local","module":"ingest","msg":"flush batch=249 releases=100 entities=297"}
{"level":30,"time":1778985858130,"pid":72918,"hostname":"Dereks-MacBook-Pro.local","module":"ingest","msg":"progress records=25000 elapsed=98.4s"}
{"level":30,"time":1778985858479,"pid":72918,"hostname":"Dereks-MacBook-Pro.local","module":"ingest","msg":"flush batch=250 releases=100 entities=299"}
{"level":30,"time":1778985858841,"pid":72918,"hostname":"Dereks-MacBook-Pro.local","module":"ingest","msg":"flush batch=251 releases=100 entities=300"}
{"level":30,"time":1778985859248,"pid":72918,"hostname":"Dereks-MacBook-Pro.local","module":"ingest","msg":"flush batch=252 releases=100 entities=300"}
{"level":30,"time":1778985859629,"pid":72918,"hostname":"Dereks-MacBook-Pro.local","module":"ingest","msg":"flush batch=253 releases=100 entities=300"}
{"level":30,"time":1778985860016,"pid":72918,"hostname":"Dereks-MacBook-Pro.local","module":"ingest","msg":"flush batch=254 releases=100 entities=298"}
{"level":30,"time":1778985860421,"pid":72918,"hostname":"Dereks-MacBook-Pro.local","module":"ingest","msg":"flush batch=255 releases=100 entities=300"}
{"level":30,"time":1778985860831,"pid":72918,"hostname":"Dereks-MacBook-Pro.local","module":"ingest","msg":"flush batch=256 releases=100 entities=299"}
{"level":30,"time":1778985861280,"pid":72918,"hostname":"Dereks-MacBook-Pro.local","module":"ingest","msg":"flush batch=257 releases=100 entities=299"}
{"level":30,"time":1778985861714,"pid":72918,"hostname":"Dereks-MacBook-Pro.local","module":"ingest","msg":"flush batch=258 releases=100 entities=301"}
{"level":30,"time":1778985862163,"pid":72918,"hostname":"Dereks-MacBook-Pro.local","module":"ingest","msg":"flush batch=259 releases=100 entities=296"}
{"level":30,"time":1778985862235,"pid":72918,"hostname":"Dereks-MacBook-Pro.local","module":"ingest","msg":"progress records=26000 elapsed=102.5s"}
{"level":30,"time":1778985862601,"pid":72918,"hostname":"Dereks-MacBook-Pro.local","module":"ingest","msg":"flush batch=260 releases=100 entities=295"}
{"level":30,"time":1778985863004,"pid":72918,"hostname":"Dereks-MacBook-Pro.local","module":"ingest","msg":"flush batch=261 releases=100 entities=303"}
{"level":30,"time":1778985863388,"pid":72918,"hostname":"Dereks-MacBook-Pro.local","module":"ingest","msg":"flush batch=262 releases=100 entities=241"}
{"level":30,"time":1778985863816,"pid":72918,"hostname":"Dereks-MacBook-Pro.local","module":"ingest","msg":"flush batch=263 releases=100 entities=294"}
{"level":30,"time":1778985864226,"pid":72918,"hostname":"Dereks-MacBook-Pro.local","module":"ingest","msg":"flush batch=264 releases=100 entities=290"}
{"level":30,"time":1778985864634,"pid":72918,"hostname":"Dereks-MacBook-Pro.local","module":"ingest","msg":"flush batch=265 releases=100 entities=299"}
{"level":30,"time":1778985865043,"pid":72918,"hostname":"Dereks-MacBook-Pro.local","module":"ingest","msg":"flush batch=266 releases=100 entities=297"}
{"level":30,"time":1778985865418,"pid":72918,"hostname":"Dereks-MacBook-Pro.local","module":"ingest","msg":"flush batch=267 releases=100 entities=298"}
{"level":30,"time":1778985865796,"pid":72918,"hostname":"Dereks-MacBook-Pro.local","module":"ingest","msg":"flush batch=268 releases=100 entities=288"}
{"level":30,"time":1778985866202,"pid":72918,"hostname":"Dereks-MacBook-Pro.local","module":"ingest","msg":"flush batch=269 releases=100 entities=295"}
{"level":30,"time":1778985866273,"pid":72918,"hostname":"Dereks-MacBook-Pro.local","module":"ingest","msg":"progress records=27000 elapsed=106.5s"}
{"level":30,"time":1778985866601,"pid":72918,"hostname":"Dereks-MacBook-Pro.local","module":"ingest","msg":"flush batch=270 releases=100 entities=295"}
{"level":30,"time":1778985867035,"pid":72918,"hostname":"Dereks-MacBook-Pro.local","module":"ingest","msg":"flush batch=271 releases=100 entities=298"}
{"level":30,"time":1778985867405,"pid":72918,"hostname":"Dereks-MacBook-Pro.local","module":"ingest","msg":"flush batch=272 releases=100 entities=298"}
{"level":30,"time":1778985867779,"pid":72918,"hostname":"Dereks-MacBook-Pro.local","module":"ingest","msg":"flush batch=273 releases=100 entities=299"}
{"level":30,"time":1778985868152,"pid":72918,"hostname":"Dereks-MacBook-Pro.local","module":"ingest","msg":"flush batch=274 releases=100 entities=300"}
{"level":30,"time":1778985868525,"pid":72918,"hostname":"Dereks-MacBook-Pro.local","module":"ingest","msg":"flush batch=275 releases=100 entities=301"}
{"level":30,"time":1778985868919,"pid":72918,"hostname":"Dereks-MacBook-Pro.local","module":"ingest","msg":"flush batch=276 releases=100 entities=294"}
{"level":30,"time":1778985869337,"pid":72918,"hostname":"Dereks-MacBook-Pro.local","module":"ingest","msg":"flush batch=277 releases=100 entities=296"}
{"level":30,"time":1778985869763,"pid":72918,"hostname":"Dereks-MacBook-Pro.local","module":"ingest","msg":"flush batch=278 releases=100 entities=296"}
{"level":30,"time":1778985870167,"pid":72918,"hostname":"Dereks-MacBook-Pro.local","module":"ingest","msg":"flush batch=279 releases=100 entities=290"}
{"level":30,"time":1778985870239,"pid":72918,"hostname":"Dereks-MacBook-Pro.local","module":"ingest","msg":"progress records=28000 elapsed=110.5s"}
{"level":30,"time":1778985870572,"pid":72918,"hostname":"Dereks-MacBook-Pro.local","module":"ingest","msg":"flush batch=280 releases=100 entities=302"}
{"level":30,"time":1778985870923,"pid":72918,"hostname":"Dereks-MacBook-Pro.local","module":"ingest","msg":"flush batch=281 (final) releases=80 entities=240"}
{"level":30,"time":1778985870924,"pid":72918,"hostname":"Dereks-MacBook-Pro.local","module":"ingest","msg":"done records=28080 entities=77019 elapsed=111.2s"}
{"level":30,"time":1778985871107,"pid":72918,"hostname":"Dereks-MacBook-Pro.local","module":"cli","msg":"[ingest] 2025-11 → 28080 records ingested (run run-2026-05-17T02:42:35.857Z)"}
