{"level":30,"time":1778985121836,"pid":69662,"hostname":"Dereks-MacBook-Pro.local","module":"ingest","msg":"start year=2026 month=3 runId=run-2026-05-17T02:31:57.784Z"}
{"level":30,"time":1778985125749,"pid":69662,"hostname":"Dereks-MacBook-Pro.local","module":"ingest","msg":"download complete path=/var/folders/rj/x0yz6y3j2q70rlz0phst404c0000gn/T/gc-2026-3.zip bytes=32139227"}
{"level":30,"time":1778985126342,"pid":69662,"hostname":"Dereks-MacBook-Pro.local","module":"ingest","msg":"flush batch=1 releases=100 entities=276"}
{"level":30,"time":1778985126705,"pid":69662,"hostname":"Dereks-MacBook-Pro.local","module":"ingest","msg":"flush batch=2 releases=100 entities=234"}
{"level":30,"time":1778985127120,"pid":69662,"hostname":"Dereks-MacBook-Pro.local","module":"ingest","msg":"flush batch=3 releases=100 entities=276"}
{"level":30,"time":1778985127485,"pid":69662,"hostname":"Dereks-MacBook-Pro.local","module":"ingest","msg":"flush batch=4 releases=100 entities=238"}
{"level":30,"time":1778985127842,"pid":69662,"hostname":"Dereks-MacBook-Pro.local","module":"ingest","msg":"flush batch=5 releases=100 entities=235"}
{"level":30,"time":1778985128212,"pid":69662,"hostname":"Dereks-MacBook-Pro.local","module":"ingest","msg":"flush batch=6 releases=100 entities=253"}
{"level":30,"time":1778985128583,"pid":69662,"hostname":"Dereks-MacBook-Pro.local","module":"ingest","msg":"flush batch=7 releases=100 entities=243"}
{"level":30,"time":1778985128913,"pid":69662,"hostname":"Dereks-MacBook-Pro.local","module":"ingest","msg":"flush batch=8 releases=100 entities=208"}
{"level":30,"time":1778985129285,"pid":69662,"hostname":"Dereks-MacBook-Pro.local","module":"ingest","msg":"flush batch=9 releases=100 entities=242"}
{"level":30,"time":1778985129340,"pid":69662,"hostname":"Dereks-MacBook-Pro.local","module":"ingest","msg":"progress records=1000 elapsed=7.5s"}
{"level":30,"time":1778985129663,"pid":69662,"hostname":"Dereks-MacBook-Pro.local","module":"ingest","msg":"flush batch=10 releases=100 entities=257"}
{"level":30,"time":1778985129996,"pid":69662,"hostname":"Dereks-MacBook-Pro.local","module":"ingest","msg":"flush batch=11 releases=100 entities=258"}
{"level":30,"time":1778985130352,"pid":69662,"hostname":"Dereks-MacBook-Pro.local","module":"ingest","msg":"flush batch=12 releases=100 entities=244"}
{"level":30,"time":1778985130686,"pid":69662,"hostname":"Dereks-MacBook-Pro.local","module":"ingest","msg":"flush batch=13 releases=100 entities=217"}
{"level":30,"time":1778985131044,"pid":69662,"hostname":"Dereks-MacBook-Pro.local","module":"ingest","msg":"flush batch=14 releases=100 entities=238"}
{"level":30,"time":1778985131420,"pid":69662,"hostname":"Dereks-MacBook-Pro.local","module":"ingest","msg":"flush batch=15 releases=100 entities=246"}
{"level":30,"time":1778985131773,"pid":69662,"hostname":"Dereks-MacBook-Pro.local","module":"ingest","msg":"flush batch=16 releases=100 entities=250"}
{"level":30,"time":1778985132128,"pid":69662,"hostname":"Dereks-MacBook-Pro.local","module":"ingest","msg":"flush batch=17 releases=100 entities=229"}
{"level":30,"time":1778985132478,"pid":69662,"hostname":"Dereks-MacBook-Pro.local","module":"ingest","msg":"flush batch=18 releases=100 entities=246"}
{"level":30,"time":1778985132826,"pid":69662,"hostname":"Dereks-MacBook-Pro.local","module":"ingest","msg":"flush batch=19 releases=100 entities=246"}
{"level":30,"time":1778985132872,"pid":69662,"hostname":"Dereks-MacBook-Pro.local","module":"ingest","msg":"progress records=2000 elapsed=11.0s"}
{"level":30,"time":1778985133170,"pid":69662,"hostname":"Dereks-MacBook-Pro.local","module":"ingest","msg":"flush batch=20 releases=100 entities=225"}
{"level":30,"time":1778985133506,"pid":69662,"hostname":"Dereks-MacBook-Pro.local","module":"ingest","msg":"flush batch=21 releases=100 entities=219"}
{"level":30,"time":1778985133868,"pid":69662,"hostname":"Dereks-MacBook-Pro.local","module":"ingest","msg":"flush batch=22 releases=100 entities=242"}
{"level":30,"time":1778985134205,"pid":69662,"hostname":"Dereks-MacBook-Pro.local","module":"ingest","msg":"flush batch=23 releases=100 entities=236"}
{"level":30,"time":1778985134569,"pid":69662,"hostname":"Dereks-MacBook-Pro.local","module":"ingest","msg":"flush batch=24 releases=100 entities=267"}
{"level":30,"time":1778985134899,"pid":69662,"hostname":"Dereks-MacBook-Pro.local","module":"ingest","msg":"flush batch=25 releases=100 entities=261"}
{"level":30,"time":1778985135275,"pid":69662,"hostname":"Dereks-MacBook-Pro.local","module":"ingest","msg":"flush batch=26 releases=100 entities=249"}
{"level":30,"time":1778985135634,"pid":69662,"hostname":"Dereks-MacBook-Pro.local","module":"ingest","msg":"flush batch=27 releases=100 entities=262"}
{"level":30,"time":1778985135995,"pid":69662,"hostname":"Dereks-MacBook-Pro.local","module":"ingest","msg":"flush batch=28 releases=100 entities=228"}
{"level":30,"time":1778985136369,"pid":69662,"hostname":"Dereks-MacBook-Pro.local","module":"ingest","msg":"flush batch=29 releases=100 entities=241"}
{"level":30,"time":1778985136427,"pid":69662,"hostname":"Dereks-MacBook-Pro.local","module":"ingest","msg":"progress records=3000 elapsed=14.6s"}
{"level":30,"time":1778985136745,"pid":69662,"hostname":"Dereks-MacBook-Pro.local","module":"ingest","msg":"flush batch=30 releases=100 entities=247"}
{"level":30,"time":1778985137168,"pid":69662,"hostname":"Dereks-MacBook-Pro.local","module":"ingest","msg":"flush batch=31 releases=100 entities=258"}
{"level":30,"time":1778985137546,"pid":69662,"hostname":"Dereks-MacBook-Pro.local","module":"ingest","msg":"flush batch=32 releases=100 entities=248"}
{"level":30,"time":1778985137930,"pid":69662,"hostname":"Dereks-MacBook-Pro.local","module":"ingest","msg":"flush batch=33 releases=100 entities=265"}
{"level":30,"time":1778985138342,"pid":69662,"hostname":"Dereks-MacBook-Pro.local","module":"ingest","msg":"flush batch=34 releases=100 entities=242"}
{"level":30,"time":1778985138700,"pid":69662,"hostname":"Dereks-MacBook-Pro.local","module":"ingest","msg":"flush batch=35 releases=100 entities=233"}
{"level":30,"time":1778985139055,"pid":69662,"hostname":"Dereks-MacBook-Pro.local","module":"ingest","msg":"flush batch=36 releases=100 entities=225"}
{"level":30,"time":1778985139427,"pid":69662,"hostname":"Dereks-MacBook-Pro.local","module":"ingest","msg":"flush batch=37 releases=100 entities=244"}
{"level":30,"time":1778985139797,"pid":69662,"hostname":"Dereks-MacBook-Pro.local","module":"ingest","msg":"flush batch=38 releases=100 entities=242"}
{"level":30,"time":1778985140210,"pid":69662,"hostname":"Dereks-MacBook-Pro.local","module":"ingest","msg":"flush batch=39 releases=100 entities=245"}
{"level":30,"time":1778985140277,"pid":69662,"hostname":"Dereks-MacBook-Pro.local","module":"ingest","msg":"progress records=4000 elapsed=18.4s"}
{"level":30,"time":1778985140607,"pid":69662,"hostname":"Dereks-MacBook-Pro.local","module":"ingest","msg":"flush batch=40 releases=100 entities=247"}
{"level":30,"time":1778985141074,"pid":69662,"hostname":"Dereks-MacBook-Pro.local","module":"ingest","msg":"flush batch=41 releases=100 entities=236"}
{"level":30,"time":1778985141467,"pid":69662,"hostname":"Dereks-MacBook-Pro.local","module":"ingest","msg":"flush batch=42 releases=100 entities=225"}
{"level":30,"time":1778985141826,"pid":69662,"hostname":"Dereks-MacBook-Pro.local","module":"ingest","msg":"flush batch=43 releases=100 entities=227"}
{"level":30,"time":1778985142199,"pid":69662,"hostname":"Dereks-MacBook-Pro.local","module":"ingest","msg":"flush batch=44 releases=100 entities=234"}
{"level":30,"time":1778985142558,"pid":69662,"hostname":"Dereks-MacBook-Pro.local","module":"ingest","msg":"flush batch=45 releases=100 entities=243"}
{"level":30,"time":1778985142925,"pid":69662,"hostname":"Dereks-MacBook-Pro.local","module":"ingest","msg":"flush batch=46 releases=100 entities=246"}
{"level":30,"time":1778985143306,"pid":69662,"hostname":"Dereks-MacBook-Pro.local","module":"ingest","msg":"flush batch=47 releases=100 entities=263"}
{"level":30,"time":1778985143650,"pid":69662,"hostname":"Dereks-MacBook-Pro.local","module":"ingest","msg":"flush batch=48 releases=100 entities=207"}
{"level":30,"time":1778985143999,"pid":69662,"hostname":"Dereks-MacBook-Pro.local","module":"ingest","msg":"flush batch=49 releases=100 entities=236"}
{"level":30,"time":1778985144067,"pid":69662,"hostname":"Dereks-MacBook-Pro.local","module":"ingest","msg":"progress records=5000 elapsed=22.2s"}
{"level":30,"time":1778985144390,"pid":69662,"hostname":"Dereks-MacBook-Pro.local","module":"ingest","msg":"flush batch=50 releases=100 entities=263"}
{"level":30,"time":1778985144766,"pid":69662,"hostname":"Dereks-MacBook-Pro.local","module":"ingest","msg":"flush batch=51 releases=100 entities=277"}
{"level":30,"time":1778985145133,"pid":69662,"hostname":"Dereks-MacBook-Pro.local","module":"ingest","msg":"flush batch=52 releases=100 entities=257"}
{"level":30,"time":1778985145514,"pid":69662,"hostname":"Dereks-MacBook-Pro.local","module":"ingest","msg":"flush batch=53 releases=100 entities=253"}
{"level":30,"time":1778985145891,"pid":69662,"hostname":"Dereks-MacBook-Pro.local","module":"ingest","msg":"flush batch=54 releases=100 entities=257"}
{"level":30,"time":1778985146242,"pid":69662,"hostname":"Dereks-MacBook-Pro.local","module":"ingest","msg":"flush batch=55 releases=100 entities=237"}
{"level":30,"time":1778985146593,"pid":69662,"hostname":"Dereks-MacBook-Pro.local","module":"ingest","msg":"flush batch=56 releases=100 entities=241"}
{"level":30,"time":1778985146948,"pid":69662,"hostname":"Dereks-MacBook-Pro.local","module":"ingest","msg":"flush batch=57 releases=100 entities=249"}
{"level":30,"time":1778985147323,"pid":69662,"hostname":"Dereks-MacBook-Pro.local","module":"ingest","msg":"flush batch=58 releases=100 entities=274"}
{"level":30,"time":1778985147690,"pid":69662,"hostname":"Dereks-MacBook-Pro.local","module":"ingest","msg":"flush batch=59 releases=100 entities=243"}
{"level":30,"time":1778985147749,"pid":69662,"hostname":"Dereks-MacBook-Pro.local","module":"ingest","msg":"progress records=6000 elapsed=25.9s"}
{"level":30,"time":1778985148051,"pid":69662,"hostname":"Dereks-MacBook-Pro.local","module":"ingest","msg":"flush batch=60 releases=100 entities=234"}
{"level":30,"time":1778985148426,"pid":69662,"hostname":"Dereks-MacBook-Pro.local","module":"ingest","msg":"flush batch=61 releases=100 entities=269"}
{"level":30,"time":1778985148807,"pid":69662,"hostname":"Dereks-MacBook-Pro.local","module":"ingest","msg":"flush batch=62 releases=100 entities=266"}
{"level":30,"time":1778985149190,"pid":69662,"hostname":"Dereks-MacBook-Pro.local","module":"ingest","msg":"flush batch=63 releases=100 entities=268"}
{"level":30,"time":1778985149556,"pid":69662,"hostname":"Dereks-MacBook-Pro.local","module":"ingest","msg":"flush batch=64 releases=100 entities=263"}
{"level":30,"time":1778985149904,"pid":69662,"hostname":"Dereks-MacBook-Pro.local","module":"ingest","msg":"flush batch=65 releases=100 entities=270"}
{"level":30,"time":1778985150263,"pid":69662,"hostname":"Dereks-MacBook-Pro.local","module":"ingest","msg":"flush batch=66 releases=100 entities=259"}
{"level":30,"time":1778985150646,"pid":69662,"hostname":"Dereks-MacBook-Pro.local","module":"ingest","msg":"flush batch=67 releases=100 entities=270"}
{"level":30,"time":1778985151015,"pid":69662,"hostname":"Dereks-MacBook-Pro.local","module":"ingest","msg":"flush batch=68 releases=100 entities=263"}
{"level":30,"time":1778985151375,"pid":69662,"hostname":"Dereks-MacBook-Pro.local","module":"ingest","msg":"flush batch=69 releases=100 entities=266"}
{"level":30,"time":1778985151438,"pid":69662,"hostname":"Dereks-MacBook-Pro.local","module":"ingest","msg":"progress records=7000 elapsed=29.6s"}
{"level":30,"time":1778985151757,"pid":69662,"hostname":"Dereks-MacBook-Pro.local","module":"ingest","msg":"flush batch=70 releases=100 entities=259"}
{"level":30,"time":1778985152142,"pid":69662,"hostname":"Dereks-MacBook-Pro.local","module":"ingest","msg":"flush batch=71 releases=100 entities=272"}
{"level":30,"time":1778985152489,"pid":69662,"hostname":"Dereks-MacBook-Pro.local","module":"ingest","msg":"flush batch=72 releases=100 entities=213"}
{"level":30,"time":1778985152873,"pid":69662,"hostname":"Dereks-MacBook-Pro.local","module":"ingest","msg":"flush batch=73 releases=100 entities=260"}
{"level":30,"time":1778985153223,"pid":69662,"hostname":"Dereks-MacBook-Pro.local","module":"ingest","msg":"flush batch=74 releases=100 entities=261"}
{"level":30,"time":1778985153583,"pid":69662,"hostname":"Dereks-MacBook-Pro.local","module":"ingest","msg":"flush batch=75 releases=100 entities=253"}
{"level":30,"time":1778985153955,"pid":69662,"hostname":"Dereks-MacBook-Pro.local","module":"ingest","msg":"flush batch=76 releases=100 entities=228"}
{"level":30,"time":1778985154339,"pid":69662,"hostname":"Dereks-MacBook-Pro.local","module":"ingest","msg":"flush batch=77 releases=100 entities=288"}
{"level":30,"time":1778985154736,"pid":69662,"hostname":"Dereks-MacBook-Pro.local","module":"ingest","msg":"flush batch=78 releases=100 entities=268"}
{"level":30,"time":1778985155107,"pid":69662,"hostname":"Dereks-MacBook-Pro.local","module":"ingest","msg":"flush batch=79 releases=100 entities=272"}
{"level":30,"time":1778985155168,"pid":69662,"hostname":"Dereks-MacBook-Pro.local","module":"ingest","msg":"progress records=8000 elapsed=33.3s"}
{"level":30,"time":1778985155471,"pid":69662,"hostname":"Dereks-MacBook-Pro.local","module":"ingest","msg":"flush batch=80 releases=100 entities=257"}
{"level":30,"time":1778985155836,"pid":69662,"hostname":"Dereks-MacBook-Pro.local","module":"ingest","msg":"flush batch=81 releases=100 entities=272"}
{"level":30,"time":1778985156213,"pid":69662,"hostname":"Dereks-MacBook-Pro.local","module":"ingest","msg":"flush batch=82 releases=100 entities=262"}
{"level":30,"time":1778985156587,"pid":69662,"hostname":"Dereks-MacBook-Pro.local","module":"ingest","msg":"flush batch=83 releases=100 entities=264"}
{"level":30,"time":1778985156972,"pid":69662,"hostname":"Dereks-MacBook-Pro.local","module":"ingest","msg":"flush batch=84 releases=100 entities=260"}
{"level":30,"time":1778985157382,"pid":69662,"hostname":"Dereks-MacBook-Pro.local","module":"ingest","msg":"flush batch=85 releases=100 entities=269"}
{"level":30,"time":1778985157753,"pid":69662,"hostname":"Dereks-MacBook-Pro.local","module":"ingest","msg":"flush batch=86 releases=100 entities=267"}
{"level":30,"time":1778985158187,"pid":69662,"hostname":"Dereks-MacBook-Pro.local","module":"ingest","msg":"flush batch=87 releases=100 entities=263"}
{"level":30,"time":1778985158568,"pid":69662,"hostname":"Dereks-MacBook-Pro.local","module":"ingest","msg":"flush batch=88 releases=100 entities=262"}
{"level":30,"time":1778985158968,"pid":69662,"hostname":"Dereks-MacBook-Pro.local","module":"ingest","msg":"flush batch=89 releases=100 entities=269"}
{"level":30,"time":1778985159022,"pid":69662,"hostname":"Dereks-MacBook-Pro.local","module":"ingest","msg":"progress records=9000 elapsed=37.2s"}
{"level":30,"time":1778985159319,"pid":69662,"hostname":"Dereks-MacBook-Pro.local","module":"ingest","msg":"flush batch=90 releases=100 entities=222"}
{"level":30,"time":1778985159676,"pid":69662,"hostname":"Dereks-MacBook-Pro.local","module":"ingest","msg":"flush batch=91 releases=100 entities=243"}
{"level":30,"time":1778985160030,"pid":69662,"hostname":"Dereks-MacBook-Pro.local","module":"ingest","msg":"flush batch=92 releases=100 entities=261"}
{"level":30,"time":1778985160406,"pid":69662,"hostname":"Dereks-MacBook-Pro.local","module":"ingest","msg":"flush batch=93 releases=100 entities=254"}
{"level":30,"time":1778985160767,"pid":69662,"hostname":"Dereks-MacBook-Pro.local","module":"ingest","msg":"flush batch=94 releases=100 entities=253"}
{"level":30,"time":1778985161131,"pid":69662,"hostname":"Dereks-MacBook-Pro.local","module":"ingest","msg":"flush batch=95 releases=100 entities=269"}
{"level":30,"time":1778985161497,"pid":69662,"hostname":"Dereks-MacBook-Pro.local","module":"ingest","msg":"flush batch=96 releases=100 entities=259"}
{"level":30,"time":1778985161862,"pid":69662,"hostname":"Dereks-MacBook-Pro.local","module":"ingest","msg":"flush batch=97 releases=100 entities=252"}
{"level":30,"time":1778985162221,"pid":69662,"hostname":"Dereks-MacBook-Pro.local","module":"ingest","msg":"flush batch=98 releases=100 entities=241"}
{"level":30,"time":1778985162589,"pid":69662,"hostname":"Dereks-MacBook-Pro.local","module":"ingest","msg":"flush batch=99 releases=100 entities=264"}
{"level":30,"time":1778985162648,"pid":69662,"hostname":"Dereks-MacBook-Pro.local","module":"ingest","msg":"progress records=10000 elapsed=40.8s"}
{"level":30,"time":1778985162958,"pid":69662,"hostname":"Dereks-MacBook-Pro.local","module":"ingest","msg":"flush batch=100 releases=100 entities=255"}
{"level":30,"time":1778985163315,"pid":69662,"hostname":"Dereks-MacBook-Pro.local","module":"ingest","msg":"flush batch=101 releases=100 entities=252"}
{"level":30,"time":1778985163669,"pid":69662,"hostname":"Dereks-MacBook-Pro.local","module":"ingest","msg":"flush batch=102 releases=100 entities=232"}
{"level":30,"time":1778985164046,"pid":69662,"hostname":"Dereks-MacBook-Pro.local","module":"ingest","msg":"flush batch=103 releases=100 entities=271"}
{"level":30,"time":1778985164433,"pid":69662,"hostname":"Dereks-MacBook-Pro.local","module":"ingest","msg":"flush batch=104 releases=100 entities=270"}
{"level":30,"time":1778985164822,"pid":69662,"hostname":"Dereks-MacBook-Pro.local","module":"ingest","msg":"flush batch=105 releases=100 entities=277"}
{"level":30,"time":1778985165188,"pid":69662,"hostname":"Dereks-MacBook-Pro.local","module":"ingest","msg":"flush batch=106 releases=100 entities=272"}
{"level":30,"time":1778985165587,"pid":69662,"hostname":"Dereks-MacBook-Pro.local","module":"ingest","msg":"flush batch=107 releases=100 entities=267"}
{"level":30,"time":1778985165981,"pid":69662,"hostname":"Dereks-MacBook-Pro.local","module":"ingest","msg":"flush batch=108 releases=100 entities=277"}
{"level":30,"time":1778985166349,"pid":69662,"hostname":"Dereks-MacBook-Pro.local","module":"ingest","msg":"flush batch=109 releases=100 entities=224"}
{"level":30,"time":1778985166403,"pid":69662,"hostname":"Dereks-MacBook-Pro.local","module":"ingest","msg":"progress records=11000 elapsed=44.6s"}
{"level":30,"time":1778985166693,"pid":69662,"hostname":"Dereks-MacBook-Pro.local","module":"ingest","msg":"flush batch=110 releases=100 entities=265"}
{"level":30,"time":1778985167099,"pid":69662,"hostname":"Dereks-MacBook-Pro.local","module":"ingest","msg":"flush batch=111 releases=100 entities=273"}
{"level":30,"time":1778985167510,"pid":69662,"hostname":"Dereks-MacBook-Pro.local","module":"ingest","msg":"flush batch=112 releases=100 entities=267"}
{"level":30,"time":1778985167897,"pid":69662,"hostname":"Dereks-MacBook-Pro.local","module":"ingest","msg":"flush batch=113 releases=100 entities=269"}
{"level":30,"time":1778985168299,"pid":69662,"hostname":"Dereks-MacBook-Pro.local","module":"ingest","msg":"flush batch=114 releases=100 entities=265"}
{"level":30,"time":1778985168682,"pid":69662,"hostname":"Dereks-MacBook-Pro.local","module":"ingest","msg":"flush batch=115 releases=100 entities=263"}
{"level":30,"time":1778985169096,"pid":69662,"hostname":"Dereks-MacBook-Pro.local","module":"ingest","msg":"flush batch=116 releases=100 entities=286"}
{"level":30,"time":1778985169517,"pid":69662,"hostname":"Dereks-MacBook-Pro.local","module":"ingest","msg":"flush batch=117 releases=100 entities=279"}
{"level":30,"time":1778985169911,"pid":69662,"hostname":"Dereks-MacBook-Pro.local","module":"ingest","msg":"flush batch=118 releases=100 entities=276"}
{"level":30,"time":1778985170300,"pid":69662,"hostname":"Dereks-MacBook-Pro.local","module":"ingest","msg":"flush batch=119 releases=100 entities=278"}
{"level":30,"time":1778985170351,"pid":69662,"hostname":"Dereks-MacBook-Pro.local","module":"ingest","msg":"progress records=12000 elapsed=48.5s"}
{"level":30,"time":1778985170736,"pid":69662,"hostname":"Dereks-MacBook-Pro.local","module":"ingest","msg":"flush batch=120 releases=100 entities=278"}
{"level":30,"time":1778985171162,"pid":69662,"hostname":"Dereks-MacBook-Pro.local","module":"ingest","msg":"flush batch=121 releases=100 entities=232"}
{"level":30,"time":1778985171565,"pid":69662,"hostname":"Dereks-MacBook-Pro.local","module":"ingest","msg":"flush batch=122 releases=100 entities=273"}
{"level":30,"time":1778985171984,"pid":69662,"hostname":"Dereks-MacBook-Pro.local","module":"ingest","msg":"flush batch=123 releases=100 entities=276"}
{"level":30,"time":1778985172347,"pid":69662,"hostname":"Dereks-MacBook-Pro.local","module":"ingest","msg":"flush batch=124 releases=100 entities=286"}
{"level":30,"time":1778985172716,"pid":69662,"hostname":"Dereks-MacBook-Pro.local","module":"ingest","msg":"flush batch=125 releases=100 entities=261"}
{"level":30,"time":1778985173069,"pid":69662,"hostname":"Dereks-MacBook-Pro.local","module":"ingest","msg":"flush batch=126 releases=100 entities=270"}
{"level":30,"time":1778985173438,"pid":69662,"hostname":"Dereks-MacBook-Pro.local","module":"ingest","msg":"flush batch=127 releases=100 entities=266"}
{"level":30,"time":1778985173821,"pid":69662,"hostname":"Dereks-MacBook-Pro.local","module":"ingest","msg":"flush batch=128 releases=100 entities=276"}
{"level":30,"time":1778985174193,"pid":69662,"hostname":"Dereks-MacBook-Pro.local","module":"ingest","msg":"flush batch=129 releases=100 entities=277"}
{"level":30,"time":1778985174244,"pid":69662,"hostname":"Dereks-MacBook-Pro.local","module":"ingest","msg":"progress records=13000 elapsed=52.4s"}
{"level":30,"time":1778985174565,"pid":69662,"hostname":"Dereks-MacBook-Pro.local","module":"ingest","msg":"flush batch=130 releases=100 entities=275"}
{"level":30,"time":1778985174940,"pid":69662,"hostname":"Dereks-MacBook-Pro.local","module":"ingest","msg":"flush batch=131 releases=100 entities=261"}
{"level":30,"time":1778985175309,"pid":69662,"hostname":"Dereks-MacBook-Pro.local","module":"ingest","msg":"flush batch=132 releases=100 entities=275"}
{"level":30,"time":1778985175668,"pid":69662,"hostname":"Dereks-MacBook-Pro.local","module":"ingest","msg":"flush batch=133 releases=100 entities=255"}
{"level":30,"time":1778985176049,"pid":69662,"hostname":"Dereks-MacBook-Pro.local","module":"ingest","msg":"flush batch=134 releases=100 entities=272"}
{"level":30,"time":1778985176446,"pid":69662,"hostname":"Dereks-MacBook-Pro.local","module":"ingest","msg":"flush batch=135 releases=100 entities=276"}
{"level":30,"time":1778985176802,"pid":69662,"hostname":"Dereks-MacBook-Pro.local","module":"ingest","msg":"flush batch=136 releases=100 entities=275"}
{"level":30,"time":1778985177188,"pid":69662,"hostname":"Dereks-MacBook-Pro.local","module":"ingest","msg":"flush batch=137 releases=100 entities=272"}
{"level":30,"time":1778985177574,"pid":69662,"hostname":"Dereks-MacBook-Pro.local","module":"ingest","msg":"flush batch=138 releases=100 entities=265"}
{"level":30,"time":1778985177942,"pid":69662,"hostname":"Dereks-MacBook-Pro.local","module":"ingest","msg":"flush batch=139 releases=100 entities=266"}
{"level":30,"time":1778985178005,"pid":69662,"hostname":"Dereks-MacBook-Pro.local","module":"ingest","msg":"progress records=14000 elapsed=56.2s"}
{"level":30,"time":1778985178326,"pid":69662,"hostname":"Dereks-MacBook-Pro.local","module":"ingest","msg":"flush batch=140 releases=100 entities=279"}
{"level":30,"time":1778985178767,"pid":69662,"hostname":"Dereks-MacBook-Pro.local","module":"ingest","msg":"flush batch=141 releases=100 entities=276"}
{"level":30,"time":1778985179155,"pid":69662,"hostname":"Dereks-MacBook-Pro.local","module":"ingest","msg":"flush batch=142 releases=100 entities=274"}
{"level":30,"time":1778985179539,"pid":69662,"hostname":"Dereks-MacBook-Pro.local","module":"ingest","msg":"flush batch=143 releases=100 entities=283"}
{"level":30,"time":1778985179911,"pid":69662,"hostname":"Dereks-MacBook-Pro.local","module":"ingest","msg":"flush batch=144 releases=100 entities=276"}
{"level":30,"time":1778985180295,"pid":69662,"hostname":"Dereks-MacBook-Pro.local","module":"ingest","msg":"flush batch=145 releases=100 entities=282"}
{"level":30,"time":1778985180664,"pid":69662,"hostname":"Dereks-MacBook-Pro.local","module":"ingest","msg":"flush batch=146 releases=100 entities=268"}
{"level":30,"time":1778985181041,"pid":69662,"hostname":"Dereks-MacBook-Pro.local","module":"ingest","msg":"flush batch=147 releases=100 entities=283"}
{"level":30,"time":1778985181408,"pid":69662,"hostname":"Dereks-MacBook-Pro.local","module":"ingest","msg":"flush batch=148 releases=100 entities=271"}
{"level":30,"time":1778985181850,"pid":69662,"hostname":"Dereks-MacBook-Pro.local","module":"ingest","msg":"flush batch=149 releases=100 entities=283"}
{"level":30,"time":1778985181918,"pid":69662,"hostname":"Dereks-MacBook-Pro.local","module":"ingest","msg":"progress records=15000 elapsed=60.1s"}
{"level":30,"time":1778985182274,"pid":69662,"hostname":"Dereks-MacBook-Pro.local","module":"ingest","msg":"flush batch=150 releases=100 entities=292"}
{"level":30,"time":1778985182667,"pid":69662,"hostname":"Dereks-MacBook-Pro.local","module":"ingest","msg":"flush batch=151 releases=100 entities=289"}
{"level":30,"time":1778985183035,"pid":69662,"hostname":"Dereks-MacBook-Pro.local","module":"ingest","msg":"flush batch=152 releases=100 entities=281"}
{"level":30,"time":1778985183441,"pid":69662,"hostname":"Dereks-MacBook-Pro.local","module":"ingest","msg":"flush batch=153 releases=100 entities=291"}
{"level":30,"time":1778985183822,"pid":69662,"hostname":"Dereks-MacBook-Pro.local","module":"ingest","msg":"flush batch=154 releases=100 entities=284"}
{"level":30,"time":1778985184219,"pid":69662,"hostname":"Dereks-MacBook-Pro.local","module":"ingest","msg":"flush batch=155 releases=100 entities=295"}
{"level":30,"time":1778985184613,"pid":69662,"hostname":"Dereks-MacBook-Pro.local","module":"ingest","msg":"flush batch=156 releases=100 entities=293"}
{"level":30,"time":1778985184962,"pid":69662,"hostname":"Dereks-MacBook-Pro.local","module":"ingest","msg":"flush batch=157 releases=100 entities=281"}
{"level":30,"time":1778985185344,"pid":69662,"hostname":"Dereks-MacBook-Pro.local","module":"ingest","msg":"flush batch=158 releases=100 entities=282"}
{"level":30,"time":1778985185756,"pid":69662,"hostname":"Dereks-MacBook-Pro.local","module":"ingest","msg":"flush batch=159 releases=100 entities=295"}
{"level":30,"time":1778985185815,"pid":69662,"hostname":"Dereks-MacBook-Pro.local","module":"ingest","msg":"progress records=16000 elapsed=64.0s"}
{"level":30,"time":1778985186171,"pid":69662,"hostname":"Dereks-MacBook-Pro.local","module":"ingest","msg":"flush batch=160 releases=100 entities=279"}
{"level":30,"time":1778985186569,"pid":69662,"hostname":"Dereks-MacBook-Pro.local","module":"ingest","msg":"flush batch=161 releases=100 entities=294"}
{"level":30,"time":1778985186971,"pid":69662,"hostname":"Dereks-MacBook-Pro.local","module":"ingest","msg":"flush batch=162 releases=100 entities=284"}
{"level":30,"time":1778985187384,"pid":69662,"hostname":"Dereks-MacBook-Pro.local","module":"ingest","msg":"flush batch=163 releases=100 entities=286"}
{"level":30,"time":1778985187756,"pid":69662,"hostname":"Dereks-MacBook-Pro.local","module":"ingest","msg":"flush batch=164 releases=100 entities=288"}
{"level":30,"time":1778985188142,"pid":69662,"hostname":"Dereks-MacBook-Pro.local","module":"ingest","msg":"flush batch=165 releases=100 entities=294"}
{"level":30,"time":1778985188537,"pid":69662,"hostname":"Dereks-MacBook-Pro.local","module":"ingest","msg":"flush batch=166 releases=100 entities=283"}
{"level":30,"time":1778985188895,"pid":69662,"hostname":"Dereks-MacBook-Pro.local","module":"ingest","msg":"flush batch=167 releases=100 entities=280"}
{"level":30,"time":1778985189247,"pid":69662,"hostname":"Dereks-MacBook-Pro.local","module":"ingest","msg":"flush batch=168 releases=100 entities=285"}
{"level":30,"time":1778985189643,"pid":69662,"hostname":"Dereks-MacBook-Pro.local","module":"ingest","msg":"flush batch=169 releases=100 entities=272"}
{"level":30,"time":1778985189689,"pid":69662,"hostname":"Dereks-MacBook-Pro.local","module":"ingest","msg":"progress records=17000 elapsed=67.8s"}
{"level":30,"time":1778985189996,"pid":69662,"hostname":"Dereks-MacBook-Pro.local","module":"ingest","msg":"flush batch=170 releases=100 entities=282"}
{"level":30,"time":1778985190342,"pid":69662,"hostname":"Dereks-MacBook-Pro.local","module":"ingest","msg":"flush batch=171 releases=100 entities=280"}
{"level":30,"time":1778985190725,"pid":69662,"hostname":"Dereks-MacBook-Pro.local","module":"ingest","msg":"flush batch=172 releases=100 entities=270"}
{"level":30,"time":1778985191075,"pid":69662,"hostname":"Dereks-MacBook-Pro.local","module":"ingest","msg":"flush batch=173 releases=100 entities=280"}
{"level":30,"time":1778985191434,"pid":69662,"hostname":"Dereks-MacBook-Pro.local","module":"ingest","msg":"flush batch=174 releases=100 entities=280"}
{"level":30,"time":1778985191834,"pid":69662,"hostname":"Dereks-MacBook-Pro.local","module":"ingest","msg":"flush batch=175 releases=100 entities=287"}
{"level":30,"time":1778985192224,"pid":69662,"hostname":"Dereks-MacBook-Pro.local","module":"ingest","msg":"flush batch=176 releases=100 entities=288"}
{"level":30,"time":1778985192597,"pid":69662,"hostname":"Dereks-MacBook-Pro.local","module":"ingest","msg":"flush batch=177 releases=100 entities=297"}
{"level":30,"time":1778985192972,"pid":69662,"hostname":"Dereks-MacBook-Pro.local","module":"ingest","msg":"flush batch=178 releases=100 entities=278"}
{"level":30,"time":1778985193340,"pid":69662,"hostname":"Dereks-MacBook-Pro.local","module":"ingest","msg":"flush batch=179 releases=100 entities=280"}
{"level":30,"time":1778985193403,"pid":69662,"hostname":"Dereks-MacBook-Pro.local","module":"ingest","msg":"progress records=18000 elapsed=71.6s"}
{"level":30,"time":1778985193709,"pid":69662,"hostname":"Dereks-MacBook-Pro.local","module":"ingest","msg":"flush batch=180 releases=100 entities=290"}
{"level":30,"time":1778985194084,"pid":69662,"hostname":"Dereks-MacBook-Pro.local","module":"ingest","msg":"flush batch=181 releases=100 entities=287"}
{"level":30,"time":1778985194464,"pid":69662,"hostname":"Dereks-MacBook-Pro.local","module":"ingest","msg":"flush batch=182 releases=100 entities=293"}
{"level":30,"time":1778985194869,"pid":69662,"hostname":"Dereks-MacBook-Pro.local","module":"ingest","msg":"flush batch=183 releases=100 entities=292"}
{"level":30,"time":1778985195258,"pid":69662,"hostname":"Dereks-MacBook-Pro.local","module":"ingest","msg":"flush batch=184 releases=100 entities=287"}
{"level":30,"time":1778985195631,"pid":69662,"hostname":"Dereks-MacBook-Pro.local","module":"ingest","msg":"flush batch=185 releases=100 entities=294"}
{"level":30,"time":1778985196001,"pid":69662,"hostname":"Dereks-MacBook-Pro.local","module":"ingest","msg":"flush batch=186 releases=100 entities=288"}
{"level":30,"time":1778985196382,"pid":69662,"hostname":"Dereks-MacBook-Pro.local","module":"ingest","msg":"flush batch=187 releases=100 entities=290"}
{"level":30,"time":1778985196762,"pid":69662,"hostname":"Dereks-MacBook-Pro.local","module":"ingest","msg":"flush batch=188 releases=100 entities=285"}
{"level":30,"time":1778985197182,"pid":69662,"hostname":"Dereks-MacBook-Pro.local","module":"ingest","msg":"flush batch=189 releases=100 entities=298"}
{"level":30,"time":1778985197244,"pid":69662,"hostname":"Dereks-MacBook-Pro.local","module":"ingest","msg":"progress records=19000 elapsed=75.4s"}
{"level":30,"time":1778985197572,"pid":69662,"hostname":"Dereks-MacBook-Pro.local","module":"ingest","msg":"flush batch=190 releases=100 entities=289"}
{"level":30,"time":1778985197965,"pid":69662,"hostname":"Dereks-MacBook-Pro.local","module":"ingest","msg":"flush batch=191 releases=100 entities=288"}
{"level":30,"time":1778985198350,"pid":69662,"hostname":"Dereks-MacBook-Pro.local","module":"ingest","msg":"flush batch=192 releases=100 entities=292"}
{"level":30,"time":1778985198725,"pid":69662,"hostname":"Dereks-MacBook-Pro.local","module":"ingest","msg":"flush batch=193 releases=100 entities=290"}
{"level":30,"time":1778985199102,"pid":69662,"hostname":"Dereks-MacBook-Pro.local","module":"ingest","msg":"flush batch=194 releases=100 entities=298"}
{"level":30,"time":1778985199523,"pid":69662,"hostname":"Dereks-MacBook-Pro.local","module":"ingest","msg":"flush batch=195 releases=100 entities=296"}
{"level":30,"time":1778985199954,"pid":69662,"hostname":"Dereks-MacBook-Pro.local","module":"ingest","msg":"flush batch=196 releases=100 entities=298"}
{"level":30,"time":1778985200361,"pid":69662,"hostname":"Dereks-MacBook-Pro.local","module":"ingest","msg":"flush batch=197 releases=100 entities=296"}
{"level":30,"time":1778985200771,"pid":69662,"hostname":"Dereks-MacBook-Pro.local","module":"ingest","msg":"flush batch=198 releases=100 entities=294"}
{"level":30,"time":1778985201186,"pid":69662,"hostname":"Dereks-MacBook-Pro.local","module":"ingest","msg":"flush batch=199 releases=100 entities=296"}
{"level":30,"time":1778985201253,"pid":69662,"hostname":"Dereks-MacBook-Pro.local","module":"ingest","msg":"progress records=20000 elapsed=79.4s"}
{"level":30,"time":1778985201589,"pid":69662,"hostname":"Dereks-MacBook-Pro.local","module":"ingest","msg":"flush batch=200 releases=100 entities=291"}
{"level":30,"time":1778985201972,"pid":69662,"hostname":"Dereks-MacBook-Pro.local","module":"ingest","msg":"flush batch=201 releases=100 entities=286"}
{"level":30,"time":1778985202361,"pid":69662,"hostname":"Dereks-MacBook-Pro.local","module":"ingest","msg":"flush batch=202 releases=100 entities=292"}
{"level":30,"time":1778985202727,"pid":69662,"hostname":"Dereks-MacBook-Pro.local","module":"ingest","msg":"flush batch=203 releases=100 entities=297"}
{"level":30,"time":1778985203108,"pid":69662,"hostname":"Dereks-MacBook-Pro.local","module":"ingest","msg":"flush batch=204 releases=100 entities=286"}
{"level":30,"time":1778985203500,"pid":69662,"hostname":"Dereks-MacBook-Pro.local","module":"ingest","msg":"flush batch=205 releases=100 entities=290"}
{"level":30,"time":1778985203901,"pid":69662,"hostname":"Dereks-MacBook-Pro.local","module":"ingest","msg":"flush batch=206 releases=100 entities=285"}
{"level":30,"time":1778985204287,"pid":69662,"hostname":"Dereks-MacBook-Pro.local","module":"ingest","msg":"flush batch=207 releases=100 entities=293"}
{"level":30,"time":1778985204672,"pid":69662,"hostname":"Dereks-MacBook-Pro.local","module":"ingest","msg":"flush batch=208 releases=100 entities=291"}
{"level":30,"time":1778985205028,"pid":69662,"hostname":"Dereks-MacBook-Pro.local","module":"ingest","msg":"flush batch=209 releases=100 entities=306"}
{"level":30,"time":1778985205090,"pid":69662,"hostname":"Dereks-MacBook-Pro.local","module":"ingest","msg":"progress records=21000 elapsed=83.3s"}
{"level":30,"time":1778985205395,"pid":69662,"hostname":"Dereks-MacBook-Pro.local","module":"ingest","msg":"flush batch=210 releases=100 entities=285"}
{"level":30,"time":1778985205772,"pid":69662,"hostname":"Dereks-MacBook-Pro.local","module":"ingest","msg":"flush batch=211 releases=100 entities=297"}
{"level":30,"time":1778985206158,"pid":69662,"hostname":"Dereks-MacBook-Pro.local","module":"ingest","msg":"flush batch=212 releases=100 entities=296"}
{"level":30,"time":1778985206548,"pid":69662,"hostname":"Dereks-MacBook-Pro.local","module":"ingest","msg":"flush batch=213 releases=100 entities=294"}
{"level":30,"time":1778985206924,"pid":69662,"hostname":"Dereks-MacBook-Pro.local","module":"ingest","msg":"flush batch=214 releases=100 entities=290"}
{"level":30,"time":1778985207315,"pid":69662,"hostname":"Dereks-MacBook-Pro.local","module":"ingest","msg":"flush batch=215 releases=100 entities=291"}
{"level":30,"time":1778985207710,"pid":69662,"hostname":"Dereks-MacBook-Pro.local","module":"ingest","msg":"flush batch=216 releases=100 entities=291"}
{"level":30,"time":1778985208102,"pid":69662,"hostname":"Dereks-MacBook-Pro.local","module":"ingest","msg":"flush batch=217 releases=100 entities=289"}
{"level":30,"time":1778985208507,"pid":69662,"hostname":"Dereks-MacBook-Pro.local","module":"ingest","msg":"flush batch=218 releases=100 entities=289"}
{"level":30,"time":1778985208882,"pid":69662,"hostname":"Dereks-MacBook-Pro.local","module":"ingest","msg":"flush batch=219 releases=100 entities=292"}
{"level":30,"time":1778985208949,"pid":69662,"hostname":"Dereks-MacBook-Pro.local","module":"ingest","msg":"progress records=22000 elapsed=87.1s"}
{"level":30,"time":1778985209276,"pid":69662,"hostname":"Dereks-MacBook-Pro.local","module":"ingest","msg":"flush batch=220 releases=100 entities=287"}
{"level":30,"time":1778985209679,"pid":69662,"hostname":"Dereks-MacBook-Pro.local","module":"ingest","msg":"flush batch=221 releases=100 entities=287"}
{"level":30,"time":1778985210060,"pid":69662,"hostname":"Dereks-MacBook-Pro.local","module":"ingest","msg":"flush batch=222 releases=100 entities=289"}
{"level":30,"time":1778985210467,"pid":69662,"hostname":"Dereks-MacBook-Pro.local","module":"ingest","msg":"flush batch=223 releases=100 entities=289"}
{"level":30,"time":1778985210834,"pid":69662,"hostname":"Dereks-MacBook-Pro.local","module":"ingest","msg":"flush batch=224 releases=100 entities=296"}
{"level":30,"time":1778985211226,"pid":69662,"hostname":"Dereks-MacBook-Pro.local","module":"ingest","msg":"flush batch=225 releases=100 entities=291"}
{"level":30,"time":1778985211622,"pid":69662,"hostname":"Dereks-MacBook-Pro.local","module":"ingest","msg":"flush batch=226 releases=100 entities=296"}
{"level":30,"time":1778985212005,"pid":69662,"hostname":"Dereks-MacBook-Pro.local","module":"ingest","msg":"flush batch=227 releases=100 entities=293"}
{"level":30,"time":1778985212430,"pid":69662,"hostname":"Dereks-MacBook-Pro.local","module":"ingest","msg":"flush batch=228 releases=100 entities=293"}
{"level":30,"time":1778985212825,"pid":69662,"hostname":"Dereks-MacBook-Pro.local","module":"ingest","msg":"flush batch=229 releases=100 entities=285"}
{"level":30,"time":1778985212890,"pid":69662,"hostname":"Dereks-MacBook-Pro.local","module":"ingest","msg":"progress records=23000 elapsed=91.0s"}
{"level":30,"time":1778985213208,"pid":69662,"hostname":"Dereks-MacBook-Pro.local","module":"ingest","msg":"flush batch=230 releases=100 entities=289"}
{"level":30,"time":1778985213603,"pid":69662,"hostname":"Dereks-MacBook-Pro.local","module":"ingest","msg":"flush batch=231 releases=100 entities=317"}
{"level":30,"time":1778985214010,"pid":69662,"hostname":"Dereks-MacBook-Pro.local","module":"ingest","msg":"flush batch=232 releases=100 entities=308"}
{"level":30,"time":1778985214405,"pid":69662,"hostname":"Dereks-MacBook-Pro.local","module":"ingest","msg":"flush batch=233 releases=100 entities=295"}
{"level":30,"time":1778985214798,"pid":69662,"hostname":"Dereks-MacBook-Pro.local","module":"ingest","msg":"flush batch=234 releases=100 entities=296"}
{"level":30,"time":1778985215179,"pid":69662,"hostname":"Dereks-MacBook-Pro.local","module":"ingest","msg":"flush batch=235 releases=100 entities=301"}
{"level":30,"time":1778985215572,"pid":69662,"hostname":"Dereks-MacBook-Pro.local","module":"ingest","msg":"flush batch=236 releases=100 entities=306"}
{"level":30,"time":1778985215949,"pid":69662,"hostname":"Dereks-MacBook-Pro.local","module":"ingest","msg":"flush batch=237 releases=100 entities=298"}
{"level":30,"time":1778985216304,"pid":69662,"hostname":"Dereks-MacBook-Pro.local","module":"ingest","msg":"flush batch=238 releases=100 entities=300"}
{"level":30,"time":1778985216715,"pid":69662,"hostname":"Dereks-MacBook-Pro.local","module":"ingest","msg":"flush batch=239 releases=100 entities=286"}
{"level":30,"time":1778985216780,"pid":69662,"hostname":"Dereks-MacBook-Pro.local","module":"ingest","msg":"progress records=24000 elapsed=94.9s"}
{"level":30,"time":1778985217103,"pid":69662,"hostname":"Dereks-MacBook-Pro.local","module":"ingest","msg":"flush batch=240 releases=100 entities=281"}
{"level":30,"time":1778985217491,"pid":69662,"hostname":"Dereks-MacBook-Pro.local","module":"ingest","msg":"flush batch=241 releases=100 entities=286"}
{"level":30,"time":1778985217879,"pid":69662,"hostname":"Dereks-MacBook-Pro.local","module":"ingest","msg":"flush batch=242 releases=100 entities=284"}
{"level":30,"time":1778985218276,"pid":69662,"hostname":"Dereks-MacBook-Pro.local","module":"ingest","msg":"flush batch=243 releases=100 entities=292"}
{"level":30,"time":1778985218663,"pid":69662,"hostname":"Dereks-MacBook-Pro.local","module":"ingest","msg":"flush batch=244 releases=100 entities=279"}
{"level":30,"time":1778985219055,"pid":69662,"hostname":"Dereks-MacBook-Pro.local","module":"ingest","msg":"flush batch=245 releases=100 entities=278"}
{"level":30,"time":1778985219433,"pid":69662,"hostname":"Dereks-MacBook-Pro.local","module":"ingest","msg":"flush batch=246 releases=100 entities=279"}
{"level":30,"time":1778985219807,"pid":69662,"hostname":"Dereks-MacBook-Pro.local","module":"ingest","msg":"flush batch=247 releases=100 entities=289"}
{"level":30,"time":1778985220184,"pid":69662,"hostname":"Dereks-MacBook-Pro.local","module":"ingest","msg":"flush batch=248 releases=100 entities=290"}
{"level":30,"time":1778985220574,"pid":69662,"hostname":"Dereks-MacBook-Pro.local","module":"ingest","msg":"flush batch=249 releases=100 entities=285"}
{"level":30,"time":1778985220634,"pid":69662,"hostname":"Dereks-MacBook-Pro.local","module":"ingest","msg":"progress records=25000 elapsed=98.8s"}
{"level":30,"time":1778985220958,"pid":69662,"hostname":"Dereks-MacBook-Pro.local","module":"ingest","msg":"flush batch=250 releases=100 entities=286"}
{"level":30,"time":1778985221365,"pid":69662,"hostname":"Dereks-MacBook-Pro.local","module":"ingest","msg":"flush batch=251 releases=100 entities=289"}
{"level":30,"time":1778985221760,"pid":69662,"hostname":"Dereks-MacBook-Pro.local","module":"ingest","msg":"flush batch=252 releases=100 entities=296"}
{"level":30,"time":1778985222151,"pid":69662,"hostname":"Dereks-MacBook-Pro.local","module":"ingest","msg":"flush batch=253 releases=100 entities=298"}
{"level":30,"time":1778985222528,"pid":69662,"hostname":"Dereks-MacBook-Pro.local","module":"ingest","msg":"flush batch=254 releases=100 entities=295"}
{"level":30,"time":1778985222910,"pid":69662,"hostname":"Dereks-MacBook-Pro.local","module":"ingest","msg":"flush batch=255 releases=100 entities=292"}
{"level":30,"time":1778985223279,"pid":69662,"hostname":"Dereks-MacBook-Pro.local","module":"ingest","msg":"flush batch=256 releases=100 entities=299"}
{"level":30,"time":1778985223647,"pid":69662,"hostname":"Dereks-MacBook-Pro.local","module":"ingest","msg":"flush batch=257 releases=100 entities=295"}
{"level":30,"time":1778985224052,"pid":69662,"hostname":"Dereks-MacBook-Pro.local","module":"ingest","msg":"flush batch=258 releases=100 entities=302"}
{"level":30,"time":1778985224441,"pid":69662,"hostname":"Dereks-MacBook-Pro.local","module":"ingest","msg":"flush batch=259 releases=100 entities=296"}
{"level":30,"time":1778985224493,"pid":69662,"hostname":"Dereks-MacBook-Pro.local","module":"ingest","msg":"progress records=26000 elapsed=102.7s"}
{"level":30,"time":1778985224806,"pid":69662,"hostname":"Dereks-MacBook-Pro.local","module":"ingest","msg":"flush batch=260 releases=100 entities=294"}
{"level":30,"time":1778985225196,"pid":69662,"hostname":"Dereks-MacBook-Pro.local","module":"ingest","msg":"flush batch=261 releases=100 entities=291"}
{"level":30,"time":1778985225587,"pid":69662,"hostname":"Dereks-MacBook-Pro.local","module":"ingest","msg":"flush batch=262 releases=100 entities=306"}
{"level":30,"time":1778985225972,"pid":69662,"hostname":"Dereks-MacBook-Pro.local","module":"ingest","msg":"flush batch=263 releases=100 entities=294"}
{"level":30,"time":1778985226350,"pid":69662,"hostname":"Dereks-MacBook-Pro.local","module":"ingest","msg":"flush batch=264 releases=100 entities=296"}
{"level":30,"time":1778985226734,"pid":69662,"hostname":"Dereks-MacBook-Pro.local","module":"ingest","msg":"flush batch=265 releases=100 entities=293"}
{"level":30,"time":1778985227232,"pid":69662,"hostname":"Dereks-MacBook-Pro.local","module":"ingest","msg":"flush batch=266 releases=100 entities=296"}
{"level":30,"time":1778985227666,"pid":69662,"hostname":"Dereks-MacBook-Pro.local","module":"ingest","msg":"flush batch=267 releases=100 entities=288"}
{"level":30,"time":1778985228078,"pid":69662,"hostname":"Dereks-MacBook-Pro.local","module":"ingest","msg":"flush batch=268 releases=100 entities=288"}
{"level":30,"time":1778985228497,"pid":69662,"hostname":"Dereks-MacBook-Pro.local","module":"ingest","msg":"flush batch=269 releases=100 entities=304"}
{"level":30,"time":1778985228562,"pid":69662,"hostname":"Dereks-MacBook-Pro.local","module":"ingest","msg":"progress records=27000 elapsed=106.7s"}
{"level":30,"time":1778985228921,"pid":69662,"hostname":"Dereks-MacBook-Pro.local","module":"ingest","msg":"flush batch=270 releases=100 entities=291"}
{"level":30,"time":1778985229324,"pid":69662,"hostname":"Dereks-MacBook-Pro.local","module":"ingest","msg":"flush batch=271 releases=100 entities=295"}
{"level":30,"time":1778985229727,"pid":69662,"hostname":"Dereks-MacBook-Pro.local","module":"ingest","msg":"flush batch=272 releases=100 entities=292"}
{"level":30,"time":1778985230150,"pid":69662,"hostname":"Dereks-MacBook-Pro.local","module":"ingest","msg":"flush batch=273 releases=100 entities=317"}
{"level":30,"time":1778985230556,"pid":69662,"hostname":"Dereks-MacBook-Pro.local","module":"ingest","msg":"flush batch=274 releases=100 entities=305"}
{"level":30,"time":1778985230984,"pid":69662,"hostname":"Dereks-MacBook-Pro.local","module":"ingest","msg":"flush batch=275 releases=100 entities=298"}
{"level":30,"time":1778985231400,"pid":69662,"hostname":"Dereks-MacBook-Pro.local","module":"ingest","msg":"flush batch=276 releases=100 entities=299"}
{"level":30,"time":1778985231817,"pid":69662,"hostname":"Dereks-MacBook-Pro.local","module":"ingest","msg":"flush batch=277 releases=100 entities=298"}
{"level":30,"time":1778985232208,"pid":69662,"hostname":"Dereks-MacBook-Pro.local","module":"ingest","msg":"flush batch=278 releases=100 entities=301"}
{"level":30,"time":1778985232600,"pid":69662,"hostname":"Dereks-MacBook-Pro.local","module":"ingest","msg":"flush batch=279 releases=100 entities=297"}
{"level":30,"time":1778985232672,"pid":69662,"hostname":"Dereks-MacBook-Pro.local","module":"ingest","msg":"progress records=28000 elapsed=110.8s"}
{"level":30,"time":1778985233003,"pid":69662,"hostname":"Dereks-MacBook-Pro.local","module":"ingest","msg":"flush batch=280 releases=100 entities=294"}
{"level":30,"time":1778985233391,"pid":69662,"hostname":"Dereks-MacBook-Pro.local","module":"ingest","msg":"flush batch=281 releases=100 entities=300"}
{"level":30,"time":1778985233807,"pid":69662,"hostname":"Dereks-MacBook-Pro.local","module":"ingest","msg":"flush batch=282 releases=100 entities=293"}
{"level":30,"time":1778985234213,"pid":69662,"hostname":"Dereks-MacBook-Pro.local","module":"ingest","msg":"flush batch=283 releases=100 entities=300"}
{"level":30,"time":1778985234597,"pid":69662,"hostname":"Dereks-MacBook-Pro.local","module":"ingest","msg":"flush batch=284 releases=100 entities=301"}
{"level":30,"time":1778985234982,"pid":69662,"hostname":"Dereks-MacBook-Pro.local","module":"ingest","msg":"flush batch=285 releases=100 entities=291"}
{"level":30,"time":1778985235367,"pid":69662,"hostname":"Dereks-MacBook-Pro.local","module":"ingest","msg":"flush batch=286 releases=100 entities=300"}
{"level":30,"time":1778985235786,"pid":69662,"hostname":"Dereks-MacBook-Pro.local","module":"ingest","msg":"flush batch=287 releases=100 entities=305"}
{"level":30,"time":1778985236186,"pid":69662,"hostname":"Dereks-MacBook-Pro.local","module":"ingest","msg":"flush batch=288 releases=100 entities=292"}
{"level":30,"time":1778985236585,"pid":69662,"hostname":"Dereks-MacBook-Pro.local","module":"ingest","msg":"flush batch=289 releases=100 entities=296"}
{"level":30,"time":1778985236668,"pid":69662,"hostname":"Dereks-MacBook-Pro.local","module":"ingest","msg":"progress records=29000 elapsed=114.8s"}
{"level":30,"time":1778985236997,"pid":69662,"hostname":"Dereks-MacBook-Pro.local","module":"ingest","msg":"flush batch=290 releases=100 entities=302"}
{"level":30,"time":1778985237423,"pid":69662,"hostname":"Dereks-MacBook-Pro.local","module":"ingest","msg":"flush batch=291 releases=100 entities=301"}
{"level":30,"time":1778985237822,"pid":69662,"hostname":"Dereks-MacBook-Pro.local","module":"ingest","msg":"flush batch=292 releases=100 entities=292"}
{"level":30,"time":1778985238246,"pid":69662,"hostname":"Dereks-MacBook-Pro.local","module":"ingest","msg":"flush batch=293 releases=100 entities=293"}
{"level":30,"time":1778985238628,"pid":69662,"hostname":"Dereks-MacBook-Pro.local","module":"ingest","msg":"flush batch=294 releases=100 entities=293"}
{"level":30,"time":1778985239033,"pid":69662,"hostname":"Dereks-MacBook-Pro.local","module":"ingest","msg":"flush batch=295 releases=100 entities=304"}
{"level":30,"time":1778985239422,"pid":69662,"hostname":"Dereks-MacBook-Pro.local","module":"ingest","msg":"flush batch=296 releases=100 entities=292"}
{"level":30,"time":1778985239811,"pid":69662,"hostname":"Dereks-MacBook-Pro.local","module":"ingest","msg":"flush batch=297 releases=100 entities=291"}
{"level":30,"time":1778985240210,"pid":69662,"hostname":"Dereks-MacBook-Pro.local","module":"ingest","msg":"flush batch=298 releases=100 entities=303"}
{"level":30,"time":1778985240619,"pid":69662,"hostname":"Dereks-MacBook-Pro.local","module":"ingest","msg":"flush batch=299 releases=100 entities=296"}
{"level":30,"time":1778985240680,"pid":69662,"hostname":"Dereks-MacBook-Pro.local","module":"ingest","msg":"progress records=30000 elapsed=118.8s"}
{"level":30,"time":1778985241011,"pid":69662,"hostname":"Dereks-MacBook-Pro.local","module":"ingest","msg":"flush batch=300 releases=100 entities=296"}
{"level":30,"time":1778985241408,"pid":69662,"hostname":"Dereks-MacBook-Pro.local","module":"ingest","msg":"flush batch=301 releases=100 entities=302"}
{"level":30,"time":1778985241800,"pid":69662,"hostname":"Dereks-MacBook-Pro.local","module":"ingest","msg":"flush batch=302 releases=100 entities=308"}
{"level":30,"time":1778985242213,"pid":69662,"hostname":"Dereks-MacBook-Pro.local","module":"ingest","msg":"flush batch=303 releases=100 entities=301"}
{"level":30,"time":1778985242632,"pid":69662,"hostname":"Dereks-MacBook-Pro.local","module":"ingest","msg":"flush batch=304 releases=100 entities=303"}
{"level":30,"time":1778985243049,"pid":69662,"hostname":"Dereks-MacBook-Pro.local","module":"ingest","msg":"flush batch=305 releases=100 entities=302"}
{"level":30,"time":1778985243455,"pid":69662,"hostname":"Dereks-MacBook-Pro.local","module":"ingest","msg":"flush batch=306 releases=100 entities=296"}
{"level":30,"time":1778985243884,"pid":69662,"hostname":"Dereks-MacBook-Pro.local","module":"ingest","msg":"flush batch=307 releases=100 entities=308"}
{"level":30,"time":1778985244180,"pid":69662,"hostname":"Dereks-MacBook-Pro.local","module":"ingest","msg":"flush batch=308 (final) releases=49 entities=152"}
{"level":30,"time":1778985244181,"pid":69662,"hostname":"Dereks-MacBook-Pro.local","module":"ingest","msg":"done records=30749 entities=84640 elapsed=122.3s"}
{"level":30,"time":1778985244365,"pid":69662,"hostname":"Dereks-MacBook-Pro.local","module":"cli","msg":"[ingest] 2026-3 → 30749 records ingested (run run-2026-05-17T02:31:57.784Z)"}
