{"level":30,"time":1778985967593,"pid":73835,"hostname":"Dereks-MacBook-Pro.local","module":"ingest","msg":"start year=2025 month=10 runId=run-2026-05-17T02:46:03.533Z"}
{"level":30,"time":1778985970791,"pid":73835,"hostname":"Dereks-MacBook-Pro.local","module":"ingest","msg":"download complete path=/var/folders/rj/x0yz6y3j2q70rlz0phst404c0000gn/T/gc-2025-10.zip bytes=35359825"}
{"level":30,"time":1778985971362,"pid":73835,"hostname":"Dereks-MacBook-Pro.local","module":"ingest","msg":"flush batch=1 releases=100 entities=290"}
{"level":30,"time":1778985971763,"pid":73835,"hostname":"Dereks-MacBook-Pro.local","module":"ingest","msg":"flush batch=2 releases=100 entities=253"}
{"level":30,"time":1778985972131,"pid":73835,"hostname":"Dereks-MacBook-Pro.local","module":"ingest","msg":"flush batch=3 releases=100 entities=241"}
{"level":30,"time":1778985972482,"pid":73835,"hostname":"Dereks-MacBook-Pro.local","module":"ingest","msg":"flush batch=4 releases=100 entities=235"}
{"level":30,"time":1778985972837,"pid":73835,"hostname":"Dereks-MacBook-Pro.local","module":"ingest","msg":"flush batch=5 releases=100 entities=243"}
{"level":30,"time":1778985973216,"pid":73835,"hostname":"Dereks-MacBook-Pro.local","module":"ingest","msg":"flush batch=6 releases=100 entities=252"}
{"level":30,"time":1778985973567,"pid":73835,"hostname":"Dereks-MacBook-Pro.local","module":"ingest","msg":"flush batch=7 releases=100 entities=225"}
{"level":30,"time":1778985973915,"pid":73835,"hostname":"Dereks-MacBook-Pro.local","module":"ingest","msg":"flush batch=8 releases=100 entities=227"}
{"level":30,"time":1778985974277,"pid":73835,"hostname":"Dereks-MacBook-Pro.local","module":"ingest","msg":"flush batch=9 releases=100 entities=240"}
{"level":30,"time":1778985974329,"pid":73835,"hostname":"Dereks-MacBook-Pro.local","module":"ingest","msg":"progress records=1000 elapsed=6.7s"}
{"level":30,"time":1778985974625,"pid":73835,"hostname":"Dereks-MacBook-Pro.local","module":"ingest","msg":"flush batch=10 releases=100 entities=234"}
{"level":30,"time":1778985974961,"pid":73835,"hostname":"Dereks-MacBook-Pro.local","module":"ingest","msg":"flush batch=11 releases=100 entities=227"}
{"level":30,"time":1778985975305,"pid":73835,"hostname":"Dereks-MacBook-Pro.local","module":"ingest","msg":"flush batch=12 releases=100 entities=228"}
{"level":30,"time":1778985975654,"pid":73835,"hostname":"Dereks-MacBook-Pro.local","module":"ingest","msg":"flush batch=13 releases=100 entities=252"}
{"level":30,"time":1778985976009,"pid":73835,"hostname":"Dereks-MacBook-Pro.local","module":"ingest","msg":"flush batch=14 releases=100 entities=250"}
{"level":30,"time":1778985976403,"pid":73835,"hostname":"Dereks-MacBook-Pro.local","module":"ingest","msg":"flush batch=15 releases=100 entities=254"}
{"level":30,"time":1778985976801,"pid":73835,"hostname":"Dereks-MacBook-Pro.local","module":"ingest","msg":"flush batch=16 releases=100 entities=257"}
{"level":30,"time":1778985977165,"pid":73835,"hostname":"Dereks-MacBook-Pro.local","module":"ingest","msg":"flush batch=17 releases=100 entities=241"}
{"level":30,"time":1778985977553,"pid":73835,"hostname":"Dereks-MacBook-Pro.local","module":"ingest","msg":"flush batch=18 releases=100 entities=226"}
{"level":30,"time":1778985977916,"pid":73835,"hostname":"Dereks-MacBook-Pro.local","module":"ingest","msg":"flush batch=19 releases=100 entities=230"}
{"level":30,"time":1778985977975,"pid":73835,"hostname":"Dereks-MacBook-Pro.local","module":"ingest","msg":"progress records=2000 elapsed=10.4s"}
{"level":30,"time":1778985978285,"pid":73835,"hostname":"Dereks-MacBook-Pro.local","module":"ingest","msg":"flush batch=20 releases=100 entities=227"}
{"level":30,"time":1778985978629,"pid":73835,"hostname":"Dereks-MacBook-Pro.local","module":"ingest","msg":"flush batch=21 releases=100 entities=225"}
{"level":30,"time":1778985979006,"pid":73835,"hostname":"Dereks-MacBook-Pro.local","module":"ingest","msg":"flush batch=22 releases=100 entities=218"}
{"level":30,"time":1778985979375,"pid":73835,"hostname":"Dereks-MacBook-Pro.local","module":"ingest","msg":"flush batch=23 releases=100 entities=238"}
{"level":30,"time":1778985979753,"pid":73835,"hostname":"Dereks-MacBook-Pro.local","module":"ingest","msg":"flush batch=24 releases=100 entities=233"}
{"level":30,"time":1778985980135,"pid":73835,"hostname":"Dereks-MacBook-Pro.local","module":"ingest","msg":"flush batch=25 releases=100 entities=240"}
{"level":30,"time":1778985980527,"pid":73835,"hostname":"Dereks-MacBook-Pro.local","module":"ingest","msg":"flush batch=26 releases=100 entities=237"}
{"level":30,"time":1778985980908,"pid":73835,"hostname":"Dereks-MacBook-Pro.local","module":"ingest","msg":"flush batch=27 releases=100 entities=232"}
{"level":30,"time":1778985981358,"pid":73835,"hostname":"Dereks-MacBook-Pro.local","module":"ingest","msg":"flush batch=28 releases=100 entities=249"}
{"level":30,"time":1778985981715,"pid":73835,"hostname":"Dereks-MacBook-Pro.local","module":"ingest","msg":"flush batch=29 releases=100 entities=241"}
{"level":30,"time":1778985981768,"pid":73835,"hostname":"Dereks-MacBook-Pro.local","module":"ingest","msg":"progress records=3000 elapsed=14.2s"}
{"level":30,"time":1778985982087,"pid":73835,"hostname":"Dereks-MacBook-Pro.local","module":"ingest","msg":"flush batch=30 releases=100 entities=222"}
{"level":30,"time":1778985982458,"pid":73835,"hostname":"Dereks-MacBook-Pro.local","module":"ingest","msg":"flush batch=31 releases=100 entities=246"}
{"level":30,"time":1778985982878,"pid":73835,"hostname":"Dereks-MacBook-Pro.local","module":"ingest","msg":"flush batch=32 releases=100 entities=243"}
{"level":30,"time":1778985983270,"pid":73835,"hostname":"Dereks-MacBook-Pro.local","module":"ingest","msg":"flush batch=33 releases=100 entities=245"}
{"level":30,"time":1778985983685,"pid":73835,"hostname":"Dereks-MacBook-Pro.local","module":"ingest","msg":"flush batch=34 releases=100 entities=234"}
{"level":30,"time":1778985984052,"pid":73835,"hostname":"Dereks-MacBook-Pro.local","module":"ingest","msg":"flush batch=35 releases=100 entities=244"}
{"level":30,"time":1778985984429,"pid":73835,"hostname":"Dereks-MacBook-Pro.local","module":"ingest","msg":"flush batch=36 releases=100 entities=221"}
{"level":30,"time":1778985984786,"pid":73835,"hostname":"Dereks-MacBook-Pro.local","module":"ingest","msg":"flush batch=37 releases=100 entities=224"}
{"level":30,"time":1778985985142,"pid":73835,"hostname":"Dereks-MacBook-Pro.local","module":"ingest","msg":"flush batch=38 releases=100 entities=229"}
{"level":30,"time":1778985985505,"pid":73835,"hostname":"Dereks-MacBook-Pro.local","module":"ingest","msg":"flush batch=39 releases=100 entities=238"}
{"level":30,"time":1778985985557,"pid":73835,"hostname":"Dereks-MacBook-Pro.local","module":"ingest","msg":"progress records=4000 elapsed=18.0s"}
{"level":30,"time":1778985985865,"pid":73835,"hostname":"Dereks-MacBook-Pro.local","module":"ingest","msg":"flush batch=40 releases=100 entities=220"}
{"level":30,"time":1778985986233,"pid":73835,"hostname":"Dereks-MacBook-Pro.local","module":"ingest","msg":"flush batch=41 releases=100 entities=236"}
{"level":30,"time":1778985986635,"pid":73835,"hostname":"Dereks-MacBook-Pro.local","module":"ingest","msg":"flush batch=42 releases=100 entities=243"}
{"level":30,"time":1778985987011,"pid":73835,"hostname":"Dereks-MacBook-Pro.local","module":"ingest","msg":"flush batch=43 releases=100 entities=247"}
{"level":30,"time":1778985987371,"pid":73835,"hostname":"Dereks-MacBook-Pro.local","module":"ingest","msg":"flush batch=44 releases=100 entities=227"}
{"level":30,"time":1778985987722,"pid":73835,"hostname":"Dereks-MacBook-Pro.local","module":"ingest","msg":"flush batch=45 releases=100 entities=236"}
{"level":30,"time":1778985988092,"pid":73835,"hostname":"Dereks-MacBook-Pro.local","module":"ingest","msg":"flush batch=46 releases=100 entities=243"}
{"level":30,"time":1778985988454,"pid":73835,"hostname":"Dereks-MacBook-Pro.local","module":"ingest","msg":"flush batch=47 releases=100 entities=240"}
{"level":30,"time":1778985988821,"pid":73835,"hostname":"Dereks-MacBook-Pro.local","module":"ingest","msg":"flush batch=48 releases=100 entities=228"}
{"level":30,"time":1778985989191,"pid":73835,"hostname":"Dereks-MacBook-Pro.local","module":"ingest","msg":"flush batch=49 releases=100 entities=246"}
{"level":30,"time":1778985989250,"pid":73835,"hostname":"Dereks-MacBook-Pro.local","module":"ingest","msg":"progress records=5000 elapsed=21.7s"}
{"level":30,"time":1778985989547,"pid":73835,"hostname":"Dereks-MacBook-Pro.local","module":"ingest","msg":"flush batch=50 releases=100 entities=244"}
{"level":30,"time":1778985989937,"pid":73835,"hostname":"Dereks-MacBook-Pro.local","module":"ingest","msg":"flush batch=51 releases=100 entities=252"}
{"level":30,"time":1778985990304,"pid":73835,"hostname":"Dereks-MacBook-Pro.local","module":"ingest","msg":"flush batch=52 releases=100 entities=239"}
{"level":30,"time":1778985990658,"pid":73835,"hostname":"Dereks-MacBook-Pro.local","module":"ingest","msg":"flush batch=53 releases=100 entities=224"}
{"level":30,"time":1778985991032,"pid":73835,"hostname":"Dereks-MacBook-Pro.local","module":"ingest","msg":"flush batch=54 releases=100 entities=237"}
{"level":30,"time":1778985991399,"pid":73835,"hostname":"Dereks-MacBook-Pro.local","module":"ingest","msg":"flush batch=55 releases=100 entities=229"}
{"level":30,"time":1778985991771,"pid":73835,"hostname":"Dereks-MacBook-Pro.local","module":"ingest","msg":"flush batch=56 releases=100 entities=230"}
{"level":30,"time":1778985992128,"pid":73835,"hostname":"Dereks-MacBook-Pro.local","module":"ingest","msg":"flush batch=57 releases=100 entities=202"}
{"level":30,"time":1778985992506,"pid":73835,"hostname":"Dereks-MacBook-Pro.local","module":"ingest","msg":"flush batch=58 releases=100 entities=235"}
{"level":30,"time":1778985992866,"pid":73835,"hostname":"Dereks-MacBook-Pro.local","module":"ingest","msg":"flush batch=59 releases=100 entities=245"}
{"level":30,"time":1778985992929,"pid":73835,"hostname":"Dereks-MacBook-Pro.local","module":"ingest","msg":"progress records=6000 elapsed=25.3s"}
{"level":30,"time":1778985993267,"pid":73835,"hostname":"Dereks-MacBook-Pro.local","module":"ingest","msg":"flush batch=60 releases=100 entities=264"}
{"level":30,"time":1778985993633,"pid":73835,"hostname":"Dereks-MacBook-Pro.local","module":"ingest","msg":"flush batch=61 releases=100 entities=229"}
{"level":30,"time":1778985993998,"pid":73835,"hostname":"Dereks-MacBook-Pro.local","module":"ingest","msg":"flush batch=62 releases=100 entities=243"}
{"level":30,"time":1778985994366,"pid":73835,"hostname":"Dereks-MacBook-Pro.local","module":"ingest","msg":"flush batch=63 releases=100 entities=258"}
{"level":30,"time":1778985994784,"pid":73835,"hostname":"Dereks-MacBook-Pro.local","module":"ingest","msg":"flush batch=64 releases=100 entities=236"}
{"level":30,"time":1778985995158,"pid":73835,"hostname":"Dereks-MacBook-Pro.local","module":"ingest","msg":"flush batch=65 releases=100 entities=251"}
{"level":30,"time":1778985995513,"pid":73835,"hostname":"Dereks-MacBook-Pro.local","module":"ingest","msg":"flush batch=66 releases=100 entities=237"}
{"level":30,"time":1778985995851,"pid":73835,"hostname":"Dereks-MacBook-Pro.local","module":"ingest","msg":"flush batch=67 releases=100 entities=221"}
{"level":30,"time":1778985996226,"pid":73835,"hostname":"Dereks-MacBook-Pro.local","module":"ingest","msg":"flush batch=68 releases=100 entities=238"}
{"level":30,"time":1778985996592,"pid":73835,"hostname":"Dereks-MacBook-Pro.local","module":"ingest","msg":"flush batch=69 releases=100 entities=251"}
{"level":30,"time":1778985996653,"pid":73835,"hostname":"Dereks-MacBook-Pro.local","module":"ingest","msg":"progress records=7000 elapsed=29.1s"}
{"level":30,"time":1778985996967,"pid":73835,"hostname":"Dereks-MacBook-Pro.local","module":"ingest","msg":"flush batch=70 releases=100 entities=251"}
{"level":30,"time":1778985997327,"pid":73835,"hostname":"Dereks-MacBook-Pro.local","module":"ingest","msg":"flush batch=71 releases=100 entities=245"}
{"level":30,"time":1778985997706,"pid":73835,"hostname":"Dereks-MacBook-Pro.local","module":"ingest","msg":"flush batch=72 releases=100 entities=266"}
{"level":30,"time":1778985998078,"pid":73835,"hostname":"Dereks-MacBook-Pro.local","module":"ingest","msg":"flush batch=73 releases=100 entities=264"}
{"level":30,"time":1778985998490,"pid":73835,"hostname":"Dereks-MacBook-Pro.local","module":"ingest","msg":"flush batch=74 releases=100 entities=276"}
{"level":30,"time":1778985998855,"pid":73835,"hostname":"Dereks-MacBook-Pro.local","module":"ingest","msg":"flush batch=75 releases=100 entities=250"}
{"level":30,"time":1778985999206,"pid":73835,"hostname":"Dereks-MacBook-Pro.local","module":"ingest","msg":"flush batch=76 releases=100 entities=208"}
{"level":30,"time":1778985999592,"pid":73835,"hostname":"Dereks-MacBook-Pro.local","module":"ingest","msg":"flush batch=77 releases=100 entities=233"}
{"level":30,"time":1778985999975,"pid":73835,"hostname":"Dereks-MacBook-Pro.local","module":"ingest","msg":"flush batch=78 releases=100 entities=256"}
{"level":30,"time":1778986000372,"pid":73835,"hostname":"Dereks-MacBook-Pro.local","module":"ingest","msg":"flush batch=79 releases=100 entities=272"}
{"level":30,"time":1778986000435,"pid":73835,"hostname":"Dereks-MacBook-Pro.local","module":"ingest","msg":"progress records=8000 elapsed=32.8s"}
{"level":30,"time":1778986000811,"pid":73835,"hostname":"Dereks-MacBook-Pro.local","module":"ingest","msg":"flush batch=80 releases=100 entities=259"}
{"level":30,"time":1778986001189,"pid":73835,"hostname":"Dereks-MacBook-Pro.local","module":"ingest","msg":"flush batch=81 releases=100 entities=230"}
{"level":30,"time":1778986001562,"pid":73835,"hostname":"Dereks-MacBook-Pro.local","module":"ingest","msg":"flush batch=82 releases=100 entities=243"}
{"level":30,"time":1778986001916,"pid":73835,"hostname":"Dereks-MacBook-Pro.local","module":"ingest","msg":"flush batch=83 releases=100 entities=235"}
{"level":30,"time":1778986002283,"pid":73835,"hostname":"Dereks-MacBook-Pro.local","module":"ingest","msg":"flush batch=84 releases=100 entities=244"}
{"level":30,"time":1778986002627,"pid":73835,"hostname":"Dereks-MacBook-Pro.local","module":"ingest","msg":"flush batch=85 releases=100 entities=232"}
{"level":30,"time":1778986002971,"pid":73835,"hostname":"Dereks-MacBook-Pro.local","module":"ingest","msg":"flush batch=86 releases=100 entities=213"}
{"level":30,"time":1778986003345,"pid":73835,"hostname":"Dereks-MacBook-Pro.local","module":"ingest","msg":"flush batch=87 releases=100 entities=243"}
{"level":30,"time":1778986003713,"pid":73835,"hostname":"Dereks-MacBook-Pro.local","module":"ingest","msg":"flush batch=88 releases=100 entities=237"}
{"level":30,"time":1778986004061,"pid":73835,"hostname":"Dereks-MacBook-Pro.local","module":"ingest","msg":"flush batch=89 releases=100 entities=236"}
{"level":30,"time":1778986004124,"pid":73835,"hostname":"Dereks-MacBook-Pro.local","module":"ingest","msg":"progress records=9000 elapsed=36.5s"}
{"level":30,"time":1778986004432,"pid":73835,"hostname":"Dereks-MacBook-Pro.local","module":"ingest","msg":"flush batch=90 releases=100 entities=240"}
{"level":30,"time":1778986004787,"pid":73835,"hostname":"Dereks-MacBook-Pro.local","module":"ingest","msg":"flush batch=91 releases=100 entities=238"}
{"level":30,"time":1778986005141,"pid":73835,"hostname":"Dereks-MacBook-Pro.local","module":"ingest","msg":"flush batch=92 releases=100 entities=243"}
{"level":30,"time":1778986005516,"pid":73835,"hostname":"Dereks-MacBook-Pro.local","module":"ingest","msg":"flush batch=93 releases=100 entities=243"}
{"level":30,"time":1778986005867,"pid":73835,"hostname":"Dereks-MacBook-Pro.local","module":"ingest","msg":"flush batch=94 releases=100 entities=240"}
{"level":30,"time":1778986006234,"pid":73835,"hostname":"Dereks-MacBook-Pro.local","module":"ingest","msg":"flush batch=95 releases=100 entities=262"}
{"level":30,"time":1778986006581,"pid":73835,"hostname":"Dereks-MacBook-Pro.local","module":"ingest","msg":"flush batch=96 releases=100 entities=261"}
{"level":30,"time":1778986006946,"pid":73835,"hostname":"Dereks-MacBook-Pro.local","module":"ingest","msg":"flush batch=97 releases=100 entities=250"}
{"level":30,"time":1778986007316,"pid":73835,"hostname":"Dereks-MacBook-Pro.local","module":"ingest","msg":"flush batch=98 releases=100 entities=240"}
{"level":30,"time":1778986007679,"pid":73835,"hostname":"Dereks-MacBook-Pro.local","module":"ingest","msg":"flush batch=99 releases=100 entities=248"}
{"level":30,"time":1778986007736,"pid":73835,"hostname":"Dereks-MacBook-Pro.local","module":"ingest","msg":"progress records=10000 elapsed=40.1s"}
{"level":30,"time":1778986008064,"pid":73835,"hostname":"Dereks-MacBook-Pro.local","module":"ingest","msg":"flush batch=100 releases=100 entities=252"}
{"level":30,"time":1778986008443,"pid":73835,"hostname":"Dereks-MacBook-Pro.local","module":"ingest","msg":"flush batch=101 releases=100 entities=260"}
{"level":30,"time":1778986008818,"pid":73835,"hostname":"Dereks-MacBook-Pro.local","module":"ingest","msg":"flush batch=102 releases=100 entities=255"}
{"level":30,"time":1778986009200,"pid":73835,"hostname":"Dereks-MacBook-Pro.local","module":"ingest","msg":"flush batch=103 releases=100 entities=229"}
{"level":30,"time":1778986009554,"pid":73835,"hostname":"Dereks-MacBook-Pro.local","module":"ingest","msg":"flush batch=104 releases=100 entities=225"}
{"level":30,"time":1778986009960,"pid":73835,"hostname":"Dereks-MacBook-Pro.local","module":"ingest","msg":"flush batch=105 releases=100 entities=272"}
{"level":30,"time":1778986010381,"pid":73835,"hostname":"Dereks-MacBook-Pro.local","module":"ingest","msg":"flush batch=106 releases=100 entities=268"}
{"level":30,"time":1778986010788,"pid":73835,"hostname":"Dereks-MacBook-Pro.local","module":"ingest","msg":"flush batch=107 releases=100 entities=266"}
{"level":30,"time":1778986011222,"pid":73835,"hostname":"Dereks-MacBook-Pro.local","module":"ingest","msg":"flush batch=108 releases=100 entities=257"}
{"level":30,"time":1778986011608,"pid":73835,"hostname":"Dereks-MacBook-Pro.local","module":"ingest","msg":"flush batch=109 releases=100 entities=263"}
{"level":30,"time":1778986011670,"pid":73835,"hostname":"Dereks-MacBook-Pro.local","module":"ingest","msg":"progress records=11000 elapsed=44.1s"}
{"level":30,"time":1778986011998,"pid":73835,"hostname":"Dereks-MacBook-Pro.local","module":"ingest","msg":"flush batch=110 releases=100 entities=268"}
{"level":30,"time":1778986012407,"pid":73835,"hostname":"Dereks-MacBook-Pro.local","module":"ingest","msg":"flush batch=111 releases=100 entities=271"}
{"level":30,"time":1778986012787,"pid":73835,"hostname":"Dereks-MacBook-Pro.local","module":"ingest","msg":"flush batch=112 releases=100 entities=272"}
{"level":30,"time":1778986013171,"pid":73835,"hostname":"Dereks-MacBook-Pro.local","module":"ingest","msg":"flush batch=113 releases=100 entities=268"}
{"level":30,"time":1778986013603,"pid":73835,"hostname":"Dereks-MacBook-Pro.local","module":"ingest","msg":"flush batch=114 releases=100 entities=275"}
{"level":30,"time":1778986014031,"pid":73835,"hostname":"Dereks-MacBook-Pro.local","module":"ingest","msg":"flush batch=115 releases=100 entities=272"}
{"level":30,"time":1778986014456,"pid":73835,"hostname":"Dereks-MacBook-Pro.local","module":"ingest","msg":"flush batch=116 releases=100 entities=292"}
{"level":30,"time":1778986014854,"pid":73835,"hostname":"Dereks-MacBook-Pro.local","module":"ingest","msg":"flush batch=117 releases=100 entities=290"}
{"level":30,"time":1778986015253,"pid":73835,"hostname":"Dereks-MacBook-Pro.local","module":"ingest","msg":"flush batch=118 releases=100 entities=287"}
{"level":30,"time":1778986015648,"pid":73835,"hostname":"Dereks-MacBook-Pro.local","module":"ingest","msg":"flush batch=119 releases=100 entities=277"}
{"level":30,"time":1778986015715,"pid":73835,"hostname":"Dereks-MacBook-Pro.local","module":"ingest","msg":"progress records=12000 elapsed=48.1s"}
{"level":30,"time":1778986016045,"pid":73835,"hostname":"Dereks-MacBook-Pro.local","module":"ingest","msg":"flush batch=120 releases=100 entities=280"}
{"level":30,"time":1778986016404,"pid":73835,"hostname":"Dereks-MacBook-Pro.local","module":"ingest","msg":"flush batch=121 releases=100 entities=273"}
{"level":30,"time":1778986016769,"pid":73835,"hostname":"Dereks-MacBook-Pro.local","module":"ingest","msg":"flush batch=122 releases=100 entities=274"}
{"level":30,"time":1778986017150,"pid":73835,"hostname":"Dereks-MacBook-Pro.local","module":"ingest","msg":"flush batch=123 releases=100 entities=277"}
{"level":30,"time":1778986017501,"pid":73835,"hostname":"Dereks-MacBook-Pro.local","module":"ingest","msg":"flush batch=124 releases=100 entities=271"}
{"level":30,"time":1778986017868,"pid":73835,"hostname":"Dereks-MacBook-Pro.local","module":"ingest","msg":"flush batch=125 releases=100 entities=275"}
{"level":30,"time":1778986018247,"pid":73835,"hostname":"Dereks-MacBook-Pro.local","module":"ingest","msg":"flush batch=126 releases=100 entities=272"}
{"level":30,"time":1778986018613,"pid":73835,"hostname":"Dereks-MacBook-Pro.local","module":"ingest","msg":"flush batch=127 releases=100 entities=279"}
{"level":30,"time":1778986019008,"pid":73835,"hostname":"Dereks-MacBook-Pro.local","module":"ingest","msg":"flush batch=128 releases=100 entities=273"}
{"level":30,"time":1778986019401,"pid":73835,"hostname":"Dereks-MacBook-Pro.local","module":"ingest","msg":"flush batch=129 releases=100 entities=292"}
{"level":30,"time":1778986019465,"pid":73835,"hostname":"Dereks-MacBook-Pro.local","module":"ingest","msg":"progress records=13000 elapsed=51.9s"}
{"level":30,"time":1778986019795,"pid":73835,"hostname":"Dereks-MacBook-Pro.local","module":"ingest","msg":"flush batch=130 releases=100 entities=278"}
{"level":30,"time":1778986020196,"pid":73835,"hostname":"Dereks-MacBook-Pro.local","module":"ingest","msg":"flush batch=131 releases=100 entities=289"}
{"level":30,"time":1778986020564,"pid":73835,"hostname":"Dereks-MacBook-Pro.local","module":"ingest","msg":"flush batch=132 releases=100 entities=282"}
{"level":30,"time":1778986020946,"pid":73835,"hostname":"Dereks-MacBook-Pro.local","module":"ingest","msg":"flush batch=133 releases=100 entities=281"}
{"level":30,"time":1778986021306,"pid":73835,"hostname":"Dereks-MacBook-Pro.local","module":"ingest","msg":"flush batch=134 releases=100 entities=284"}
{"level":30,"time":1778986021673,"pid":73835,"hostname":"Dereks-MacBook-Pro.local","module":"ingest","msg":"flush batch=135 releases=100 entities=285"}
{"level":30,"time":1778986022070,"pid":73835,"hostname":"Dereks-MacBook-Pro.local","module":"ingest","msg":"flush batch=136 releases=100 entities=284"}
{"level":30,"time":1778986022448,"pid":73835,"hostname":"Dereks-MacBook-Pro.local","module":"ingest","msg":"flush batch=137 releases=100 entities=290"}
{"level":30,"time":1778986022837,"pid":73835,"hostname":"Dereks-MacBook-Pro.local","module":"ingest","msg":"flush batch=138 releases=100 entities=285"}
{"level":30,"time":1778986023211,"pid":73835,"hostname":"Dereks-MacBook-Pro.local","module":"ingest","msg":"flush batch=139 releases=100 entities=273"}
{"level":30,"time":1778986023281,"pid":73835,"hostname":"Dereks-MacBook-Pro.local","module":"ingest","msg":"progress records=14000 elapsed=55.7s"}
{"level":30,"time":1778986023626,"pid":73835,"hostname":"Dereks-MacBook-Pro.local","module":"ingest","msg":"flush batch=140 releases=100 entities=280"}
{"level":30,"time":1778986024033,"pid":73835,"hostname":"Dereks-MacBook-Pro.local","module":"ingest","msg":"flush batch=141 releases=100 entities=282"}
{"level":30,"time":1778986024392,"pid":73835,"hostname":"Dereks-MacBook-Pro.local","module":"ingest","msg":"flush batch=142 releases=100 entities=272"}
{"level":30,"time":1778986024758,"pid":73835,"hostname":"Dereks-MacBook-Pro.local","module":"ingest","msg":"flush batch=143 releases=100 entities=271"}
{"level":30,"time":1778986025141,"pid":73835,"hostname":"Dereks-MacBook-Pro.local","module":"ingest","msg":"flush batch=144 releases=100 entities=275"}
{"level":30,"time":1778986025530,"pid":73835,"hostname":"Dereks-MacBook-Pro.local","module":"ingest","msg":"flush batch=145 releases=100 entities=290"}
{"level":30,"time":1778986025912,"pid":73835,"hostname":"Dereks-MacBook-Pro.local","module":"ingest","msg":"flush batch=146 releases=100 entities=276"}
{"level":30,"time":1778986026378,"pid":73835,"hostname":"Dereks-MacBook-Pro.local","module":"ingest","msg":"flush batch=147 releases=100 entities=279"}
{"level":30,"time":1778986026752,"pid":73835,"hostname":"Dereks-MacBook-Pro.local","module":"ingest","msg":"flush batch=148 releases=100 entities=285"}
{"level":30,"time":1778986027115,"pid":73835,"hostname":"Dereks-MacBook-Pro.local","module":"ingest","msg":"flush batch=149 releases=100 entities=287"}
{"level":30,"time":1778986027179,"pid":73835,"hostname":"Dereks-MacBook-Pro.local","module":"ingest","msg":"progress records=15000 elapsed=59.6s"}
{"level":30,"time":1778986027507,"pid":73835,"hostname":"Dereks-MacBook-Pro.local","module":"ingest","msg":"flush batch=150 releases=100 entities=291"}
{"level":30,"time":1778986027923,"pid":73835,"hostname":"Dereks-MacBook-Pro.local","module":"ingest","msg":"flush batch=151 releases=100 entities=282"}
{"level":30,"time":1778986028344,"pid":73835,"hostname":"Dereks-MacBook-Pro.local","module":"ingest","msg":"flush batch=152 releases=100 entities=290"}
{"level":30,"time":1778986028728,"pid":73835,"hostname":"Dereks-MacBook-Pro.local","module":"ingest","msg":"flush batch=153 releases=100 entities=286"}
{"level":30,"time":1778986029097,"pid":73835,"hostname":"Dereks-MacBook-Pro.local","module":"ingest","msg":"flush batch=154 releases=100 entities=284"}
{"level":30,"time":1778986029473,"pid":73835,"hostname":"Dereks-MacBook-Pro.local","module":"ingest","msg":"flush batch=155 releases=100 entities=289"}
{"level":30,"time":1778986029862,"pid":73835,"hostname":"Dereks-MacBook-Pro.local","module":"ingest","msg":"flush batch=156 releases=100 entities=288"}
{"level":30,"time":1778986030245,"pid":73835,"hostname":"Dereks-MacBook-Pro.local","module":"ingest","msg":"flush batch=157 releases=100 entities=288"}
{"level":30,"time":1778986030648,"pid":73835,"hostname":"Dereks-MacBook-Pro.local","module":"ingest","msg":"flush batch=158 releases=100 entities=292"}
{"level":30,"time":1778986031059,"pid":73835,"hostname":"Dereks-MacBook-Pro.local","module":"ingest","msg":"flush batch=159 releases=100 entities=288"}
{"level":30,"time":1778986031118,"pid":73835,"hostname":"Dereks-MacBook-Pro.local","module":"ingest","msg":"progress records=16000 elapsed=63.5s"}
{"level":30,"time":1778986031470,"pid":73835,"hostname":"Dereks-MacBook-Pro.local","module":"ingest","msg":"flush batch=160 releases=100 entities=278"}
{"level":30,"time":1778986031875,"pid":73835,"hostname":"Dereks-MacBook-Pro.local","module":"ingest","msg":"flush batch=161 releases=100 entities=294"}
{"level":30,"time":1778986032272,"pid":73835,"hostname":"Dereks-MacBook-Pro.local","module":"ingest","msg":"flush batch=162 releases=100 entities=290"}
{"level":30,"time":1778986032657,"pid":73835,"hostname":"Dereks-MacBook-Pro.local","module":"ingest","msg":"flush batch=163 releases=100 entities=289"}
{"level":30,"time":1778986033026,"pid":73835,"hostname":"Dereks-MacBook-Pro.local","module":"ingest","msg":"flush batch=164 releases=100 entities=297"}
{"level":30,"time":1778986033403,"pid":73835,"hostname":"Dereks-MacBook-Pro.local","module":"ingest","msg":"flush batch=165 releases=100 entities=288"}
{"level":30,"time":1778986033806,"pid":73835,"hostname":"Dereks-MacBook-Pro.local","module":"ingest","msg":"flush batch=166 releases=100 entities=296"}
{"level":30,"time":1778986034188,"pid":73835,"hostname":"Dereks-MacBook-Pro.local","module":"ingest","msg":"flush batch=167 releases=100 entities=289"}
{"level":30,"time":1778986034568,"pid":73835,"hostname":"Dereks-MacBook-Pro.local","module":"ingest","msg":"flush batch=168 releases=100 entities=295"}
{"level":30,"time":1778986034945,"pid":73835,"hostname":"Dereks-MacBook-Pro.local","module":"ingest","msg":"flush batch=169 releases=100 entities=296"}
{"level":30,"time":1778986035018,"pid":73835,"hostname":"Dereks-MacBook-Pro.local","module":"ingest","msg":"progress records=17000 elapsed=67.4s"}
{"level":30,"time":1778986035343,"pid":73835,"hostname":"Dereks-MacBook-Pro.local","module":"ingest","msg":"flush batch=170 releases=100 entities=306"}
{"level":30,"time":1778986035707,"pid":73835,"hostname":"Dereks-MacBook-Pro.local","module":"ingest","msg":"flush batch=171 releases=100 entities=293"}
{"level":30,"time":1778986036087,"pid":73835,"hostname":"Dereks-MacBook-Pro.local","module":"ingest","msg":"flush batch=172 releases=100 entities=287"}
{"level":30,"time":1778986036458,"pid":73835,"hostname":"Dereks-MacBook-Pro.local","module":"ingest","msg":"flush batch=173 releases=100 entities=288"}
{"level":30,"time":1778986036839,"pid":73835,"hostname":"Dereks-MacBook-Pro.local","module":"ingest","msg":"flush batch=174 releases=100 entities=287"}
{"level":30,"time":1778986037246,"pid":73835,"hostname":"Dereks-MacBook-Pro.local","module":"ingest","msg":"flush batch=175 releases=100 entities=285"}
{"level":30,"time":1778986037628,"pid":73835,"hostname":"Dereks-MacBook-Pro.local","module":"ingest","msg":"flush batch=176 releases=100 entities=283"}
{"level":30,"time":1778986038034,"pid":73835,"hostname":"Dereks-MacBook-Pro.local","module":"ingest","msg":"flush batch=177 releases=100 entities=290"}
{"level":30,"time":1778986038438,"pid":73835,"hostname":"Dereks-MacBook-Pro.local","module":"ingest","msg":"flush batch=178 releases=100 entities=299"}
{"level":30,"time":1778986038843,"pid":73835,"hostname":"Dereks-MacBook-Pro.local","module":"ingest","msg":"flush batch=179 releases=100 entities=294"}
{"level":30,"time":1778986038912,"pid":73835,"hostname":"Dereks-MacBook-Pro.local","module":"ingest","msg":"progress records=18000 elapsed=71.3s"}
{"level":30,"time":1778986039244,"pid":73835,"hostname":"Dereks-MacBook-Pro.local","module":"ingest","msg":"flush batch=180 releases=100 entities=299"}
{"level":30,"time":1778986039630,"pid":73835,"hostname":"Dereks-MacBook-Pro.local","module":"ingest","msg":"flush batch=181 releases=100 entities=289"}
{"level":30,"time":1778986040063,"pid":73835,"hostname":"Dereks-MacBook-Pro.local","module":"ingest","msg":"flush batch=182 releases=100 entities=297"}
{"level":30,"time":1778986040466,"pid":73835,"hostname":"Dereks-MacBook-Pro.local","module":"ingest","msg":"flush batch=183 releases=100 entities=293"}
{"level":30,"time":1778986040861,"pid":73835,"hostname":"Dereks-MacBook-Pro.local","module":"ingest","msg":"flush batch=184 releases=100 entities=295"}
{"level":30,"time":1778986041311,"pid":73835,"hostname":"Dereks-MacBook-Pro.local","module":"ingest","msg":"flush batch=185 releases=100 entities=297"}
{"level":30,"time":1778986041708,"pid":73835,"hostname":"Dereks-MacBook-Pro.local","module":"ingest","msg":"flush batch=186 releases=100 entities=302"}
{"level":30,"time":1778986042104,"pid":73835,"hostname":"Dereks-MacBook-Pro.local","module":"ingest","msg":"flush batch=187 releases=100 entities=304"}
{"level":30,"time":1778986042499,"pid":73835,"hostname":"Dereks-MacBook-Pro.local","module":"ingest","msg":"flush batch=188 releases=100 entities=287"}
{"level":30,"time":1778986042910,"pid":73835,"hostname":"Dereks-MacBook-Pro.local","module":"ingest","msg":"flush batch=189 releases=100 entities=283"}
{"level":30,"time":1778986042981,"pid":73835,"hostname":"Dereks-MacBook-Pro.local","module":"ingest","msg":"progress records=19000 elapsed=75.4s"}
{"level":30,"time":1778986043367,"pid":73835,"hostname":"Dereks-MacBook-Pro.local","module":"ingest","msg":"flush batch=190 releases=100 entities=288"}
{"level":30,"time":1778986043752,"pid":73835,"hostname":"Dereks-MacBook-Pro.local","module":"ingest","msg":"flush batch=191 releases=100 entities=290"}
{"level":30,"time":1778986044195,"pid":73835,"hostname":"Dereks-MacBook-Pro.local","module":"ingest","msg":"flush batch=192 releases=100 entities=293"}
{"level":30,"time":1778986044603,"pid":73835,"hostname":"Dereks-MacBook-Pro.local","module":"ingest","msg":"flush batch=193 releases=100 entities=294"}
{"level":30,"time":1778986045017,"pid":73835,"hostname":"Dereks-MacBook-Pro.local","module":"ingest","msg":"flush batch=194 releases=100 entities=299"}
{"level":30,"time":1778986045400,"pid":73835,"hostname":"Dereks-MacBook-Pro.local","module":"ingest","msg":"flush batch=195 releases=100 entities=293"}
{"level":30,"time":1778986045793,"pid":73835,"hostname":"Dereks-MacBook-Pro.local","module":"ingest","msg":"flush batch=196 releases=100 entities=295"}
{"level":30,"time":1778986046213,"pid":73835,"hostname":"Dereks-MacBook-Pro.local","module":"ingest","msg":"flush batch=197 releases=100 entities=297"}
{"level":30,"time":1778986046585,"pid":73835,"hostname":"Dereks-MacBook-Pro.local","module":"ingest","msg":"flush batch=198 releases=100 entities=290"}
{"level":30,"time":1778986046959,"pid":73835,"hostname":"Dereks-MacBook-Pro.local","module":"ingest","msg":"flush batch=199 releases=100 entities=293"}
{"level":30,"time":1778986047026,"pid":73835,"hostname":"Dereks-MacBook-Pro.local","module":"ingest","msg":"progress records=20000 elapsed=79.4s"}
{"level":30,"time":1778986047386,"pid":73835,"hostname":"Dereks-MacBook-Pro.local","module":"ingest","msg":"flush batch=200 releases=100 entities=288"}
{"level":30,"time":1778986047750,"pid":73835,"hostname":"Dereks-MacBook-Pro.local","module":"ingest","msg":"flush batch=201 releases=100 entities=281"}
{"level":30,"time":1778986048165,"pid":73835,"hostname":"Dereks-MacBook-Pro.local","module":"ingest","msg":"flush batch=202 releases=100 entities=289"}
{"level":30,"time":1778986048541,"pid":73835,"hostname":"Dereks-MacBook-Pro.local","module":"ingest","msg":"flush batch=203 releases=100 entities=291"}
{"level":30,"time":1778986048906,"pid":73835,"hostname":"Dereks-MacBook-Pro.local","module":"ingest","msg":"flush batch=204 releases=100 entities=283"}
{"level":30,"time":1778986049305,"pid":73835,"hostname":"Dereks-MacBook-Pro.local","module":"ingest","msg":"flush batch=205 releases=100 entities=283"}
{"level":30,"time":1778986049679,"pid":73835,"hostname":"Dereks-MacBook-Pro.local","module":"ingest","msg":"flush batch=206 releases=100 entities=284"}
{"level":30,"time":1778986050076,"pid":73835,"hostname":"Dereks-MacBook-Pro.local","module":"ingest","msg":"flush batch=207 releases=100 entities=287"}
{"level":30,"time":1778986050460,"pid":73835,"hostname":"Dereks-MacBook-Pro.local","module":"ingest","msg":"flush batch=208 releases=100 entities=294"}
{"level":30,"time":1778986050843,"pid":73835,"hostname":"Dereks-MacBook-Pro.local","module":"ingest","msg":"flush batch=209 releases=100 entities=290"}
{"level":30,"time":1778986050915,"pid":73835,"hostname":"Dereks-MacBook-Pro.local","module":"ingest","msg":"progress records=21000 elapsed=83.3s"}
{"level":30,"time":1778986051235,"pid":73835,"hostname":"Dereks-MacBook-Pro.local","module":"ingest","msg":"flush batch=210 releases=100 entities=293"}
{"level":30,"time":1778986051626,"pid":73835,"hostname":"Dereks-MacBook-Pro.local","module":"ingest","msg":"flush batch=211 releases=100 entities=283"}
{"level":30,"time":1778986052023,"pid":73835,"hostname":"Dereks-MacBook-Pro.local","module":"ingest","msg":"flush batch=212 releases=100 entities=289"}
{"level":30,"time":1778986052424,"pid":73835,"hostname":"Dereks-MacBook-Pro.local","module":"ingest","msg":"flush batch=213 releases=100 entities=286"}
{"level":30,"time":1778986052827,"pid":73835,"hostname":"Dereks-MacBook-Pro.local","module":"ingest","msg":"flush batch=214 releases=100 entities=290"}
{"level":30,"time":1778986053211,"pid":73835,"hostname":"Dereks-MacBook-Pro.local","module":"ingest","msg":"flush batch=215 releases=100 entities=282"}
{"level":30,"time":1778986053603,"pid":73835,"hostname":"Dereks-MacBook-Pro.local","module":"ingest","msg":"flush batch=216 releases=100 entities=290"}
{"level":30,"time":1778986053995,"pid":73835,"hostname":"Dereks-MacBook-Pro.local","module":"ingest","msg":"flush batch=217 releases=100 entities=297"}
{"level":30,"time":1778986054387,"pid":73835,"hostname":"Dereks-MacBook-Pro.local","module":"ingest","msg":"flush batch=218 releases=100 entities=304"}
{"level":30,"time":1778986054785,"pid":73835,"hostname":"Dereks-MacBook-Pro.local","module":"ingest","msg":"flush batch=219 releases=100 entities=301"}
{"level":30,"time":1778986054851,"pid":73835,"hostname":"Dereks-MacBook-Pro.local","module":"ingest","msg":"progress records=22000 elapsed=87.3s"}
{"level":30,"time":1778986055220,"pid":73835,"hostname":"Dereks-MacBook-Pro.local","module":"ingest","msg":"flush batch=220 releases=100 entities=303"}
{"level":30,"time":1778986055620,"pid":73835,"hostname":"Dereks-MacBook-Pro.local","module":"ingest","msg":"flush batch=221 releases=100 entities=297"}
{"level":30,"time":1778986055996,"pid":73835,"hostname":"Dereks-MacBook-Pro.local","module":"ingest","msg":"flush batch=222 releases=100 entities=295"}
{"level":30,"time":1778986056374,"pid":73835,"hostname":"Dereks-MacBook-Pro.local","module":"ingest","msg":"flush batch=223 releases=100 entities=298"}
{"level":30,"time":1778986056740,"pid":73835,"hostname":"Dereks-MacBook-Pro.local","module":"ingest","msg":"flush batch=224 releases=100 entities=302"}
{"level":30,"time":1778986057174,"pid":73835,"hostname":"Dereks-MacBook-Pro.local","module":"ingest","msg":"flush batch=225 releases=100 entities=295"}
{"level":30,"time":1778986057551,"pid":73835,"hostname":"Dereks-MacBook-Pro.local","module":"ingest","msg":"flush batch=226 releases=100 entities=291"}
{"level":30,"time":1778986057961,"pid":73835,"hostname":"Dereks-MacBook-Pro.local","module":"ingest","msg":"flush batch=227 releases=100 entities=293"}
{"level":30,"time":1778986058354,"pid":73835,"hostname":"Dereks-MacBook-Pro.local","module":"ingest","msg":"flush batch=228 releases=100 entities=294"}
{"level":30,"time":1778986058740,"pid":73835,"hostname":"Dereks-MacBook-Pro.local","module":"ingest","msg":"flush batch=229 releases=100 entities=289"}
{"level":30,"time":1778986058794,"pid":73835,"hostname":"Dereks-MacBook-Pro.local","module":"ingest","msg":"progress records=23000 elapsed=91.2s"}
{"level":30,"time":1778986059119,"pid":73835,"hostname":"Dereks-MacBook-Pro.local","module":"ingest","msg":"flush batch=230 releases=100 entities=290"}
{"level":30,"time":1778986059503,"pid":73835,"hostname":"Dereks-MacBook-Pro.local","module":"ingest","msg":"flush batch=231 releases=100 entities=280"}
{"level":30,"time":1778986059884,"pid":73835,"hostname":"Dereks-MacBook-Pro.local","module":"ingest","msg":"flush batch=232 releases=100 entities=268"}
{"level":30,"time":1778986060265,"pid":73835,"hostname":"Dereks-MacBook-Pro.local","module":"ingest","msg":"flush batch=233 releases=100 entities=282"}
{"level":30,"time":1778986060647,"pid":73835,"hostname":"Dereks-MacBook-Pro.local","module":"ingest","msg":"flush batch=234 releases=100 entities=269"}
{"level":30,"time":1778986061034,"pid":73835,"hostname":"Dereks-MacBook-Pro.local","module":"ingest","msg":"flush batch=235 releases=100 entities=264"}
{"level":30,"time":1778986061419,"pid":73835,"hostname":"Dereks-MacBook-Pro.local","module":"ingest","msg":"flush batch=236 releases=100 entities=291"}
{"level":30,"time":1778986061827,"pid":73835,"hostname":"Dereks-MacBook-Pro.local","module":"ingest","msg":"flush batch=237 releases=100 entities=283"}
{"level":30,"time":1778986062213,"pid":73835,"hostname":"Dereks-MacBook-Pro.local","module":"ingest","msg":"flush batch=238 releases=100 entities=291"}
{"level":30,"time":1778986062579,"pid":73835,"hostname":"Dereks-MacBook-Pro.local","module":"ingest","msg":"flush batch=239 releases=100 entities=272"}
{"level":30,"time":1778986062649,"pid":73835,"hostname":"Dereks-MacBook-Pro.local","module":"ingest","msg":"progress records=24000 elapsed=95.0s"}
{"level":30,"time":1778986062964,"pid":73835,"hostname":"Dereks-MacBook-Pro.local","module":"ingest","msg":"flush batch=240 releases=100 entities=262"}
{"level":30,"time":1778986063353,"pid":73835,"hostname":"Dereks-MacBook-Pro.local","module":"ingest","msg":"flush batch=241 releases=100 entities=266"}
{"level":30,"time":1778986063742,"pid":73835,"hostname":"Dereks-MacBook-Pro.local","module":"ingest","msg":"flush batch=242 releases=100 entities=301"}
{"level":30,"time":1778986064135,"pid":73835,"hostname":"Dereks-MacBook-Pro.local","module":"ingest","msg":"flush batch=243 releases=100 entities=282"}
{"level":30,"time":1778986064518,"pid":73835,"hostname":"Dereks-MacBook-Pro.local","module":"ingest","msg":"flush batch=244 releases=100 entities=269"}
{"level":30,"time":1778986064930,"pid":73835,"hostname":"Dereks-MacBook-Pro.local","module":"ingest","msg":"flush batch=245 releases=100 entities=289"}
{"level":30,"time":1778986065321,"pid":73835,"hostname":"Dereks-MacBook-Pro.local","module":"ingest","msg":"flush batch=246 releases=100 entities=295"}
{"level":30,"time":1778986065686,"pid":73835,"hostname":"Dereks-MacBook-Pro.local","module":"ingest","msg":"flush batch=247 releases=100 entities=290"}
{"level":30,"time":1778986066058,"pid":73835,"hostname":"Dereks-MacBook-Pro.local","module":"ingest","msg":"flush batch=248 releases=100 entities=293"}
{"level":30,"time":1778986066431,"pid":73835,"hostname":"Dereks-MacBook-Pro.local","module":"ingest","msg":"flush batch=249 releases=100 entities=280"}
{"level":30,"time":1778986066492,"pid":73835,"hostname":"Dereks-MacBook-Pro.local","module":"ingest","msg":"progress records=25000 elapsed=98.9s"}
{"level":30,"time":1778986066816,"pid":73835,"hostname":"Dereks-MacBook-Pro.local","module":"ingest","msg":"flush batch=250 releases=100 entities=297"}
{"level":30,"time":1778986067202,"pid":73835,"hostname":"Dereks-MacBook-Pro.local","module":"ingest","msg":"flush batch=251 releases=100 entities=301"}
{"level":30,"time":1778986067574,"pid":73835,"hostname":"Dereks-MacBook-Pro.local","module":"ingest","msg":"flush batch=252 releases=100 entities=293"}
{"level":30,"time":1778986067970,"pid":73835,"hostname":"Dereks-MacBook-Pro.local","module":"ingest","msg":"flush batch=253 releases=100 entities=320"}
{"level":30,"time":1778986068387,"pid":73835,"hostname":"Dereks-MacBook-Pro.local","module":"ingest","msg":"flush batch=254 releases=100 entities=300"}
{"level":30,"time":1778986068768,"pid":73835,"hostname":"Dereks-MacBook-Pro.local","module":"ingest","msg":"flush batch=255 releases=100 entities=296"}
{"level":30,"time":1778986069161,"pid":73835,"hostname":"Dereks-MacBook-Pro.local","module":"ingest","msg":"flush batch=256 releases=100 entities=294"}
{"level":30,"time":1778986069590,"pid":73835,"hostname":"Dereks-MacBook-Pro.local","module":"ingest","msg":"flush batch=257 releases=100 entities=285"}
{"level":30,"time":1778986070008,"pid":73835,"hostname":"Dereks-MacBook-Pro.local","module":"ingest","msg":"flush batch=258 releases=100 entities=286"}
{"level":30,"time":1778986070429,"pid":73835,"hostname":"Dereks-MacBook-Pro.local","module":"ingest","msg":"flush batch=259 releases=100 entities=286"}
{"level":30,"time":1778986070499,"pid":73835,"hostname":"Dereks-MacBook-Pro.local","module":"ingest","msg":"progress records=26000 elapsed=102.9s"}
{"level":30,"time":1778986070835,"pid":73835,"hostname":"Dereks-MacBook-Pro.local","module":"ingest","msg":"flush batch=260 releases=100 entities=277"}
{"level":30,"time":1778986071284,"pid":73835,"hostname":"Dereks-MacBook-Pro.local","module":"ingest","msg":"flush batch=261 releases=100 entities=317"}
{"level":30,"time":1778986071669,"pid":73835,"hostname":"Dereks-MacBook-Pro.local","module":"ingest","msg":"flush batch=262 releases=100 entities=300"}
{"level":30,"time":1778986072073,"pid":73835,"hostname":"Dereks-MacBook-Pro.local","module":"ingest","msg":"flush batch=263 releases=100 entities=299"}
{"level":30,"time":1778986072460,"pid":73835,"hostname":"Dereks-MacBook-Pro.local","module":"ingest","msg":"flush batch=264 releases=100 entities=298"}
{"level":30,"time":1778986072874,"pid":73835,"hostname":"Dereks-MacBook-Pro.local","module":"ingest","msg":"flush batch=265 releases=100 entities=297"}
{"level":30,"time":1778986073270,"pid":73835,"hostname":"Dereks-MacBook-Pro.local","module":"ingest","msg":"flush batch=266 releases=100 entities=297"}
{"level":30,"time":1778986073657,"pid":73835,"hostname":"Dereks-MacBook-Pro.local","module":"ingest","msg":"flush batch=267 releases=100 entities=290"}
{"level":30,"time":1778986074071,"pid":73835,"hostname":"Dereks-MacBook-Pro.local","module":"ingest","msg":"flush batch=268 releases=100 entities=291"}
{"level":30,"time":1778986074469,"pid":73835,"hostname":"Dereks-MacBook-Pro.local","module":"ingest","msg":"flush batch=269 releases=100 entities=290"}
{"level":30,"time":1778986074532,"pid":73835,"hostname":"Dereks-MacBook-Pro.local","module":"ingest","msg":"progress records=27000 elapsed=106.9s"}
{"level":30,"time":1778986074873,"pid":73835,"hostname":"Dereks-MacBook-Pro.local","module":"ingest","msg":"flush batch=270 releases=100 entities=287"}
{"level":30,"time":1778986075277,"pid":73835,"hostname":"Dereks-MacBook-Pro.local","module":"ingest","msg":"flush batch=271 releases=100 entities=284"}
{"level":30,"time":1778986075639,"pid":73835,"hostname":"Dereks-MacBook-Pro.local","module":"ingest","msg":"flush batch=272 releases=100 entities=283"}
{"level":30,"time":1778986076010,"pid":73835,"hostname":"Dereks-MacBook-Pro.local","module":"ingest","msg":"flush batch=273 releases=100 entities=294"}
{"level":30,"time":1778986076380,"pid":73835,"hostname":"Dereks-MacBook-Pro.local","module":"ingest","msg":"flush batch=274 releases=100 entities=284"}
{"level":30,"time":1778986076758,"pid":73835,"hostname":"Dereks-MacBook-Pro.local","module":"ingest","msg":"flush batch=275 releases=100 entities=292"}
{"level":30,"time":1778986077135,"pid":73835,"hostname":"Dereks-MacBook-Pro.local","module":"ingest","msg":"flush batch=276 releases=100 entities=284"}
{"level":30,"time":1778986077501,"pid":73835,"hostname":"Dereks-MacBook-Pro.local","module":"ingest","msg":"flush batch=277 releases=100 entities=289"}
{"level":30,"time":1778986077871,"pid":73835,"hostname":"Dereks-MacBook-Pro.local","module":"ingest","msg":"flush batch=278 releases=100 entities=297"}
{"level":30,"time":1778986078238,"pid":73835,"hostname":"Dereks-MacBook-Pro.local","module":"ingest","msg":"flush batch=279 releases=100 entities=290"}
{"level":30,"time":1778986078299,"pid":73835,"hostname":"Dereks-MacBook-Pro.local","module":"ingest","msg":"progress records=28000 elapsed=110.7s"}
{"level":30,"time":1778986078630,"pid":73835,"hostname":"Dereks-MacBook-Pro.local","module":"ingest","msg":"flush batch=280 releases=100 entities=279"}
{"level":30,"time":1778986079017,"pid":73835,"hostname":"Dereks-MacBook-Pro.local","module":"ingest","msg":"flush batch=281 releases=100 entities=260"}
{"level":30,"time":1778986079404,"pid":73835,"hostname":"Dereks-MacBook-Pro.local","module":"ingest","msg":"flush batch=282 releases=100 entities=283"}
{"level":30,"time":1778986079789,"pid":73835,"hostname":"Dereks-MacBook-Pro.local","module":"ingest","msg":"flush batch=283 releases=100 entities=316"}
{"level":30,"time":1778986080214,"pid":73835,"hostname":"Dereks-MacBook-Pro.local","module":"ingest","msg":"flush batch=284 releases=100 entities=318"}
{"level":30,"time":1778986080617,"pid":73835,"hostname":"Dereks-MacBook-Pro.local","module":"ingest","msg":"flush batch=285 releases=100 entities=300"}
{"level":30,"time":1778986080996,"pid":73835,"hostname":"Dereks-MacBook-Pro.local","module":"ingest","msg":"flush batch=286 releases=100 entities=286"}
{"level":30,"time":1778986081389,"pid":73835,"hostname":"Dereks-MacBook-Pro.local","module":"ingest","msg":"flush batch=287 releases=100 entities=313"}
{"level":30,"time":1778986081763,"pid":73835,"hostname":"Dereks-MacBook-Pro.local","module":"ingest","msg":"flush batch=288 releases=100 entities=283"}
{"level":30,"time":1778986082126,"pid":73835,"hostname":"Dereks-MacBook-Pro.local","module":"ingest","msg":"flush batch=289 releases=100 entities=282"}
{"level":30,"time":1778986082202,"pid":73835,"hostname":"Dereks-MacBook-Pro.local","module":"ingest","msg":"progress records=29000 elapsed=114.6s"}
{"level":30,"time":1778986082551,"pid":73835,"hostname":"Dereks-MacBook-Pro.local","module":"ingest","msg":"flush batch=290 releases=100 entities=301"}
{"level":30,"time":1778986082949,"pid":73835,"hostname":"Dereks-MacBook-Pro.local","module":"ingest","msg":"flush batch=291 releases=100 entities=299"}
{"level":30,"time":1778986083332,"pid":73835,"hostname":"Dereks-MacBook-Pro.local","module":"ingest","msg":"flush batch=292 releases=100 entities=305"}
{"level":30,"time":1778986083741,"pid":73835,"hostname":"Dereks-MacBook-Pro.local","module":"ingest","msg":"flush batch=293 releases=100 entities=293"}
{"level":30,"time":1778986084172,"pid":73835,"hostname":"Dereks-MacBook-Pro.local","module":"ingest","msg":"flush batch=294 releases=100 entities=292"}
{"level":30,"time":1778986084592,"pid":73835,"hostname":"Dereks-MacBook-Pro.local","module":"ingest","msg":"flush batch=295 releases=100 entities=308"}
{"level":30,"time":1778986085004,"pid":73835,"hostname":"Dereks-MacBook-Pro.local","module":"ingest","msg":"flush batch=296 releases=100 entities=308"}
{"level":30,"time":1778986085436,"pid":73835,"hostname":"Dereks-MacBook-Pro.local","module":"ingest","msg":"flush batch=297 releases=100 entities=301"}
{"level":30,"time":1778986085840,"pid":73835,"hostname":"Dereks-MacBook-Pro.local","module":"ingest","msg":"flush batch=298 releases=100 entities=278"}
{"level":30,"time":1778986086275,"pid":73835,"hostname":"Dereks-MacBook-Pro.local","module":"ingest","msg":"flush batch=299 releases=100 entities=292"}
{"level":30,"time":1778986086327,"pid":73835,"hostname":"Dereks-MacBook-Pro.local","module":"ingest","msg":"progress records=30000 elapsed=118.7s"}
{"level":30,"time":1778986086651,"pid":73835,"hostname":"Dereks-MacBook-Pro.local","module":"ingest","msg":"flush batch=300 releases=100 entities=298"}
{"level":30,"time":1778986087081,"pid":73835,"hostname":"Dereks-MacBook-Pro.local","module":"ingest","msg":"flush batch=301 releases=100 entities=297"}
{"level":30,"time":1778986087452,"pid":73835,"hostname":"Dereks-MacBook-Pro.local","module":"ingest","msg":"flush batch=302 releases=100 entities=297"}
{"level":30,"time":1778986087854,"pid":73835,"hostname":"Dereks-MacBook-Pro.local","module":"ingest","msg":"flush batch=303 releases=100 entities=302"}
{"level":30,"time":1778986088248,"pid":73835,"hostname":"Dereks-MacBook-Pro.local","module":"ingest","msg":"flush batch=304 releases=100 entities=293"}
{"level":30,"time":1778986088638,"pid":73835,"hostname":"Dereks-MacBook-Pro.local","module":"ingest","msg":"flush batch=305 releases=100 entities=294"}
{"level":30,"time":1778986088997,"pid":73835,"hostname":"Dereks-MacBook-Pro.local","module":"ingest","msg":"flush batch=306 releases=100 entities=290"}
{"level":30,"time":1778986089381,"pid":73835,"hostname":"Dereks-MacBook-Pro.local","module":"ingest","msg":"flush batch=307 releases=100 entities=300"}
{"level":30,"time":1778986089750,"pid":73835,"hostname":"Dereks-MacBook-Pro.local","module":"ingest","msg":"flush batch=308 releases=100 entities=303"}
{"level":30,"time":1778986090153,"pid":73835,"hostname":"Dereks-MacBook-Pro.local","module":"ingest","msg":"flush batch=309 releases=100 entities=300"}
{"level":30,"time":1778986090226,"pid":73835,"hostname":"Dereks-MacBook-Pro.local","module":"ingest","msg":"progress records=31000 elapsed=122.6s"}
{"level":30,"time":1778986090615,"pid":73835,"hostname":"Dereks-MacBook-Pro.local","module":"ingest","msg":"flush batch=310 releases=100 entities=296"}
{"level":30,"time":1778986091039,"pid":73835,"hostname":"Dereks-MacBook-Pro.local","module":"ingest","msg":"flush batch=311 releases=100 entities=300"}
{"level":30,"time":1778986091434,"pid":73835,"hostname":"Dereks-MacBook-Pro.local","module":"ingest","msg":"flush batch=312 releases=100 entities=299"}
{"level":30,"time":1778986091819,"pid":73835,"hostname":"Dereks-MacBook-Pro.local","module":"ingest","msg":"flush batch=313 releases=100 entities=304"}
{"level":30,"time":1778986092221,"pid":73835,"hostname":"Dereks-MacBook-Pro.local","module":"ingest","msg":"flush batch=314 releases=100 entities=300"}
{"level":30,"time":1778986092622,"pid":73835,"hostname":"Dereks-MacBook-Pro.local","module":"ingest","msg":"flush batch=315 releases=100 entities=314"}
{"level":30,"time":1778986093020,"pid":73835,"hostname":"Dereks-MacBook-Pro.local","module":"ingest","msg":"flush batch=316 releases=100 entities=299"}
{"level":30,"time":1778986093416,"pid":73835,"hostname":"Dereks-MacBook-Pro.local","module":"ingest","msg":"flush batch=317 releases=100 entities=282"}
{"level":30,"time":1778986093809,"pid":73835,"hostname":"Dereks-MacBook-Pro.local","module":"ingest","msg":"flush batch=318 releases=100 entities=293"}
{"level":30,"time":1778986094195,"pid":73835,"hostname":"Dereks-MacBook-Pro.local","module":"ingest","msg":"flush batch=319 releases=100 entities=297"}
{"level":30,"time":1778986094263,"pid":73835,"hostname":"Dereks-MacBook-Pro.local","module":"ingest","msg":"progress records=32000 elapsed=126.7s"}
{"level":30,"time":1778986094573,"pid":73835,"hostname":"Dereks-MacBook-Pro.local","module":"ingest","msg":"flush batch=320 releases=100 entities=294"}
{"level":30,"time":1778986094957,"pid":73835,"hostname":"Dereks-MacBook-Pro.local","module":"ingest","msg":"flush batch=321 releases=100 entities=297"}
{"level":30,"time":1778986095330,"pid":73835,"hostname":"Dereks-MacBook-Pro.local","module":"ingest","msg":"flush batch=322 releases=100 entities=290"}
{"level":30,"time":1778986095725,"pid":73835,"hostname":"Dereks-MacBook-Pro.local","module":"ingest","msg":"flush batch=323 releases=100 entities=298"}
{"level":30,"time":1778986096103,"pid":73835,"hostname":"Dereks-MacBook-Pro.local","module":"ingest","msg":"flush batch=324 releases=100 entities=256"}
{"level":30,"time":1778986096504,"pid":73835,"hostname":"Dereks-MacBook-Pro.local","module":"ingest","msg":"flush batch=325 releases=100 entities=291"}
{"level":30,"time":1778986096923,"pid":73835,"hostname":"Dereks-MacBook-Pro.local","module":"ingest","msg":"flush batch=326 releases=100 entities=296"}
{"level":30,"time":1778986097352,"pid":73835,"hostname":"Dereks-MacBook-Pro.local","module":"ingest","msg":"flush batch=327 releases=100 entities=296"}
{"level":30,"time":1778986097777,"pid":73835,"hostname":"Dereks-MacBook-Pro.local","module":"ingest","msg":"flush batch=328 releases=100 entities=298"}
{"level":30,"time":1778986097984,"pid":73835,"hostname":"Dereks-MacBook-Pro.local","module":"ingest","msg":"flush batch=329 (final) releases=13 entities=38"}
{"level":30,"time":1778986097984,"pid":73835,"hostname":"Dereks-MacBook-Pro.local","module":"ingest","msg":"done records=32813 entities=89739 elapsed=130.4s"}
{"level":30,"time":1778986098167,"pid":73835,"hostname":"Dereks-MacBook-Pro.local","module":"cli","msg":"[ingest] 2025-10 → 32813 records ingested (run run-2026-05-17T02:46:03.533Z)"}
