{"level":30,"time":1778985577802,"pid":72063,"hostname":"Dereks-MacBook-Pro.local","module":"ingest","msg":"start year=2025 month=12 runId=run-2026-05-17T02:39:33.899Z"}
{"level":30,"time":1778985580005,"pid":72063,"hostname":"Dereks-MacBook-Pro.local","module":"ingest","msg":"download complete path=/var/folders/rj/x0yz6y3j2q70rlz0phst404c0000gn/T/gc-2025-12.zip bytes=16083265"}
{"level":30,"time":1778985580570,"pid":72063,"hostname":"Dereks-MacBook-Pro.local","module":"ingest","msg":"flush batch=1 releases=100 entities=315"}
{"level":30,"time":1778985580935,"pid":72063,"hostname":"Dereks-MacBook-Pro.local","module":"ingest","msg":"flush batch=2 releases=100 entities=267"}
{"level":30,"time":1778985581303,"pid":72063,"hostname":"Dereks-MacBook-Pro.local","module":"ingest","msg":"flush batch=3 releases=100 entities=270"}
{"level":30,"time":1778985581648,"pid":72063,"hostname":"Dereks-MacBook-Pro.local","module":"ingest","msg":"flush batch=4 releases=100 entities=227"}
{"level":30,"time":1778985582049,"pid":72063,"hostname":"Dereks-MacBook-Pro.local","module":"ingest","msg":"flush batch=5 releases=100 entities=236"}
{"level":30,"time":1778985582403,"pid":72063,"hostname":"Dereks-MacBook-Pro.local","module":"ingest","msg":"flush batch=6 releases=100 entities=251"}
{"level":30,"time":1778985582759,"pid":72063,"hostname":"Dereks-MacBook-Pro.local","module":"ingest","msg":"flush batch=7 releases=100 entities=244"}
{"level":30,"time":1778985583108,"pid":72063,"hostname":"Dereks-MacBook-Pro.local","module":"ingest","msg":"flush batch=8 releases=100 entities=249"}
{"level":30,"time":1778985583458,"pid":72063,"hostname":"Dereks-MacBook-Pro.local","module":"ingest","msg":"flush batch=9 releases=100 entities=246"}
{"level":30,"time":1778985583518,"pid":72063,"hostname":"Dereks-MacBook-Pro.local","module":"ingest","msg":"progress records=1000 elapsed=5.7s"}
{"level":30,"time":1778985583829,"pid":72063,"hostname":"Dereks-MacBook-Pro.local","module":"ingest","msg":"flush batch=10 releases=100 entities=247"}
{"level":30,"time":1778985584188,"pid":72063,"hostname":"Dereks-MacBook-Pro.local","module":"ingest","msg":"flush batch=11 releases=100 entities=258"}
{"level":30,"time":1778985584550,"pid":72063,"hostname":"Dereks-MacBook-Pro.local","module":"ingest","msg":"flush batch=12 releases=100 entities=244"}
{"level":30,"time":1778985584912,"pid":72063,"hostname":"Dereks-MacBook-Pro.local","module":"ingest","msg":"flush batch=13 releases=100 entities=246"}
{"level":30,"time":1778985585258,"pid":72063,"hostname":"Dereks-MacBook-Pro.local","module":"ingest","msg":"flush batch=14 releases=100 entities=252"}
{"level":30,"time":1778985585619,"pid":72063,"hostname":"Dereks-MacBook-Pro.local","module":"ingest","msg":"flush batch=15 releases=100 entities=256"}
{"level":30,"time":1778985585992,"pid":72063,"hostname":"Dereks-MacBook-Pro.local","module":"ingest","msg":"flush batch=16 releases=100 entities=265"}
{"level":30,"time":1778985586365,"pid":72063,"hostname":"Dereks-MacBook-Pro.local","module":"ingest","msg":"flush batch=17 releases=100 entities=261"}
{"level":30,"time":1778985586779,"pid":72063,"hostname":"Dereks-MacBook-Pro.local","module":"ingest","msg":"flush batch=18 releases=100 entities=276"}
{"level":30,"time":1778985587172,"pid":72063,"hostname":"Dereks-MacBook-Pro.local","module":"ingest","msg":"flush batch=19 releases=100 entities=256"}
{"level":30,"time":1778985587232,"pid":72063,"hostname":"Dereks-MacBook-Pro.local","module":"ingest","msg":"progress records=2000 elapsed=9.4s"}
{"level":30,"time":1778985587559,"pid":72063,"hostname":"Dereks-MacBook-Pro.local","module":"ingest","msg":"flush batch=20 releases=100 entities=252"}
{"level":30,"time":1778985587953,"pid":72063,"hostname":"Dereks-MacBook-Pro.local","module":"ingest","msg":"flush batch=21 releases=100 entities=254"}
{"level":30,"time":1778985588329,"pid":72063,"hostname":"Dereks-MacBook-Pro.local","module":"ingest","msg":"flush batch=22 releases=100 entities=272"}
{"level":30,"time":1778985588710,"pid":72063,"hostname":"Dereks-MacBook-Pro.local","module":"ingest","msg":"flush batch=23 releases=100 entities=263"}
{"level":30,"time":1778985589124,"pid":72063,"hostname":"Dereks-MacBook-Pro.local","module":"ingest","msg":"flush batch=24 releases=100 entities=249"}
{"level":30,"time":1778985589519,"pid":72063,"hostname":"Dereks-MacBook-Pro.local","module":"ingest","msg":"flush batch=25 releases=100 entities=275"}
{"level":30,"time":1778985589924,"pid":72063,"hostname":"Dereks-MacBook-Pro.local","module":"ingest","msg":"flush batch=26 releases=100 entities=265"}
{"level":30,"time":1778985590336,"pid":72063,"hostname":"Dereks-MacBook-Pro.local","module":"ingest","msg":"flush batch=27 releases=100 entities=260"}
{"level":30,"time":1778985590723,"pid":72063,"hostname":"Dereks-MacBook-Pro.local","module":"ingest","msg":"flush batch=28 releases=100 entities=233"}
{"level":30,"time":1778985591123,"pid":72063,"hostname":"Dereks-MacBook-Pro.local","module":"ingest","msg":"flush batch=29 releases=100 entities=274"}
{"level":30,"time":1778985591185,"pid":72063,"hostname":"Dereks-MacBook-Pro.local","module":"ingest","msg":"progress records=3000 elapsed=13.4s"}
{"level":30,"time":1778985591542,"pid":72063,"hostname":"Dereks-MacBook-Pro.local","module":"ingest","msg":"flush batch=30 releases=100 entities=263"}
{"level":30,"time":1778985591955,"pid":72063,"hostname":"Dereks-MacBook-Pro.local","module":"ingest","msg":"flush batch=31 releases=100 entities=263"}
{"level":30,"time":1778985592372,"pid":72063,"hostname":"Dereks-MacBook-Pro.local","module":"ingest","msg":"flush batch=32 releases=100 entities=257"}
{"level":30,"time":1778985592786,"pid":72063,"hostname":"Dereks-MacBook-Pro.local","module":"ingest","msg":"flush batch=33 releases=100 entities=266"}
{"level":30,"time":1778985593160,"pid":72063,"hostname":"Dereks-MacBook-Pro.local","module":"ingest","msg":"flush batch=34 releases=100 entities=262"}
{"level":30,"time":1778985593569,"pid":72063,"hostname":"Dereks-MacBook-Pro.local","module":"ingest","msg":"flush batch=35 releases=100 entities=267"}
{"level":30,"time":1778985593946,"pid":72063,"hostname":"Dereks-MacBook-Pro.local","module":"ingest","msg":"flush batch=36 releases=100 entities=257"}
{"level":30,"time":1778985594328,"pid":72063,"hostname":"Dereks-MacBook-Pro.local","module":"ingest","msg":"flush batch=37 releases=100 entities=267"}
{"level":30,"time":1778985594681,"pid":72063,"hostname":"Dereks-MacBook-Pro.local","module":"ingest","msg":"flush batch=38 releases=100 entities=269"}
{"level":30,"time":1778985595077,"pid":72063,"hostname":"Dereks-MacBook-Pro.local","module":"ingest","msg":"flush batch=39 releases=100 entities=289"}
{"level":30,"time":1778985595139,"pid":72063,"hostname":"Dereks-MacBook-Pro.local","module":"ingest","msg":"progress records=4000 elapsed=17.3s"}
{"level":30,"time":1778985595454,"pid":72063,"hostname":"Dereks-MacBook-Pro.local","module":"ingest","msg":"flush batch=40 releases=100 entities=266"}
{"level":30,"time":1778985595821,"pid":72063,"hostname":"Dereks-MacBook-Pro.local","module":"ingest","msg":"flush batch=41 releases=100 entities=253"}
{"level":30,"time":1778985596179,"pid":72063,"hostname":"Dereks-MacBook-Pro.local","module":"ingest","msg":"flush batch=42 releases=100 entities=254"}
{"level":30,"time":1778985596562,"pid":72063,"hostname":"Dereks-MacBook-Pro.local","module":"ingest","msg":"flush batch=43 releases=100 entities=269"}
{"level":30,"time":1778985596941,"pid":72063,"hostname":"Dereks-MacBook-Pro.local","module":"ingest","msg":"flush batch=44 releases=100 entities=265"}
{"level":30,"time":1778985597288,"pid":72063,"hostname":"Dereks-MacBook-Pro.local","module":"ingest","msg":"flush batch=45 releases=100 entities=260"}
{"level":30,"time":1778985597662,"pid":72063,"hostname":"Dereks-MacBook-Pro.local","module":"ingest","msg":"flush batch=46 releases=100 entities=263"}
{"level":30,"time":1778985598059,"pid":72063,"hostname":"Dereks-MacBook-Pro.local","module":"ingest","msg":"flush batch=47 releases=100 entities=269"}
{"level":30,"time":1778985598425,"pid":72063,"hostname":"Dereks-MacBook-Pro.local","module":"ingest","msg":"flush batch=48 releases=100 entities=244"}
{"level":30,"time":1778985598798,"pid":72063,"hostname":"Dereks-MacBook-Pro.local","module":"ingest","msg":"flush batch=49 releases=100 entities=261"}
{"level":30,"time":1778985598863,"pid":72063,"hostname":"Dereks-MacBook-Pro.local","module":"ingest","msg":"progress records=5000 elapsed=21.1s"}
{"level":30,"time":1778985599193,"pid":72063,"hostname":"Dereks-MacBook-Pro.local","module":"ingest","msg":"flush batch=50 releases=100 entities=279"}
{"level":30,"time":1778985599550,"pid":72063,"hostname":"Dereks-MacBook-Pro.local","module":"ingest","msg":"flush batch=51 releases=100 entities=274"}
{"level":30,"time":1778985599928,"pid":72063,"hostname":"Dereks-MacBook-Pro.local","module":"ingest","msg":"flush batch=52 releases=100 entities=260"}
{"level":30,"time":1778985600300,"pid":72063,"hostname":"Dereks-MacBook-Pro.local","module":"ingest","msg":"flush batch=53 releases=100 entities=266"}
{"level":30,"time":1778985600688,"pid":72063,"hostname":"Dereks-MacBook-Pro.local","module":"ingest","msg":"flush batch=54 releases=100 entities=266"}
{"level":30,"time":1778985601073,"pid":72063,"hostname":"Dereks-MacBook-Pro.local","module":"ingest","msg":"flush batch=55 releases=100 entities=263"}
{"level":30,"time":1778985601474,"pid":72063,"hostname":"Dereks-MacBook-Pro.local","module":"ingest","msg":"flush batch=56 releases=100 entities=256"}
{"level":30,"time":1778985601842,"pid":72063,"hostname":"Dereks-MacBook-Pro.local","module":"ingest","msg":"flush batch=57 releases=100 entities=263"}
{"level":30,"time":1778985602211,"pid":72063,"hostname":"Dereks-MacBook-Pro.local","module":"ingest","msg":"flush batch=58 releases=100 entities=258"}
{"level":30,"time":1778985602611,"pid":72063,"hostname":"Dereks-MacBook-Pro.local","module":"ingest","msg":"flush batch=59 releases=100 entities=274"}
{"level":30,"time":1778985602672,"pid":72063,"hostname":"Dereks-MacBook-Pro.local","module":"ingest","msg":"progress records=6000 elapsed=24.9s"}
{"level":30,"time":1778985603025,"pid":72063,"hostname":"Dereks-MacBook-Pro.local","module":"ingest","msg":"flush batch=60 releases=100 entities=276"}
{"level":30,"time":1778985603388,"pid":72063,"hostname":"Dereks-MacBook-Pro.local","module":"ingest","msg":"flush batch=61 releases=100 entities=284"}
{"level":30,"time":1778985603748,"pid":72063,"hostname":"Dereks-MacBook-Pro.local","module":"ingest","msg":"flush batch=62 releases=100 entities=286"}
{"level":30,"time":1778985604123,"pid":72063,"hostname":"Dereks-MacBook-Pro.local","module":"ingest","msg":"flush batch=63 releases=100 entities=285"}
{"level":30,"time":1778985604482,"pid":72063,"hostname":"Dereks-MacBook-Pro.local","module":"ingest","msg":"flush batch=64 releases=100 entities=269"}
{"level":30,"time":1778985604848,"pid":72063,"hostname":"Dereks-MacBook-Pro.local","module":"ingest","msg":"flush batch=65 releases=100 entities=277"}
{"level":30,"time":1778985605242,"pid":72063,"hostname":"Dereks-MacBook-Pro.local","module":"ingest","msg":"flush batch=66 releases=100 entities=278"}
{"level":30,"time":1778985605608,"pid":72063,"hostname":"Dereks-MacBook-Pro.local","module":"ingest","msg":"flush batch=67 releases=100 entities=286"}
{"level":30,"time":1778985605971,"pid":72063,"hostname":"Dereks-MacBook-Pro.local","module":"ingest","msg":"flush batch=68 releases=100 entities=269"}
{"level":30,"time":1778985606363,"pid":72063,"hostname":"Dereks-MacBook-Pro.local","module":"ingest","msg":"flush batch=69 releases=100 entities=243"}
{"level":30,"time":1778985606423,"pid":72063,"hostname":"Dereks-MacBook-Pro.local","module":"ingest","msg":"progress records=7000 elapsed=28.6s"}
{"level":30,"time":1778985606731,"pid":72063,"hostname":"Dereks-MacBook-Pro.local","module":"ingest","msg":"flush batch=70 releases=100 entities=253"}
{"level":30,"time":1778985607129,"pid":72063,"hostname":"Dereks-MacBook-Pro.local","module":"ingest","msg":"flush batch=71 releases=100 entities=257"}
{"level":30,"time":1778985607500,"pid":72063,"hostname":"Dereks-MacBook-Pro.local","module":"ingest","msg":"flush batch=72 releases=100 entities=283"}
{"level":30,"time":1778985607861,"pid":72063,"hostname":"Dereks-MacBook-Pro.local","module":"ingest","msg":"flush batch=73 releases=100 entities=279"}
{"level":30,"time":1778985608244,"pid":72063,"hostname":"Dereks-MacBook-Pro.local","module":"ingest","msg":"flush batch=74 releases=100 entities=265"}
{"level":30,"time":1778985608593,"pid":72063,"hostname":"Dereks-MacBook-Pro.local","module":"ingest","msg":"flush batch=75 releases=100 entities=242"}
{"level":30,"time":1778985609012,"pid":72063,"hostname":"Dereks-MacBook-Pro.local","module":"ingest","msg":"flush batch=76 releases=100 entities=287"}
{"level":30,"time":1778985609427,"pid":72063,"hostname":"Dereks-MacBook-Pro.local","module":"ingest","msg":"flush batch=77 releases=100 entities=291"}
{"level":30,"time":1778985609804,"pid":72063,"hostname":"Dereks-MacBook-Pro.local","module":"ingest","msg":"flush batch=78 releases=100 entities=294"}
{"level":30,"time":1778985610177,"pid":72063,"hostname":"Dereks-MacBook-Pro.local","module":"ingest","msg":"flush batch=79 releases=100 entities=292"}
{"level":30,"time":1778985610235,"pid":72063,"hostname":"Dereks-MacBook-Pro.local","module":"ingest","msg":"progress records=8000 elapsed=32.4s"}
{"level":30,"time":1778985610578,"pid":72063,"hostname":"Dereks-MacBook-Pro.local","module":"ingest","msg":"flush batch=80 releases=100 entities=283"}
{"level":30,"time":1778985610963,"pid":72063,"hostname":"Dereks-MacBook-Pro.local","module":"ingest","msg":"flush batch=81 releases=100 entities=287"}
{"level":30,"time":1778985611331,"pid":72063,"hostname":"Dereks-MacBook-Pro.local","module":"ingest","msg":"flush batch=82 releases=100 entities=270"}
{"level":30,"time":1778985611703,"pid":72063,"hostname":"Dereks-MacBook-Pro.local","module":"ingest","msg":"flush batch=83 releases=100 entities=281"}
{"level":30,"time":1778985612072,"pid":72063,"hostname":"Dereks-MacBook-Pro.local","module":"ingest","msg":"flush batch=84 releases=100 entities=275"}
{"level":30,"time":1778985612438,"pid":72063,"hostname":"Dereks-MacBook-Pro.local","module":"ingest","msg":"flush batch=85 releases=100 entities=277"}
{"level":30,"time":1778985612797,"pid":72063,"hostname":"Dereks-MacBook-Pro.local","module":"ingest","msg":"flush batch=86 releases=100 entities=293"}
{"level":30,"time":1778985613156,"pid":72063,"hostname":"Dereks-MacBook-Pro.local","module":"ingest","msg":"flush batch=87 releases=100 entities=291"}
{"level":30,"time":1778985613523,"pid":72063,"hostname":"Dereks-MacBook-Pro.local","module":"ingest","msg":"flush batch=88 releases=100 entities=290"}
{"level":30,"time":1778985613905,"pid":72063,"hostname":"Dereks-MacBook-Pro.local","module":"ingest","msg":"flush batch=89 releases=100 entities=294"}
{"level":30,"time":1778985613976,"pid":72063,"hostname":"Dereks-MacBook-Pro.local","module":"ingest","msg":"progress records=9000 elapsed=36.2s"}
{"level":30,"time":1778985614280,"pid":72063,"hostname":"Dereks-MacBook-Pro.local","module":"ingest","msg":"flush batch=90 releases=100 entities=298"}
{"level":30,"time":1778985614667,"pid":72063,"hostname":"Dereks-MacBook-Pro.local","module":"ingest","msg":"flush batch=91 releases=100 entities=286"}
{"level":30,"time":1778985615028,"pid":72063,"hostname":"Dereks-MacBook-Pro.local","module":"ingest","msg":"flush batch=92 releases=100 entities=270"}
{"level":30,"time":1778985615436,"pid":72063,"hostname":"Dereks-MacBook-Pro.local","module":"ingest","msg":"flush batch=93 releases=100 entities=291"}
{"level":30,"time":1778985615813,"pid":72063,"hostname":"Dereks-MacBook-Pro.local","module":"ingest","msg":"flush batch=94 releases=100 entities=296"}
{"level":30,"time":1778985616223,"pid":72063,"hostname":"Dereks-MacBook-Pro.local","module":"ingest","msg":"flush batch=95 releases=100 entities=292"}
{"level":30,"time":1778985616630,"pid":72063,"hostname":"Dereks-MacBook-Pro.local","module":"ingest","msg":"flush batch=96 releases=100 entities=283"}
{"level":30,"time":1778985617030,"pid":72063,"hostname":"Dereks-MacBook-Pro.local","module":"ingest","msg":"flush batch=97 releases=100 entities=283"}
{"level":30,"time":1778985617415,"pid":72063,"hostname":"Dereks-MacBook-Pro.local","module":"ingest","msg":"flush batch=98 releases=100 entities=287"}
{"level":30,"time":1778985617819,"pid":72063,"hostname":"Dereks-MacBook-Pro.local","module":"ingest","msg":"flush batch=99 releases=100 entities=296"}
{"level":30,"time":1778985617885,"pid":72063,"hostname":"Dereks-MacBook-Pro.local","module":"ingest","msg":"progress records=10000 elapsed=40.1s"}
{"level":30,"time":1778985618241,"pid":72063,"hostname":"Dereks-MacBook-Pro.local","module":"ingest","msg":"flush batch=100 releases=100 entities=286"}
{"level":30,"time":1778985618634,"pid":72063,"hostname":"Dereks-MacBook-Pro.local","module":"ingest","msg":"flush batch=101 releases=100 entities=293"}
{"level":30,"time":1778985619124,"pid":72063,"hostname":"Dereks-MacBook-Pro.local","module":"ingest","msg":"flush batch=102 releases=100 entities=296"}
{"level":30,"time":1778985619520,"pid":72063,"hostname":"Dereks-MacBook-Pro.local","module":"ingest","msg":"flush batch=103 releases=100 entities=297"}
{"level":30,"time":1778985619908,"pid":72063,"hostname":"Dereks-MacBook-Pro.local","module":"ingest","msg":"flush batch=104 releases=100 entities=297"}
{"level":30,"time":1778985620327,"pid":72063,"hostname":"Dereks-MacBook-Pro.local","module":"ingest","msg":"flush batch=105 releases=100 entities=296"}
{"level":30,"time":1778985620743,"pid":72063,"hostname":"Dereks-MacBook-Pro.local","module":"ingest","msg":"flush batch=106 releases=100 entities=297"}
{"level":30,"time":1778985621152,"pid":72063,"hostname":"Dereks-MacBook-Pro.local","module":"ingest","msg":"flush batch=107 releases=100 entities=297"}
{"level":30,"time":1778985621520,"pid":72063,"hostname":"Dereks-MacBook-Pro.local","module":"ingest","msg":"flush batch=108 releases=100 entities=298"}
{"level":30,"time":1778985621999,"pid":72063,"hostname":"Dereks-MacBook-Pro.local","module":"ingest","msg":"flush batch=109 releases=100 entities=280"}
{"level":30,"time":1778985622059,"pid":72063,"hostname":"Dereks-MacBook-Pro.local","module":"ingest","msg":"progress records=11000 elapsed=44.3s"}
{"level":30,"time":1778985622386,"pid":72063,"hostname":"Dereks-MacBook-Pro.local","module":"ingest","msg":"flush batch=110 releases=100 entities=281"}
{"level":30,"time":1778985622750,"pid":72063,"hostname":"Dereks-MacBook-Pro.local","module":"ingest","msg":"flush batch=111 releases=100 entities=286"}
{"level":30,"time":1778985623137,"pid":72063,"hostname":"Dereks-MacBook-Pro.local","module":"ingest","msg":"flush batch=112 releases=100 entities=288"}
{"level":30,"time":1778985623517,"pid":72063,"hostname":"Dereks-MacBook-Pro.local","module":"ingest","msg":"flush batch=113 releases=100 entities=296"}
{"level":30,"time":1778985623912,"pid":72063,"hostname":"Dereks-MacBook-Pro.local","module":"ingest","msg":"flush batch=114 releases=100 entities=301"}
{"level":30,"time":1778985624284,"pid":72063,"hostname":"Dereks-MacBook-Pro.local","module":"ingest","msg":"flush batch=115 releases=100 entities=301"}
{"level":30,"time":1778985624681,"pid":72063,"hostname":"Dereks-MacBook-Pro.local","module":"ingest","msg":"flush batch=116 releases=100 entities=295"}
{"level":30,"time":1778985625053,"pid":72063,"hostname":"Dereks-MacBook-Pro.local","module":"ingest","msg":"flush batch=117 releases=100 entities=292"}
{"level":30,"time":1778985625462,"pid":72063,"hostname":"Dereks-MacBook-Pro.local","module":"ingest","msg":"flush batch=118 releases=100 entities=298"}
{"level":30,"time":1778985625866,"pid":72063,"hostname":"Dereks-MacBook-Pro.local","module":"ingest","msg":"flush batch=119 releases=100 entities=290"}
{"level":30,"time":1778985625926,"pid":72063,"hostname":"Dereks-MacBook-Pro.local","module":"ingest","msg":"progress records=12000 elapsed=48.1s"}
{"level":30,"time":1778985626232,"pid":72063,"hostname":"Dereks-MacBook-Pro.local","module":"ingest","msg":"flush batch=120 releases=100 entities=290"}
{"level":30,"time":1778985626594,"pid":72063,"hostname":"Dereks-MacBook-Pro.local","module":"ingest","msg":"flush batch=121 releases=100 entities=295"}
{"level":30,"time":1778985626944,"pid":72063,"hostname":"Dereks-MacBook-Pro.local","module":"ingest","msg":"flush batch=122 releases=100 entities=295"}
{"level":30,"time":1778985627328,"pid":72063,"hostname":"Dereks-MacBook-Pro.local","module":"ingest","msg":"flush batch=123 releases=100 entities=294"}
{"level":30,"time":1778985627716,"pid":72063,"hostname":"Dereks-MacBook-Pro.local","module":"ingest","msg":"flush batch=124 releases=100 entities=293"}
{"level":30,"time":1778985628100,"pid":72063,"hostname":"Dereks-MacBook-Pro.local","module":"ingest","msg":"flush batch=125 releases=100 entities=293"}
{"level":30,"time":1778985628492,"pid":72063,"hostname":"Dereks-MacBook-Pro.local","module":"ingest","msg":"flush batch=126 releases=100 entities=294"}
{"level":30,"time":1778985628886,"pid":72063,"hostname":"Dereks-MacBook-Pro.local","module":"ingest","msg":"flush batch=127 releases=100 entities=295"}
{"level":30,"time":1778985629292,"pid":72063,"hostname":"Dereks-MacBook-Pro.local","module":"ingest","msg":"flush batch=128 releases=100 entities=269"}
{"level":30,"time":1778985629683,"pid":72063,"hostname":"Dereks-MacBook-Pro.local","module":"ingest","msg":"flush batch=129 releases=100 entities=282"}
{"level":30,"time":1778985629743,"pid":72063,"hostname":"Dereks-MacBook-Pro.local","module":"ingest","msg":"progress records=13000 elapsed=51.9s"}
{"level":30,"time":1778985630059,"pid":72063,"hostname":"Dereks-MacBook-Pro.local","module":"ingest","msg":"flush batch=130 releases=100 entities=299"}
{"level":30,"time":1778985630476,"pid":72063,"hostname":"Dereks-MacBook-Pro.local","module":"ingest","msg":"flush batch=131 releases=100 entities=294"}
{"level":30,"time":1778985630840,"pid":72063,"hostname":"Dereks-MacBook-Pro.local","module":"ingest","msg":"flush batch=132 releases=100 entities=267"}
{"level":30,"time":1778985631236,"pid":72063,"hostname":"Dereks-MacBook-Pro.local","module":"ingest","msg":"flush batch=133 releases=100 entities=301"}
{"level":30,"time":1778985631658,"pid":72063,"hostname":"Dereks-MacBook-Pro.local","module":"ingest","msg":"flush batch=134 releases=100 entities=299"}
{"level":30,"time":1778985632039,"pid":72063,"hostname":"Dereks-MacBook-Pro.local","module":"ingest","msg":"flush batch=135 releases=100 entities=301"}
{"level":30,"time":1778985632448,"pid":72063,"hostname":"Dereks-MacBook-Pro.local","module":"ingest","msg":"flush batch=136 releases=100 entities=305"}
{"level":30,"time":1778985632868,"pid":72063,"hostname":"Dereks-MacBook-Pro.local","module":"ingest","msg":"flush batch=137 releases=100 entities=310"}
{"level":30,"time":1778985633250,"pid":72063,"hostname":"Dereks-MacBook-Pro.local","module":"ingest","msg":"flush batch=138 releases=100 entities=307"}
{"level":30,"time":1778985633659,"pid":72063,"hostname":"Dereks-MacBook-Pro.local","module":"ingest","msg":"flush batch=139 releases=100 entities=301"}
{"level":30,"time":1778985633723,"pid":72063,"hostname":"Dereks-MacBook-Pro.local","module":"ingest","msg":"progress records=14000 elapsed=55.9s"}
{"level":30,"time":1778985634063,"pid":72063,"hostname":"Dereks-MacBook-Pro.local","module":"ingest","msg":"flush batch=140 releases=100 entities=297"}
{"level":30,"time":1778985634475,"pid":72063,"hostname":"Dereks-MacBook-Pro.local","module":"ingest","msg":"flush batch=141 releases=100 entities=298"}
{"level":30,"time":1778985634898,"pid":72063,"hostname":"Dereks-MacBook-Pro.local","module":"ingest","msg":"flush batch=142 releases=100 entities=294"}
{"level":30,"time":1778985635343,"pid":72063,"hostname":"Dereks-MacBook-Pro.local","module":"ingest","msg":"flush batch=143 releases=100 entities=300"}
{"level":30,"time":1778985635741,"pid":72063,"hostname":"Dereks-MacBook-Pro.local","module":"ingest","msg":"flush batch=144 releases=100 entities=296"}
{"level":30,"time":1778985636122,"pid":72063,"hostname":"Dereks-MacBook-Pro.local","module":"ingest","msg":"flush batch=145 releases=100 entities=293"}
{"level":30,"time":1778985636541,"pid":72063,"hostname":"Dereks-MacBook-Pro.local","module":"ingest","msg":"flush batch=146 releases=100 entities=293"}
{"level":30,"time":1778985636960,"pid":72063,"hostname":"Dereks-MacBook-Pro.local","module":"ingest","msg":"flush batch=147 releases=100 entities=297"}
{"level":30,"time":1778985637359,"pid":72063,"hostname":"Dereks-MacBook-Pro.local","module":"ingest","msg":"flush batch=148 releases=100 entities=294"}
{"level":30,"time":1778985637760,"pid":72063,"hostname":"Dereks-MacBook-Pro.local","module":"ingest","msg":"flush batch=149 releases=100 entities=288"}
{"level":30,"time":1778985637837,"pid":72063,"hostname":"Dereks-MacBook-Pro.local","module":"ingest","msg":"progress records=15000 elapsed=60.0s"}
{"level":30,"time":1778985638185,"pid":72063,"hostname":"Dereks-MacBook-Pro.local","module":"ingest","msg":"flush batch=150 releases=100 entities=296"}
{"level":30,"time":1778985638595,"pid":72063,"hostname":"Dereks-MacBook-Pro.local","module":"ingest","msg":"flush batch=151 releases=100 entities=291"}
{"level":30,"time":1778985639039,"pid":72063,"hostname":"Dereks-MacBook-Pro.local","module":"ingest","msg":"flush batch=152 releases=100 entities=302"}
{"level":30,"time":1778985639435,"pid":72063,"hostname":"Dereks-MacBook-Pro.local","module":"ingest","msg":"flush batch=153 releases=100 entities=296"}
{"level":30,"time":1778985639861,"pid":72063,"hostname":"Dereks-MacBook-Pro.local","module":"ingest","msg":"flush batch=154 releases=100 entities=291"}
{"level":30,"time":1778985640148,"pid":72063,"hostname":"Dereks-MacBook-Pro.local","module":"ingest","msg":"flush batch=155 (final) releases=38 entities=115"}
{"level":30,"time":1778985640148,"pid":72063,"hostname":"Dereks-MacBook-Pro.local","module":"ingest","msg":"done records=15438 entities=42895 elapsed=62.3s"}
{"level":30,"time":1778985640331,"pid":72063,"hostname":"Dereks-MacBook-Pro.local","module":"cli","msg":"[ingest] 2025-12 → 15438 records ingested (run run-2026-05-17T02:39:33.899Z)"}
