{"level":30,"time":1778986436462,"pid":76153,"hostname":"Dereks-MacBook-Pro.local","module":"ingest","msg":"start year=2025 month=7 runId=run-2026-05-17T02:53:52.381Z"}
{"level":30,"time":1778986441943,"pid":76153,"hostname":"Dereks-MacBook-Pro.local","module":"ingest","msg":"download complete path=/var/folders/rj/x0yz6y3j2q70rlz0phst404c0000gn/T/gc-2025-7.zip bytes=34994709"}
{"level":30,"time":1778986442507,"pid":76153,"hostname":"Dereks-MacBook-Pro.local","module":"ingest","msg":"flush batch=1 releases=100 entities=272"}
{"level":30,"time":1778986442936,"pid":76153,"hostname":"Dereks-MacBook-Pro.local","module":"ingest","msg":"flush batch=2 releases=100 entities=273"}
{"level":30,"time":1778986443297,"pid":76153,"hostname":"Dereks-MacBook-Pro.local","module":"ingest","msg":"flush batch=3 releases=100 entities=265"}
{"level":30,"time":1778986443679,"pid":76153,"hostname":"Dereks-MacBook-Pro.local","module":"ingest","msg":"flush batch=4 releases=100 entities=265"}
{"level":30,"time":1778986444052,"pid":76153,"hostname":"Dereks-MacBook-Pro.local","module":"ingest","msg":"flush batch=5 releases=100 entities=265"}
{"level":30,"time":1778986444419,"pid":76153,"hostname":"Dereks-MacBook-Pro.local","module":"ingest","msg":"flush batch=6 releases=100 entities=262"}
{"level":30,"time":1778986444781,"pid":76153,"hostname":"Dereks-MacBook-Pro.local","module":"ingest","msg":"flush batch=7 releases=100 entities=259"}
{"level":30,"time":1778986445140,"pid":76153,"hostname":"Dereks-MacBook-Pro.local","module":"ingest","msg":"flush batch=8 releases=100 entities=245"}
{"level":30,"time":1778986445518,"pid":76153,"hostname":"Dereks-MacBook-Pro.local","module":"ingest","msg":"flush batch=9 releases=100 entities=230"}
{"level":30,"time":1778986445569,"pid":76153,"hostname":"Dereks-MacBook-Pro.local","module":"ingest","msg":"progress records=1000 elapsed=9.1s"}
{"level":30,"time":1778986445889,"pid":76153,"hostname":"Dereks-MacBook-Pro.local","module":"ingest","msg":"flush batch=10 releases=100 entities=228"}
{"level":30,"time":1778986446253,"pid":76153,"hostname":"Dereks-MacBook-Pro.local","module":"ingest","msg":"flush batch=11 releases=100 entities=252"}
{"level":30,"time":1778986446627,"pid":76153,"hostname":"Dereks-MacBook-Pro.local","module":"ingest","msg":"flush batch=12 releases=100 entities=239"}
{"level":30,"time":1778986446996,"pid":76153,"hostname":"Dereks-MacBook-Pro.local","module":"ingest","msg":"flush batch=13 releases=100 entities=234"}
{"level":30,"time":1778986447392,"pid":76153,"hostname":"Dereks-MacBook-Pro.local","module":"ingest","msg":"flush batch=14 releases=100 entities=244"}
{"level":30,"time":1778986447740,"pid":76153,"hostname":"Dereks-MacBook-Pro.local","module":"ingest","msg":"flush batch=15 releases=100 entities=228"}
{"level":30,"time":1778986448105,"pid":76153,"hostname":"Dereks-MacBook-Pro.local","module":"ingest","msg":"flush batch=16 releases=100 entities=225"}
{"level":30,"time":1778986448421,"pid":76153,"hostname":"Dereks-MacBook-Pro.local","module":"ingest","msg":"flush batch=17 releases=100 entities=230"}
{"level":30,"time":1778986448749,"pid":76153,"hostname":"Dereks-MacBook-Pro.local","module":"ingest","msg":"flush batch=18 releases=100 entities=233"}
{"level":30,"time":1778986449088,"pid":76153,"hostname":"Dereks-MacBook-Pro.local","module":"ingest","msg":"flush batch=19 releases=100 entities=236"}
{"level":30,"time":1778986449128,"pid":76153,"hostname":"Dereks-MacBook-Pro.local","module":"ingest","msg":"progress records=2000 elapsed=12.7s"}
{"level":30,"time":1778986449443,"pid":76153,"hostname":"Dereks-MacBook-Pro.local","module":"ingest","msg":"flush batch=20 releases=100 entities=211"}
{"level":30,"time":1778986449828,"pid":76153,"hostname":"Dereks-MacBook-Pro.local","module":"ingest","msg":"flush batch=21 releases=100 entities=249"}
{"level":30,"time":1778986450184,"pid":76153,"hostname":"Dereks-MacBook-Pro.local","module":"ingest","msg":"flush batch=22 releases=100 entities=241"}
{"level":30,"time":1778986450526,"pid":76153,"hostname":"Dereks-MacBook-Pro.local","module":"ingest","msg":"flush batch=23 releases=100 entities=228"}
{"level":30,"time":1778986450873,"pid":76153,"hostname":"Dereks-MacBook-Pro.local","module":"ingest","msg":"flush batch=24 releases=100 entities=242"}
{"level":30,"time":1778986451240,"pid":76153,"hostname":"Dereks-MacBook-Pro.local","module":"ingest","msg":"flush batch=25 releases=100 entities=239"}
{"level":30,"time":1778986451590,"pid":76153,"hostname":"Dereks-MacBook-Pro.local","module":"ingest","msg":"flush batch=26 releases=100 entities=221"}
{"level":30,"time":1778986451952,"pid":76153,"hostname":"Dereks-MacBook-Pro.local","module":"ingest","msg":"flush batch=27 releases=100 entities=241"}
{"level":30,"time":1778986452339,"pid":76153,"hostname":"Dereks-MacBook-Pro.local","module":"ingest","msg":"flush batch=28 releases=100 entities=244"}
{"level":30,"time":1778986452694,"pid":76153,"hostname":"Dereks-MacBook-Pro.local","module":"ingest","msg":"flush batch=29 releases=100 entities=218"}
{"level":30,"time":1778986452749,"pid":76153,"hostname":"Dereks-MacBook-Pro.local","module":"ingest","msg":"progress records=3000 elapsed=16.3s"}
{"level":30,"time":1778986453048,"pid":76153,"hostname":"Dereks-MacBook-Pro.local","module":"ingest","msg":"flush batch=30 releases=100 entities=244"}
{"level":30,"time":1778986453409,"pid":76153,"hostname":"Dereks-MacBook-Pro.local","module":"ingest","msg":"flush batch=31 releases=100 entities=258"}
{"level":30,"time":1778986453789,"pid":76153,"hostname":"Dereks-MacBook-Pro.local","module":"ingest","msg":"flush batch=32 releases=100 entities=251"}
{"level":30,"time":1778986454134,"pid":76153,"hostname":"Dereks-MacBook-Pro.local","module":"ingest","msg":"flush batch=33 releases=100 entities=248"}
{"level":30,"time":1778986454480,"pid":76153,"hostname":"Dereks-MacBook-Pro.local","module":"ingest","msg":"flush batch=34 releases=100 entities=235"}
{"level":30,"time":1778986454837,"pid":76153,"hostname":"Dereks-MacBook-Pro.local","module":"ingest","msg":"flush batch=35 releases=100 entities=259"}
{"level":30,"time":1778986455190,"pid":76153,"hostname":"Dereks-MacBook-Pro.local","module":"ingest","msg":"flush batch=36 releases=100 entities=246"}
{"level":30,"time":1778986455581,"pid":76153,"hostname":"Dereks-MacBook-Pro.local","module":"ingest","msg":"flush batch=37 releases=100 entities=259"}
{"level":30,"time":1778986455928,"pid":76153,"hostname":"Dereks-MacBook-Pro.local","module":"ingest","msg":"flush batch=38 releases=100 entities=255"}
{"level":30,"time":1778986456271,"pid":76153,"hostname":"Dereks-MacBook-Pro.local","module":"ingest","msg":"flush batch=39 releases=100 entities=245"}
{"level":30,"time":1778986456327,"pid":76153,"hostname":"Dereks-MacBook-Pro.local","module":"ingest","msg":"progress records=4000 elapsed=19.9s"}
{"level":30,"time":1778986456624,"pid":76153,"hostname":"Dereks-MacBook-Pro.local","module":"ingest","msg":"flush batch=40 releases=100 entities=246"}
{"level":30,"time":1778986456988,"pid":76153,"hostname":"Dereks-MacBook-Pro.local","module":"ingest","msg":"flush batch=41 releases=100 entities=249"}
{"level":30,"time":1778986457333,"pid":76153,"hostname":"Dereks-MacBook-Pro.local","module":"ingest","msg":"flush batch=42 releases=100 entities=254"}
{"level":30,"time":1778986457660,"pid":76153,"hostname":"Dereks-MacBook-Pro.local","module":"ingest","msg":"flush batch=43 releases=100 entities=234"}
{"level":30,"time":1778986458029,"pid":76153,"hostname":"Dereks-MacBook-Pro.local","module":"ingest","msg":"flush batch=44 releases=100 entities=247"}
{"level":30,"time":1778986458401,"pid":76153,"hostname":"Dereks-MacBook-Pro.local","module":"ingest","msg":"flush batch=45 releases=100 entities=240"}
{"level":30,"time":1778986458751,"pid":76153,"hostname":"Dereks-MacBook-Pro.local","module":"ingest","msg":"flush batch=46 releases=100 entities=257"}
{"level":30,"time":1778986459114,"pid":76153,"hostname":"Dereks-MacBook-Pro.local","module":"ingest","msg":"flush batch=47 releases=100 entities=259"}
{"level":30,"time":1778986459488,"pid":76153,"hostname":"Dereks-MacBook-Pro.local","module":"ingest","msg":"flush batch=48 releases=100 entities=219"}
{"level":30,"time":1778986459853,"pid":76153,"hostname":"Dereks-MacBook-Pro.local","module":"ingest","msg":"flush batch=49 releases=100 entities=241"}
{"level":30,"time":1778986459911,"pid":76153,"hostname":"Dereks-MacBook-Pro.local","module":"ingest","msg":"progress records=5000 elapsed=23.4s"}
{"level":30,"time":1778986460209,"pid":76153,"hostname":"Dereks-MacBook-Pro.local","module":"ingest","msg":"flush batch=50 releases=100 entities=227"}
{"level":30,"time":1778986460576,"pid":76153,"hostname":"Dereks-MacBook-Pro.local","module":"ingest","msg":"flush batch=51 releases=100 entities=227"}
{"level":30,"time":1778986460939,"pid":76153,"hostname":"Dereks-MacBook-Pro.local","module":"ingest","msg":"flush batch=52 releases=100 entities=220"}
{"level":30,"time":1778986461315,"pid":76153,"hostname":"Dereks-MacBook-Pro.local","module":"ingest","msg":"flush batch=53 releases=100 entities=242"}
{"level":30,"time":1778986461680,"pid":76153,"hostname":"Dereks-MacBook-Pro.local","module":"ingest","msg":"flush batch=54 releases=100 entities=249"}
{"level":30,"time":1778986462060,"pid":76153,"hostname":"Dereks-MacBook-Pro.local","module":"ingest","msg":"flush batch=55 releases=100 entities=254"}
{"level":30,"time":1778986462445,"pid":76153,"hostname":"Dereks-MacBook-Pro.local","module":"ingest","msg":"flush batch=56 releases=100 entities=244"}
{"level":30,"time":1778986462860,"pid":76153,"hostname":"Dereks-MacBook-Pro.local","module":"ingest","msg":"flush batch=57 releases=100 entities=241"}
{"level":30,"time":1778986463223,"pid":76153,"hostname":"Dereks-MacBook-Pro.local","module":"ingest","msg":"flush batch=58 releases=100 entities=241"}
{"level":30,"time":1778986463591,"pid":76153,"hostname":"Dereks-MacBook-Pro.local","module":"ingest","msg":"flush batch=59 releases=100 entities=243"}
{"level":30,"time":1778986463647,"pid":76153,"hostname":"Dereks-MacBook-Pro.local","module":"ingest","msg":"progress records=6000 elapsed=27.2s"}
{"level":30,"time":1778986463995,"pid":76153,"hostname":"Dereks-MacBook-Pro.local","module":"ingest","msg":"flush batch=60 releases=100 entities=243"}
{"level":30,"time":1778986464388,"pid":76153,"hostname":"Dereks-MacBook-Pro.local","module":"ingest","msg":"flush batch=61 releases=100 entities=227"}
{"level":30,"time":1778986464803,"pid":76153,"hostname":"Dereks-MacBook-Pro.local","module":"ingest","msg":"flush batch=62 releases=100 entities=260"}
{"level":30,"time":1778986465192,"pid":76153,"hostname":"Dereks-MacBook-Pro.local","module":"ingest","msg":"flush batch=63 releases=100 entities=253"}
{"level":30,"time":1778986465591,"pid":76153,"hostname":"Dereks-MacBook-Pro.local","module":"ingest","msg":"flush batch=64 releases=100 entities=245"}
{"level":30,"time":1778986465940,"pid":76153,"hostname":"Dereks-MacBook-Pro.local","module":"ingest","msg":"flush batch=65 releases=100 entities=252"}
{"level":30,"time":1778986466311,"pid":76153,"hostname":"Dereks-MacBook-Pro.local","module":"ingest","msg":"flush batch=66 releases=100 entities=259"}
{"level":30,"time":1778986466672,"pid":76153,"hostname":"Dereks-MacBook-Pro.local","module":"ingest","msg":"flush batch=67 releases=100 entities=252"}
{"level":30,"time":1778986467043,"pid":76153,"hostname":"Dereks-MacBook-Pro.local","module":"ingest","msg":"flush batch=68 releases=100 entities=244"}
{"level":30,"time":1778986467411,"pid":76153,"hostname":"Dereks-MacBook-Pro.local","module":"ingest","msg":"flush batch=69 releases=100 entities=257"}
{"level":30,"time":1778986467470,"pid":76153,"hostname":"Dereks-MacBook-Pro.local","module":"ingest","msg":"progress records=7000 elapsed=31.0s"}
{"level":30,"time":1778986467786,"pid":76153,"hostname":"Dereks-MacBook-Pro.local","module":"ingest","msg":"flush batch=70 releases=100 entities=241"}
{"level":30,"time":1778986468149,"pid":76153,"hostname":"Dereks-MacBook-Pro.local","module":"ingest","msg":"flush batch=71 releases=100 entities=235"}
{"level":30,"time":1778986468497,"pid":76153,"hostname":"Dereks-MacBook-Pro.local","module":"ingest","msg":"flush batch=72 releases=100 entities=233"}
{"level":30,"time":1778986468863,"pid":76153,"hostname":"Dereks-MacBook-Pro.local","module":"ingest","msg":"flush batch=73 releases=100 entities=246"}
{"level":30,"time":1778986469222,"pid":76153,"hostname":"Dereks-MacBook-Pro.local","module":"ingest","msg":"flush batch=74 releases=100 entities=250"}
{"level":30,"time":1778986469576,"pid":76153,"hostname":"Dereks-MacBook-Pro.local","module":"ingest","msg":"flush batch=75 releases=100 entities=247"}
{"level":30,"time":1778986469950,"pid":76153,"hostname":"Dereks-MacBook-Pro.local","module":"ingest","msg":"flush batch=76 releases=100 entities=255"}
{"level":30,"time":1778986470309,"pid":76153,"hostname":"Dereks-MacBook-Pro.local","module":"ingest","msg":"flush batch=77 releases=100 entities=266"}
{"level":30,"time":1778986470690,"pid":76153,"hostname":"Dereks-MacBook-Pro.local","module":"ingest","msg":"flush batch=78 releases=100 entities=240"}
{"level":30,"time":1778986471054,"pid":76153,"hostname":"Dereks-MacBook-Pro.local","module":"ingest","msg":"flush batch=79 releases=100 entities=250"}
{"level":30,"time":1778986471100,"pid":76153,"hostname":"Dereks-MacBook-Pro.local","module":"ingest","msg":"progress records=8000 elapsed=34.6s"}
{"level":30,"time":1778986471421,"pid":76153,"hostname":"Dereks-MacBook-Pro.local","module":"ingest","msg":"flush batch=80 releases=100 entities=240"}
{"level":30,"time":1778986471763,"pid":76153,"hostname":"Dereks-MacBook-Pro.local","module":"ingest","msg":"flush batch=81 releases=100 entities=240"}
{"level":30,"time":1778986472132,"pid":76153,"hostname":"Dereks-MacBook-Pro.local","module":"ingest","msg":"flush batch=82 releases=100 entities=239"}
{"level":30,"time":1778986472512,"pid":76153,"hostname":"Dereks-MacBook-Pro.local","module":"ingest","msg":"flush batch=83 releases=100 entities=246"}
{"level":30,"time":1778986472912,"pid":76153,"hostname":"Dereks-MacBook-Pro.local","module":"ingest","msg":"flush batch=84 releases=100 entities=263"}
{"level":30,"time":1778986473276,"pid":76153,"hostname":"Dereks-MacBook-Pro.local","module":"ingest","msg":"flush batch=85 releases=100 entities=237"}
{"level":30,"time":1778986473639,"pid":76153,"hostname":"Dereks-MacBook-Pro.local","module":"ingest","msg":"flush batch=86 releases=100 entities=256"}
{"level":30,"time":1778986474017,"pid":76153,"hostname":"Dereks-MacBook-Pro.local","module":"ingest","msg":"flush batch=87 releases=100 entities=261"}
{"level":30,"time":1778986474378,"pid":76153,"hostname":"Dereks-MacBook-Pro.local","module":"ingest","msg":"flush batch=88 releases=100 entities=262"}
{"level":30,"time":1778986474752,"pid":76153,"hostname":"Dereks-MacBook-Pro.local","module":"ingest","msg":"flush batch=89 releases=100 entities=283"}
{"level":30,"time":1778986474810,"pid":76153,"hostname":"Dereks-MacBook-Pro.local","module":"ingest","msg":"progress records=9000 elapsed=38.3s"}
{"level":30,"time":1778986475124,"pid":76153,"hostname":"Dereks-MacBook-Pro.local","module":"ingest","msg":"flush batch=90 releases=100 entities=262"}
{"level":30,"time":1778986475502,"pid":76153,"hostname":"Dereks-MacBook-Pro.local","module":"ingest","msg":"flush batch=91 releases=100 entities=260"}
{"level":30,"time":1778986475878,"pid":76153,"hostname":"Dereks-MacBook-Pro.local","module":"ingest","msg":"flush batch=92 releases=100 entities=263"}
{"level":30,"time":1778986476242,"pid":76153,"hostname":"Dereks-MacBook-Pro.local","module":"ingest","msg":"flush batch=93 releases=100 entities=258"}
{"level":30,"time":1778986476632,"pid":76153,"hostname":"Dereks-MacBook-Pro.local","module":"ingest","msg":"flush batch=94 releases=100 entities=249"}
{"level":30,"time":1778986477015,"pid":76153,"hostname":"Dereks-MacBook-Pro.local","module":"ingest","msg":"flush batch=95 releases=100 entities=243"}
{"level":30,"time":1778986477410,"pid":76153,"hostname":"Dereks-MacBook-Pro.local","module":"ingest","msg":"flush batch=96 releases=100 entities=266"}
{"level":30,"time":1778986477788,"pid":76153,"hostname":"Dereks-MacBook-Pro.local","module":"ingest","msg":"flush batch=97 releases=100 entities=266"}
{"level":30,"time":1778986478157,"pid":76153,"hostname":"Dereks-MacBook-Pro.local","module":"ingest","msg":"flush batch=98 releases=100 entities=265"}
{"level":30,"time":1778986478404,"pid":76153,"hostname":"Dereks-MacBook-Pro.local","module":"cli","msg":"cr.tender.items is not iterable"}
