{"level":30,"time":1778986116683,"pid":74598,"hostname":"Dereks-MacBook-Pro.local","module":"ingest","msg":"start year=2025 month=9 runId=run-2026-05-17T02:48:32.801Z"}
{"level":30,"time":1778986159601,"pid":74598,"hostname":"Dereks-MacBook-Pro.local","module":"ingest","msg":"download complete path=/var/folders/rj/x0yz6y3j2q70rlz0phst404c0000gn/T/gc-2025-9.zip bytes=37517053"}
{"level":30,"time":1778986160219,"pid":74598,"hostname":"Dereks-MacBook-Pro.local","module":"ingest","msg":"flush batch=1 releases=100 entities=275"}
{"level":30,"time":1778986160635,"pid":74598,"hostname":"Dereks-MacBook-Pro.local","module":"ingest","msg":"flush batch=2 releases=100 entities=239"}
{"level":30,"time":1778986161041,"pid":74598,"hostname":"Dereks-MacBook-Pro.local","module":"ingest","msg":"flush batch=3 releases=100 entities=252"}
{"level":30,"time":1778986161408,"pid":74598,"hostname":"Dereks-MacBook-Pro.local","module":"ingest","msg":"flush batch=4 releases=100 entities=254"}
{"level":30,"time":1778986161788,"pid":74598,"hostname":"Dereks-MacBook-Pro.local","module":"ingest","msg":"flush batch=5 releases=100 entities=250"}
{"level":30,"time":1778986162207,"pid":74598,"hostname":"Dereks-MacBook-Pro.local","module":"ingest","msg":"flush batch=6 releases=100 entities=227"}
{"level":30,"time":1778986162577,"pid":74598,"hostname":"Dereks-MacBook-Pro.local","module":"ingest","msg":"flush batch=7 releases=100 entities=261"}
{"level":30,"time":1778986162970,"pid":74598,"hostname":"Dereks-MacBook-Pro.local","module":"ingest","msg":"flush batch=8 releases=100 entities=229"}
{"level":30,"time":1778986163347,"pid":74598,"hostname":"Dereks-MacBook-Pro.local","module":"ingest","msg":"flush batch=9 releases=100 entities=232"}
{"level":30,"time":1778986163401,"pid":74598,"hostname":"Dereks-MacBook-Pro.local","module":"ingest","msg":"progress records=1000 elapsed=46.7s"}
{"level":30,"time":1778986163750,"pid":74598,"hostname":"Dereks-MacBook-Pro.local","module":"ingest","msg":"flush batch=10 releases=100 entities=233"}
{"level":30,"time":1778986164108,"pid":74598,"hostname":"Dereks-MacBook-Pro.local","module":"ingest","msg":"flush batch=11 releases=100 entities=242"}
{"level":30,"time":1778986164503,"pid":74598,"hostname":"Dereks-MacBook-Pro.local","module":"ingest","msg":"flush batch=12 releases=100 entities=233"}
{"level":30,"time":1778986164891,"pid":74598,"hostname":"Dereks-MacBook-Pro.local","module":"ingest","msg":"flush batch=13 releases=100 entities=222"}
{"level":30,"time":1778986165267,"pid":74598,"hostname":"Dereks-MacBook-Pro.local","module":"ingest","msg":"flush batch=14 releases=100 entities=233"}
{"level":30,"time":1778986165632,"pid":74598,"hostname":"Dereks-MacBook-Pro.local","module":"ingest","msg":"flush batch=15 releases=100 entities=238"}
{"level":30,"time":1778986165978,"pid":74598,"hostname":"Dereks-MacBook-Pro.local","module":"ingest","msg":"flush batch=16 releases=100 entities=221"}
{"level":30,"time":1778986166354,"pid":74598,"hostname":"Dereks-MacBook-Pro.local","module":"ingest","msg":"flush batch=17 releases=100 entities=232"}
{"level":30,"time":1778986166715,"pid":74598,"hostname":"Dereks-MacBook-Pro.local","module":"ingest","msg":"flush batch=18 releases=100 entities=224"}
{"level":30,"time":1778986167122,"pid":74598,"hostname":"Dereks-MacBook-Pro.local","module":"ingest","msg":"flush batch=19 releases=100 entities=250"}
{"level":30,"time":1778986167182,"pid":74598,"hostname":"Dereks-MacBook-Pro.local","module":"ingest","msg":"progress records=2000 elapsed=50.5s"}
{"level":30,"time":1778986167487,"pid":74598,"hostname":"Dereks-MacBook-Pro.local","module":"ingest","msg":"flush batch=20 releases=100 entities=248"}
{"level":30,"time":1778986167837,"pid":74598,"hostname":"Dereks-MacBook-Pro.local","module":"ingest","msg":"flush batch=21 releases=100 entities=241"}
{"level":30,"time":1778986168192,"pid":74598,"hostname":"Dereks-MacBook-Pro.local","module":"ingest","msg":"flush batch=22 releases=100 entities=240"}
{"level":30,"time":1778986168557,"pid":74598,"hostname":"Dereks-MacBook-Pro.local","module":"ingest","msg":"flush batch=23 releases=100 entities=257"}
{"level":30,"time":1778986168917,"pid":74598,"hostname":"Dereks-MacBook-Pro.local","module":"ingest","msg":"flush batch=24 releases=100 entities=237"}
{"level":30,"time":1778986169267,"pid":74598,"hostname":"Dereks-MacBook-Pro.local","module":"ingest","msg":"flush batch=25 releases=100 entities=215"}
{"level":30,"time":1778986169636,"pid":74598,"hostname":"Dereks-MacBook-Pro.local","module":"ingest","msg":"flush batch=26 releases=100 entities=237"}
{"level":30,"time":1778986170001,"pid":74598,"hostname":"Dereks-MacBook-Pro.local","module":"ingest","msg":"flush batch=27 releases=100 entities=240"}
{"level":30,"time":1778986170358,"pid":74598,"hostname":"Dereks-MacBook-Pro.local","module":"ingest","msg":"flush batch=28 releases=100 entities=252"}
{"level":30,"time":1778986170724,"pid":74598,"hostname":"Dereks-MacBook-Pro.local","module":"ingest","msg":"flush batch=29 releases=100 entities=242"}
{"level":30,"time":1778986170759,"pid":74598,"hostname":"Dereks-MacBook-Pro.local","module":"ingest","msg":"progress records=3000 elapsed=54.1s"}
{"level":30,"time":1778986171060,"pid":74598,"hostname":"Dereks-MacBook-Pro.local","module":"ingest","msg":"flush batch=30 releases=100 entities=232"}
{"level":30,"time":1778986171414,"pid":74598,"hostname":"Dereks-MacBook-Pro.local","module":"ingest","msg":"flush batch=31 releases=100 entities=238"}
{"level":30,"time":1778986171785,"pid":74598,"hostname":"Dereks-MacBook-Pro.local","module":"ingest","msg":"flush batch=32 releases=100 entities=232"}
{"level":30,"time":1778986172134,"pid":74598,"hostname":"Dereks-MacBook-Pro.local","module":"ingest","msg":"flush batch=33 releases=100 entities=243"}
{"level":30,"time":1778986172503,"pid":74598,"hostname":"Dereks-MacBook-Pro.local","module":"ingest","msg":"flush batch=34 releases=100 entities=239"}
{"level":30,"time":1778986172899,"pid":74598,"hostname":"Dereks-MacBook-Pro.local","module":"ingest","msg":"flush batch=35 releases=100 entities=242"}
{"level":30,"time":1778986173228,"pid":74598,"hostname":"Dereks-MacBook-Pro.local","module":"ingest","msg":"flush batch=36 releases=100 entities=239"}
{"level":30,"time":1778986173592,"pid":74598,"hostname":"Dereks-MacBook-Pro.local","module":"ingest","msg":"flush batch=37 releases=100 entities=241"}
{"level":30,"time":1778986173949,"pid":74598,"hostname":"Dereks-MacBook-Pro.local","module":"ingest","msg":"flush batch=38 releases=100 entities=248"}
{"level":30,"time":1778986174304,"pid":74598,"hostname":"Dereks-MacBook-Pro.local","module":"ingest","msg":"flush batch=39 releases=100 entities=231"}
{"level":30,"time":1778986174357,"pid":74598,"hostname":"Dereks-MacBook-Pro.local","module":"ingest","msg":"progress records=4000 elapsed=57.7s"}
{"level":30,"time":1778986174662,"pid":74598,"hostname":"Dereks-MacBook-Pro.local","module":"ingest","msg":"flush batch=40 releases=100 entities=231"}
{"level":30,"time":1778986175036,"pid":74598,"hostname":"Dereks-MacBook-Pro.local","module":"ingest","msg":"flush batch=41 releases=100 entities=244"}
{"level":30,"time":1778986175394,"pid":74598,"hostname":"Dereks-MacBook-Pro.local","module":"ingest","msg":"flush batch=42 releases=100 entities=255"}
{"level":30,"time":1778986175764,"pid":74598,"hostname":"Dereks-MacBook-Pro.local","module":"ingest","msg":"flush batch=43 releases=100 entities=252"}
{"level":30,"time":1778986176149,"pid":74598,"hostname":"Dereks-MacBook-Pro.local","module":"ingest","msg":"flush batch=44 releases=100 entities=228"}
{"level":30,"time":1778986176524,"pid":74598,"hostname":"Dereks-MacBook-Pro.local","module":"ingest","msg":"flush batch=45 releases=100 entities=254"}
{"level":30,"time":1778986176879,"pid":74598,"hostname":"Dereks-MacBook-Pro.local","module":"ingest","msg":"flush batch=46 releases=100 entities=248"}
{"level":30,"time":1778986177249,"pid":74598,"hostname":"Dereks-MacBook-Pro.local","module":"ingest","msg":"flush batch=47 releases=100 entities=246"}
{"level":30,"time":1778986177594,"pid":74598,"hostname":"Dereks-MacBook-Pro.local","module":"ingest","msg":"flush batch=48 releases=100 entities=228"}
{"level":30,"time":1778986177972,"pid":74598,"hostname":"Dereks-MacBook-Pro.local","module":"ingest","msg":"flush batch=49 releases=100 entities=253"}
{"level":30,"time":1778986178024,"pid":74598,"hostname":"Dereks-MacBook-Pro.local","module":"ingest","msg":"progress records=5000 elapsed=61.3s"}
{"level":30,"time":1778986178328,"pid":74598,"hostname":"Dereks-MacBook-Pro.local","module":"ingest","msg":"flush batch=50 releases=100 entities=229"}
{"level":30,"time":1778986178658,"pid":74598,"hostname":"Dereks-MacBook-Pro.local","module":"ingest","msg":"flush batch=51 releases=100 entities=214"}
{"level":30,"time":1778986179048,"pid":74598,"hostname":"Dereks-MacBook-Pro.local","module":"ingest","msg":"flush batch=52 releases=100 entities=225"}
{"level":30,"time":1778986179400,"pid":74598,"hostname":"Dereks-MacBook-Pro.local","module":"ingest","msg":"flush batch=53 releases=100 entities=237"}
{"level":30,"time":1778986179757,"pid":74598,"hostname":"Dereks-MacBook-Pro.local","module":"ingest","msg":"flush batch=54 releases=100 entities=246"}
{"level":30,"time":1778986180122,"pid":74598,"hostname":"Dereks-MacBook-Pro.local","module":"ingest","msg":"flush batch=55 releases=100 entities=259"}
{"level":30,"time":1778986180493,"pid":74598,"hostname":"Dereks-MacBook-Pro.local","module":"ingest","msg":"flush batch=56 releases=100 entities=253"}
{"level":30,"time":1778986180855,"pid":74598,"hostname":"Dereks-MacBook-Pro.local","module":"ingest","msg":"flush batch=57 releases=100 entities=257"}
{"level":30,"time":1778986181229,"pid":74598,"hostname":"Dereks-MacBook-Pro.local","module":"ingest","msg":"flush batch=58 releases=100 entities=237"}
{"level":30,"time":1778986181621,"pid":74598,"hostname":"Dereks-MacBook-Pro.local","module":"ingest","msg":"flush batch=59 releases=100 entities=244"}
{"level":30,"time":1778986181673,"pid":74598,"hostname":"Dereks-MacBook-Pro.local","module":"ingest","msg":"progress records=6000 elapsed=65.0s"}
{"level":30,"time":1778986182012,"pid":74598,"hostname":"Dereks-MacBook-Pro.local","module":"ingest","msg":"flush batch=60 releases=100 entities=258"}
{"level":30,"time":1778986182375,"pid":74598,"hostname":"Dereks-MacBook-Pro.local","module":"ingest","msg":"flush batch=61 releases=100 entities=247"}
{"level":30,"time":1778986182717,"pid":74598,"hostname":"Dereks-MacBook-Pro.local","module":"ingest","msg":"flush batch=62 releases=100 entities=240"}
{"level":30,"time":1778986183064,"pid":74598,"hostname":"Dereks-MacBook-Pro.local","module":"ingest","msg":"flush batch=63 releases=100 entities=250"}
{"level":30,"time":1778986183441,"pid":74598,"hostname":"Dereks-MacBook-Pro.local","module":"ingest","msg":"flush batch=64 releases=100 entities=261"}
{"level":30,"time":1778986183795,"pid":74598,"hostname":"Dereks-MacBook-Pro.local","module":"ingest","msg":"flush batch=65 releases=100 entities=251"}
{"level":30,"time":1778986184147,"pid":74598,"hostname":"Dereks-MacBook-Pro.local","module":"ingest","msg":"flush batch=66 releases=100 entities=272"}
{"level":30,"time":1778986184499,"pid":74598,"hostname":"Dereks-MacBook-Pro.local","module":"ingest","msg":"flush batch=67 releases=100 entities=235"}
{"level":30,"time":1778986184833,"pid":74598,"hostname":"Dereks-MacBook-Pro.local","module":"ingest","msg":"flush batch=68 releases=100 entities=258"}
{"level":30,"time":1778986185192,"pid":74598,"hostname":"Dereks-MacBook-Pro.local","module":"ingest","msg":"flush batch=69 releases=100 entities=257"}
{"level":30,"time":1778986185241,"pid":74598,"hostname":"Dereks-MacBook-Pro.local","module":"ingest","msg":"progress records=7000 elapsed=68.6s"}
{"level":30,"time":1778986185525,"pid":74598,"hostname":"Dereks-MacBook-Pro.local","module":"ingest","msg":"flush batch=70 releases=100 entities=235"}
{"level":30,"time":1778986185882,"pid":74598,"hostname":"Dereks-MacBook-Pro.local","module":"ingest","msg":"flush batch=71 releases=100 entities=247"}
{"level":30,"time":1778986186241,"pid":74598,"hostname":"Dereks-MacBook-Pro.local","module":"ingest","msg":"flush batch=72 releases=100 entities=248"}
{"level":30,"time":1778986186618,"pid":74598,"hostname":"Dereks-MacBook-Pro.local","module":"ingest","msg":"flush batch=73 releases=100 entities=249"}
{"level":30,"time":1778986186976,"pid":74598,"hostname":"Dereks-MacBook-Pro.local","module":"ingest","msg":"flush batch=74 releases=100 entities=241"}
{"level":30,"time":1778986187338,"pid":74598,"hostname":"Dereks-MacBook-Pro.local","module":"ingest","msg":"flush batch=75 releases=100 entities=248"}
{"level":30,"time":1778986187692,"pid":74598,"hostname":"Dereks-MacBook-Pro.local","module":"ingest","msg":"flush batch=76 releases=100 entities=252"}
{"level":30,"time":1778986188057,"pid":74598,"hostname":"Dereks-MacBook-Pro.local","module":"ingest","msg":"flush batch=77 releases=100 entities=250"}
{"level":30,"time":1778986188414,"pid":74598,"hostname":"Dereks-MacBook-Pro.local","module":"ingest","msg":"flush batch=78 releases=100 entities=229"}
{"level":30,"time":1778986188784,"pid":74598,"hostname":"Dereks-MacBook-Pro.local","module":"ingest","msg":"flush batch=79 releases=100 entities=238"}
{"level":30,"time":1778986188846,"pid":74598,"hostname":"Dereks-MacBook-Pro.local","module":"ingest","msg":"progress records=8000 elapsed=72.2s"}
{"level":30,"time":1778986189177,"pid":74598,"hostname":"Dereks-MacBook-Pro.local","module":"ingest","msg":"flush batch=80 releases=100 entities=243"}
{"level":30,"time":1778986189545,"pid":74598,"hostname":"Dereks-MacBook-Pro.local","module":"ingest","msg":"flush batch=81 releases=100 entities=246"}
{"level":30,"time":1778986189909,"pid":74598,"hostname":"Dereks-MacBook-Pro.local","module":"ingest","msg":"flush batch=82 releases=100 entities=256"}
{"level":30,"time":1778986190303,"pid":74598,"hostname":"Dereks-MacBook-Pro.local","module":"ingest","msg":"flush batch=83 releases=100 entities=250"}
{"level":30,"time":1778986190673,"pid":74598,"hostname":"Dereks-MacBook-Pro.local","module":"ingest","msg":"flush batch=84 releases=100 entities=227"}
{"level":30,"time":1778986191019,"pid":74598,"hostname":"Dereks-MacBook-Pro.local","module":"ingest","msg":"flush batch=85 releases=100 entities=235"}
{"level":30,"time":1778986191420,"pid":74598,"hostname":"Dereks-MacBook-Pro.local","module":"ingest","msg":"flush batch=86 releases=100 entities=245"}
{"level":30,"time":1778986191762,"pid":74598,"hostname":"Dereks-MacBook-Pro.local","module":"ingest","msg":"flush batch=87 releases=100 entities=224"}
{"level":30,"time":1778986192129,"pid":74598,"hostname":"Dereks-MacBook-Pro.local","module":"ingest","msg":"flush batch=88 releases=100 entities=245"}
{"level":30,"time":1778986192512,"pid":74598,"hostname":"Dereks-MacBook-Pro.local","module":"ingest","msg":"flush batch=89 releases=100 entities=243"}
{"level":30,"time":1778986192568,"pid":74598,"hostname":"Dereks-MacBook-Pro.local","module":"ingest","msg":"progress records=9000 elapsed=75.9s"}
{"level":30,"time":1778986192895,"pid":74598,"hostname":"Dereks-MacBook-Pro.local","module":"ingest","msg":"flush batch=90 releases=100 entities=241"}
{"level":30,"time":1778986193268,"pid":74598,"hostname":"Dereks-MacBook-Pro.local","module":"ingest","msg":"flush batch=91 releases=100 entities=248"}
{"level":30,"time":1778986193640,"pid":74598,"hostname":"Dereks-MacBook-Pro.local","module":"ingest","msg":"flush batch=92 releases=100 entities=246"}
{"level":30,"time":1778986194009,"pid":74598,"hostname":"Dereks-MacBook-Pro.local","module":"ingest","msg":"flush batch=93 releases=100 entities=248"}
{"level":30,"time":1778986194398,"pid":74598,"hostname":"Dereks-MacBook-Pro.local","module":"ingest","msg":"flush batch=94 releases=100 entities=242"}
{"level":30,"time":1778986194809,"pid":74598,"hostname":"Dereks-MacBook-Pro.local","module":"ingest","msg":"flush batch=95 releases=100 entities=256"}
{"level":30,"time":1778986195193,"pid":74598,"hostname":"Dereks-MacBook-Pro.local","module":"ingest","msg":"flush batch=96 releases=100 entities=255"}
{"level":30,"time":1778986195560,"pid":74598,"hostname":"Dereks-MacBook-Pro.local","module":"ingest","msg":"flush batch=97 releases=100 entities=250"}
{"level":30,"time":1778986195932,"pid":74598,"hostname":"Dereks-MacBook-Pro.local","module":"ingest","msg":"flush batch=98 releases=100 entities=251"}
{"level":30,"time":1778986196276,"pid":74598,"hostname":"Dereks-MacBook-Pro.local","module":"ingest","msg":"flush batch=99 releases=100 entities=243"}
{"level":30,"time":1778986196338,"pid":74598,"hostname":"Dereks-MacBook-Pro.local","module":"ingest","msg":"progress records=10000 elapsed=79.7s"}
{"level":30,"time":1778986196641,"pid":74598,"hostname":"Dereks-MacBook-Pro.local","module":"ingest","msg":"flush batch=100 releases=100 entities=261"}
{"level":30,"time":1778986197002,"pid":74598,"hostname":"Dereks-MacBook-Pro.local","module":"ingest","msg":"flush batch=101 releases=100 entities=250"}
{"level":30,"time":1778986197366,"pid":74598,"hostname":"Dereks-MacBook-Pro.local","module":"ingest","msg":"flush batch=102 releases=100 entities=239"}
{"level":30,"time":1778986197730,"pid":74598,"hostname":"Dereks-MacBook-Pro.local","module":"ingest","msg":"flush batch=103 releases=100 entities=254"}
{"level":30,"time":1778986198083,"pid":74598,"hostname":"Dereks-MacBook-Pro.local","module":"ingest","msg":"flush batch=104 releases=100 entities=247"}
{"level":30,"time":1778986198452,"pid":74598,"hostname":"Dereks-MacBook-Pro.local","module":"ingest","msg":"flush batch=105 releases=100 entities=271"}
{"level":30,"time":1778986198824,"pid":74598,"hostname":"Dereks-MacBook-Pro.local","module":"ingest","msg":"flush batch=106 releases=100 entities=270"}
{"level":30,"time":1778986199219,"pid":74598,"hostname":"Dereks-MacBook-Pro.local","module":"ingest","msg":"flush batch=107 releases=100 entities=281"}
{"level":30,"time":1778986199587,"pid":74598,"hostname":"Dereks-MacBook-Pro.local","module":"ingest","msg":"flush batch=108 releases=100 entities=245"}
{"level":30,"time":1778986199968,"pid":74598,"hostname":"Dereks-MacBook-Pro.local","module":"ingest","msg":"flush batch=109 releases=100 entities=257"}
{"level":30,"time":1778986200026,"pid":74598,"hostname":"Dereks-MacBook-Pro.local","module":"ingest","msg":"progress records=11000 elapsed=83.3s"}
{"level":30,"time":1778986200351,"pid":74598,"hostname":"Dereks-MacBook-Pro.local","module":"ingest","msg":"flush batch=110 releases=100 entities=268"}
{"level":30,"time":1778986200706,"pid":74598,"hostname":"Dereks-MacBook-Pro.local","module":"ingest","msg":"flush batch=111 releases=100 entities=271"}
{"level":30,"time":1778986201058,"pid":74598,"hostname":"Dereks-MacBook-Pro.local","module":"ingest","msg":"flush batch=112 releases=100 entities=272"}
{"level":30,"time":1778986201444,"pid":74598,"hostname":"Dereks-MacBook-Pro.local","module":"ingest","msg":"flush batch=113 releases=100 entities=278"}
{"level":30,"time":1778986201804,"pid":74598,"hostname":"Dereks-MacBook-Pro.local","module":"ingest","msg":"flush batch=114 releases=100 entities=274"}
{"level":30,"time":1778986202198,"pid":74598,"hostname":"Dereks-MacBook-Pro.local","module":"ingest","msg":"flush batch=115 releases=100 entities=267"}
{"level":30,"time":1778986202572,"pid":74598,"hostname":"Dereks-MacBook-Pro.local","module":"ingest","msg":"flush batch=116 releases=100 entities=277"}
{"level":30,"time":1778986202983,"pid":74598,"hostname":"Dereks-MacBook-Pro.local","module":"ingest","msg":"flush batch=117 releases=100 entities=293"}
{"level":30,"time":1778986203453,"pid":74598,"hostname":"Dereks-MacBook-Pro.local","module":"ingest","msg":"flush batch=118 releases=100 entities=286"}
{"level":30,"time":1778986203871,"pid":74598,"hostname":"Dereks-MacBook-Pro.local","module":"ingest","msg":"flush batch=119 releases=100 entities=271"}
{"level":30,"time":1778986203936,"pid":74598,"hostname":"Dereks-MacBook-Pro.local","module":"ingest","msg":"progress records=12000 elapsed=87.3s"}
{"level":30,"time":1778986204315,"pid":74598,"hostname":"Dereks-MacBook-Pro.local","module":"ingest","msg":"flush batch=120 releases=100 entities=270"}
{"level":30,"time":1778986204787,"pid":74598,"hostname":"Dereks-MacBook-Pro.local","module":"ingest","msg":"flush batch=121 releases=100 entities=265"}
{"level":30,"time":1778986205249,"pid":74598,"hostname":"Dereks-MacBook-Pro.local","module":"ingest","msg":"flush batch=122 releases=100 entities=267"}
{"level":30,"time":1778986205632,"pid":74598,"hostname":"Dereks-MacBook-Pro.local","module":"ingest","msg":"flush batch=123 releases=100 entities=276"}
{"level":30,"time":1778986206078,"pid":74598,"hostname":"Dereks-MacBook-Pro.local","module":"ingest","msg":"flush batch=124 releases=100 entities=276"}
{"level":30,"time":1778986206456,"pid":74598,"hostname":"Dereks-MacBook-Pro.local","module":"ingest","msg":"flush batch=125 releases=100 entities=283"}
{"level":30,"time":1778986206846,"pid":74598,"hostname":"Dereks-MacBook-Pro.local","module":"ingest","msg":"flush batch=126 releases=100 entities=287"}
{"level":30,"time":1778986207256,"pid":74598,"hostname":"Dereks-MacBook-Pro.local","module":"ingest","msg":"flush batch=127 releases=100 entities=278"}
{"level":30,"time":1778986207785,"pid":74598,"hostname":"Dereks-MacBook-Pro.local","module":"ingest","msg":"flush batch=128 releases=100 entities=278"}
{"level":30,"time":1778986208162,"pid":74598,"hostname":"Dereks-MacBook-Pro.local","module":"ingest","msg":"flush batch=129 releases=100 entities=268"}
{"level":30,"time":1778986208223,"pid":74598,"hostname":"Dereks-MacBook-Pro.local","module":"ingest","msg":"progress records=13000 elapsed=91.5s"}
{"level":30,"time":1778986208570,"pid":74598,"hostname":"Dereks-MacBook-Pro.local","module":"ingest","msg":"flush batch=130 releases=100 entities=265"}
{"level":30,"time":1778986208973,"pid":74598,"hostname":"Dereks-MacBook-Pro.local","module":"ingest","msg":"flush batch=131 releases=100 entities=281"}
{"level":30,"time":1778986209367,"pid":74598,"hostname":"Dereks-MacBook-Pro.local","module":"ingest","msg":"flush batch=132 releases=100 entities=283"}
{"level":30,"time":1778986209773,"pid":74598,"hostname":"Dereks-MacBook-Pro.local","module":"ingest","msg":"flush batch=133 releases=100 entities=274"}
{"level":30,"time":1778986210179,"pid":74598,"hostname":"Dereks-MacBook-Pro.local","module":"ingest","msg":"flush batch=134 releases=100 entities=272"}
{"level":30,"time":1778986210626,"pid":74598,"hostname":"Dereks-MacBook-Pro.local","module":"ingest","msg":"flush batch=135 releases=100 entities=266"}
{"level":30,"time":1778986211006,"pid":74598,"hostname":"Dereks-MacBook-Pro.local","module":"ingest","msg":"flush batch=136 releases=100 entities=266"}
{"level":30,"time":1778986211457,"pid":74598,"hostname":"Dereks-MacBook-Pro.local","module":"ingest","msg":"flush batch=137 releases=100 entities=273"}
{"level":30,"time":1778986211874,"pid":74598,"hostname":"Dereks-MacBook-Pro.local","module":"ingest","msg":"flush batch=138 releases=100 entities=277"}
{"level":30,"time":1778986212287,"pid":74598,"hostname":"Dereks-MacBook-Pro.local","module":"ingest","msg":"flush batch=139 releases=100 entities=280"}
{"level":30,"time":1778986212351,"pid":74598,"hostname":"Dereks-MacBook-Pro.local","module":"ingest","msg":"progress records=14000 elapsed=95.7s"}
{"level":30,"time":1778986212693,"pid":74598,"hostname":"Dereks-MacBook-Pro.local","module":"ingest","msg":"flush batch=140 releases=100 entities=272"}
{"level":30,"time":1778986213098,"pid":74598,"hostname":"Dereks-MacBook-Pro.local","module":"ingest","msg":"flush batch=141 releases=100 entities=288"}
{"level":30,"time":1778986213493,"pid":74598,"hostname":"Dereks-MacBook-Pro.local","module":"ingest","msg":"flush batch=142 releases=100 entities=286"}
{"level":30,"time":1778986213879,"pid":74598,"hostname":"Dereks-MacBook-Pro.local","module":"ingest","msg":"flush batch=143 releases=100 entities=302"}
{"level":30,"time":1778986214267,"pid":74598,"hostname":"Dereks-MacBook-Pro.local","module":"ingest","msg":"flush batch=144 releases=100 entities=291"}
{"level":30,"time":1778986214634,"pid":74598,"hostname":"Dereks-MacBook-Pro.local","module":"ingest","msg":"flush batch=145 releases=100 entities=284"}
{"level":30,"time":1778986214998,"pid":74598,"hostname":"Dereks-MacBook-Pro.local","module":"ingest","msg":"flush batch=146 releases=100 entities=284"}
{"level":30,"time":1778986215372,"pid":74598,"hostname":"Dereks-MacBook-Pro.local","module":"ingest","msg":"flush batch=147 releases=100 entities=291"}
{"level":30,"time":1778986215751,"pid":74598,"hostname":"Dereks-MacBook-Pro.local","module":"ingest","msg":"flush batch=148 releases=100 entities=286"}
{"level":30,"time":1778986216115,"pid":74598,"hostname":"Dereks-MacBook-Pro.local","module":"ingest","msg":"flush batch=149 releases=100 entities=293"}
{"level":30,"time":1778986216180,"pid":74598,"hostname":"Dereks-MacBook-Pro.local","module":"ingest","msg":"progress records=15000 elapsed=99.5s"}
{"level":30,"time":1778986216478,"pid":74598,"hostname":"Dereks-MacBook-Pro.local","module":"ingest","msg":"flush batch=150 releases=100 entities=284"}
{"level":30,"time":1778986216876,"pid":74598,"hostname":"Dereks-MacBook-Pro.local","module":"ingest","msg":"flush batch=151 releases=100 entities=289"}
{"level":30,"time":1778986217270,"pid":74598,"hostname":"Dereks-MacBook-Pro.local","module":"ingest","msg":"flush batch=152 releases=100 entities=282"}
{"level":30,"time":1778986217657,"pid":74598,"hostname":"Dereks-MacBook-Pro.local","module":"ingest","msg":"flush batch=153 releases=100 entities=288"}
{"level":30,"time":1778986218062,"pid":74598,"hostname":"Dereks-MacBook-Pro.local","module":"ingest","msg":"flush batch=154 releases=100 entities=292"}
{"level":30,"time":1778986218458,"pid":74598,"hostname":"Dereks-MacBook-Pro.local","module":"ingest","msg":"flush batch=155 releases=100 entities=291"}
{"level":30,"time":1778986218832,"pid":74598,"hostname":"Dereks-MacBook-Pro.local","module":"ingest","msg":"flush batch=156 releases=100 entities=291"}
{"level":30,"time":1778986219216,"pid":74598,"hostname":"Dereks-MacBook-Pro.local","module":"ingest","msg":"flush batch=157 releases=100 entities=279"}
{"level":30,"time":1778986219625,"pid":74598,"hostname":"Dereks-MacBook-Pro.local","module":"ingest","msg":"flush batch=158 releases=100 entities=287"}
{"level":30,"time":1778986220000,"pid":74598,"hostname":"Dereks-MacBook-Pro.local","module":"ingest","msg":"flush batch=159 releases=100 entities=289"}
{"level":30,"time":1778986220062,"pid":74598,"hostname":"Dereks-MacBook-Pro.local","module":"ingest","msg":"progress records=16000 elapsed=103.4s"}
{"level":30,"time":1778986220377,"pid":74598,"hostname":"Dereks-MacBook-Pro.local","module":"ingest","msg":"flush batch=160 releases=100 entities=287"}
{"level":30,"time":1778986220776,"pid":74598,"hostname":"Dereks-MacBook-Pro.local","module":"ingest","msg":"flush batch=161 releases=100 entities=277"}
{"level":30,"time":1778986221199,"pid":74598,"hostname":"Dereks-MacBook-Pro.local","module":"ingest","msg":"flush batch=162 releases=100 entities=272"}
{"level":30,"time":1778986221592,"pid":74598,"hostname":"Dereks-MacBook-Pro.local","module":"ingest","msg":"flush batch=163 releases=100 entities=269"}
{"level":30,"time":1778986222006,"pid":74598,"hostname":"Dereks-MacBook-Pro.local","module":"ingest","msg":"flush batch=164 releases=100 entities=269"}
{"level":30,"time":1778986222403,"pid":74598,"hostname":"Dereks-MacBook-Pro.local","module":"ingest","msg":"flush batch=165 releases=100 entities=252"}
{"level":30,"time":1778986222809,"pid":74598,"hostname":"Dereks-MacBook-Pro.local","module":"ingest","msg":"flush batch=166 releases=100 entities=289"}
{"level":30,"time":1778986223205,"pid":74598,"hostname":"Dereks-MacBook-Pro.local","module":"ingest","msg":"flush batch=167 releases=100 entities=297"}
{"level":30,"time":1778986223585,"pid":74598,"hostname":"Dereks-MacBook-Pro.local","module":"ingest","msg":"flush batch=168 releases=100 entities=294"}
{"level":30,"time":1778986224009,"pid":74598,"hostname":"Dereks-MacBook-Pro.local","module":"ingest","msg":"flush batch=169 releases=100 entities=288"}
{"level":30,"time":1778986224077,"pid":74598,"hostname":"Dereks-MacBook-Pro.local","module":"ingest","msg":"progress records=17000 elapsed=107.4s"}
{"level":30,"time":1778986224400,"pid":74598,"hostname":"Dereks-MacBook-Pro.local","module":"ingest","msg":"flush batch=170 releases=100 entities=300"}
{"level":30,"time":1778986224818,"pid":74598,"hostname":"Dereks-MacBook-Pro.local","module":"ingest","msg":"flush batch=171 releases=100 entities=289"}
{"level":30,"time":1778986225218,"pid":74598,"hostname":"Dereks-MacBook-Pro.local","module":"ingest","msg":"flush batch=172 releases=100 entities=291"}
{"level":30,"time":1778986225594,"pid":74598,"hostname":"Dereks-MacBook-Pro.local","module":"ingest","msg":"flush batch=173 releases=100 entities=285"}
{"level":30,"time":1778986225971,"pid":74598,"hostname":"Dereks-MacBook-Pro.local","module":"ingest","msg":"flush batch=174 releases=100 entities=292"}
{"level":30,"time":1778986226358,"pid":74598,"hostname":"Dereks-MacBook-Pro.local","module":"ingest","msg":"flush batch=175 releases=100 entities=285"}
{"level":30,"time":1778986226743,"pid":74598,"hostname":"Dereks-MacBook-Pro.local","module":"ingest","msg":"flush batch=176 releases=100 entities=286"}
{"level":30,"time":1778986227128,"pid":74598,"hostname":"Dereks-MacBook-Pro.local","module":"ingest","msg":"flush batch=177 releases=100 entities=280"}
{"level":30,"time":1778986227495,"pid":74598,"hostname":"Dereks-MacBook-Pro.local","module":"ingest","msg":"flush batch=178 releases=100 entities=273"}
{"level":30,"time":1778986227861,"pid":74598,"hostname":"Dereks-MacBook-Pro.local","module":"ingest","msg":"flush batch=179 releases=100 entities=291"}
{"level":30,"time":1778986227926,"pid":74598,"hostname":"Dereks-MacBook-Pro.local","module":"ingest","msg":"progress records=18000 elapsed=111.2s"}
{"level":30,"time":1778986228243,"pid":74598,"hostname":"Dereks-MacBook-Pro.local","module":"ingest","msg":"flush batch=180 releases=100 entities=289"}
{"level":30,"time":1778986228623,"pid":74598,"hostname":"Dereks-MacBook-Pro.local","module":"ingest","msg":"flush batch=181 releases=100 entities=286"}
{"level":30,"time":1778986228999,"pid":74598,"hostname":"Dereks-MacBook-Pro.local","module":"ingest","msg":"flush batch=182 releases=100 entities=291"}
{"level":30,"time":1778986229367,"pid":74598,"hostname":"Dereks-MacBook-Pro.local","module":"ingest","msg":"flush batch=183 releases=100 entities=296"}
{"level":30,"time":1778986229743,"pid":74598,"hostname":"Dereks-MacBook-Pro.local","module":"ingest","msg":"flush batch=184 releases=100 entities=294"}
{"level":30,"time":1778986230119,"pid":74598,"hostname":"Dereks-MacBook-Pro.local","module":"ingest","msg":"flush batch=185 releases=100 entities=290"}
{"level":30,"time":1778986230509,"pid":74598,"hostname":"Dereks-MacBook-Pro.local","module":"ingest","msg":"flush batch=186 releases=100 entities=298"}
{"level":30,"time":1778986230878,"pid":74598,"hostname":"Dereks-MacBook-Pro.local","module":"ingest","msg":"flush batch=187 releases=100 entities=290"}
{"level":30,"time":1778986231292,"pid":74598,"hostname":"Dereks-MacBook-Pro.local","module":"ingest","msg":"flush batch=188 releases=100 entities=295"}
{"level":30,"time":1778986231670,"pid":74598,"hostname":"Dereks-MacBook-Pro.local","module":"ingest","msg":"flush batch=189 releases=100 entities=280"}
{"level":30,"time":1778986231720,"pid":74598,"hostname":"Dereks-MacBook-Pro.local","module":"ingest","msg":"progress records=19000 elapsed=115.0s"}
{"level":30,"time":1778986232045,"pid":74598,"hostname":"Dereks-MacBook-Pro.local","module":"ingest","msg":"flush batch=190 releases=100 entities=283"}
{"level":30,"time":1778986232422,"pid":74598,"hostname":"Dereks-MacBook-Pro.local","module":"ingest","msg":"flush batch=191 releases=100 entities=279"}
{"level":30,"time":1778986232802,"pid":74598,"hostname":"Dereks-MacBook-Pro.local","module":"ingest","msg":"flush batch=192 releases=100 entities=293"}
{"level":30,"time":1778986233171,"pid":74598,"hostname":"Dereks-MacBook-Pro.local","module":"ingest","msg":"flush batch=193 releases=100 entities=293"}
{"level":30,"time":1778986233530,"pid":74598,"hostname":"Dereks-MacBook-Pro.local","module":"ingest","msg":"flush batch=194 releases=100 entities=289"}
{"level":30,"time":1778986233904,"pid":74598,"hostname":"Dereks-MacBook-Pro.local","module":"ingest","msg":"flush batch=195 releases=100 entities=279"}
{"level":30,"time":1778986234291,"pid":74598,"hostname":"Dereks-MacBook-Pro.local","module":"ingest","msg":"flush batch=196 releases=100 entities=290"}
{"level":30,"time":1778986234702,"pid":74598,"hostname":"Dereks-MacBook-Pro.local","module":"ingest","msg":"flush batch=197 releases=100 entities=293"}
{"level":30,"time":1778986235084,"pid":74598,"hostname":"Dereks-MacBook-Pro.local","module":"ingest","msg":"flush batch=198 releases=100 entities=293"}
{"level":30,"time":1778986235500,"pid":74598,"hostname":"Dereks-MacBook-Pro.local","module":"ingest","msg":"flush batch=199 releases=100 entities=288"}
{"level":30,"time":1778986235571,"pid":74598,"hostname":"Dereks-MacBook-Pro.local","module":"ingest","msg":"progress records=20000 elapsed=118.9s"}
{"level":30,"time":1778986235899,"pid":74598,"hostname":"Dereks-MacBook-Pro.local","module":"ingest","msg":"flush batch=200 releases=100 entities=288"}
{"level":30,"time":1778986236295,"pid":74598,"hostname":"Dereks-MacBook-Pro.local","module":"ingest","msg":"flush batch=201 releases=100 entities=282"}
{"level":30,"time":1778986236675,"pid":74598,"hostname":"Dereks-MacBook-Pro.local","module":"ingest","msg":"flush batch=202 releases=100 entities=289"}
{"level":30,"time":1778986237057,"pid":74598,"hostname":"Dereks-MacBook-Pro.local","module":"ingest","msg":"flush batch=203 releases=100 entities=293"}
{"level":30,"time":1778986237454,"pid":74598,"hostname":"Dereks-MacBook-Pro.local","module":"ingest","msg":"flush batch=204 releases=100 entities=292"}
{"level":30,"time":1778986237840,"pid":74598,"hostname":"Dereks-MacBook-Pro.local","module":"ingest","msg":"flush batch=205 releases=100 entities=293"}
{"level":30,"time":1778986238211,"pid":74598,"hostname":"Dereks-MacBook-Pro.local","module":"ingest","msg":"flush batch=206 releases=100 entities=286"}
{"level":30,"time":1778986238597,"pid":74598,"hostname":"Dereks-MacBook-Pro.local","module":"ingest","msg":"flush batch=207 releases=100 entities=287"}
{"level":30,"time":1778986238984,"pid":74598,"hostname":"Dereks-MacBook-Pro.local","module":"ingest","msg":"flush batch=208 releases=100 entities=294"}
{"level":30,"time":1778986239368,"pid":74598,"hostname":"Dereks-MacBook-Pro.local","module":"ingest","msg":"flush batch=209 releases=100 entities=291"}
{"level":30,"time":1778986239437,"pid":74598,"hostname":"Dereks-MacBook-Pro.local","module":"ingest","msg":"progress records=21000 elapsed=122.8s"}
{"level":30,"time":1778986239768,"pid":74598,"hostname":"Dereks-MacBook-Pro.local","module":"ingest","msg":"flush batch=210 releases=100 entities=298"}
{"level":30,"time":1778986240158,"pid":74598,"hostname":"Dereks-MacBook-Pro.local","module":"ingest","msg":"flush batch=211 releases=100 entities=298"}
{"level":30,"time":1778986240579,"pid":74598,"hostname":"Dereks-MacBook-Pro.local","module":"ingest","msg":"flush batch=212 releases=100 entities=291"}
{"level":30,"time":1778986240950,"pid":74598,"hostname":"Dereks-MacBook-Pro.local","module":"ingest","msg":"flush batch=213 releases=100 entities=300"}
{"level":30,"time":1778986241342,"pid":74598,"hostname":"Dereks-MacBook-Pro.local","module":"ingest","msg":"flush batch=214 releases=100 entities=300"}
{"level":30,"time":1778986241745,"pid":74598,"hostname":"Dereks-MacBook-Pro.local","module":"ingest","msg":"flush batch=215 releases=100 entities=301"}
{"level":30,"time":1778986242148,"pid":74598,"hostname":"Dereks-MacBook-Pro.local","module":"ingest","msg":"flush batch=216 releases=100 entities=298"}
{"level":30,"time":1778986242562,"pid":74598,"hostname":"Dereks-MacBook-Pro.local","module":"ingest","msg":"flush batch=217 releases=100 entities=308"}
{"level":30,"time":1778986242942,"pid":74598,"hostname":"Dereks-MacBook-Pro.local","module":"ingest","msg":"flush batch=218 releases=100 entities=309"}
{"level":30,"time":1778986243303,"pid":74598,"hostname":"Dereks-MacBook-Pro.local","module":"ingest","msg":"flush batch=219 releases=100 entities=292"}
{"level":30,"time":1778986243372,"pid":74598,"hostname":"Dereks-MacBook-Pro.local","module":"ingest","msg":"progress records=22000 elapsed=126.7s"}
{"level":30,"time":1778986243685,"pid":74598,"hostname":"Dereks-MacBook-Pro.local","module":"ingest","msg":"flush batch=220 releases=100 entities=289"}
{"level":30,"time":1778986244050,"pid":74598,"hostname":"Dereks-MacBook-Pro.local","module":"ingest","msg":"flush batch=221 releases=100 entities=277"}
{"level":30,"time":1778986244458,"pid":74598,"hostname":"Dereks-MacBook-Pro.local","module":"ingest","msg":"flush batch=222 releases=100 entities=277"}
{"level":30,"time":1778986244829,"pid":74598,"hostname":"Dereks-MacBook-Pro.local","module":"ingest","msg":"flush batch=223 releases=100 entities=315"}
{"level":30,"time":1778986245194,"pid":74598,"hostname":"Dereks-MacBook-Pro.local","module":"ingest","msg":"flush batch=224 releases=100 entities=294"}
{"level":30,"time":1778986245573,"pid":74598,"hostname":"Dereks-MacBook-Pro.local","module":"ingest","msg":"flush batch=225 releases=100 entities=291"}
{"level":30,"time":1778986245924,"pid":74598,"hostname":"Dereks-MacBook-Pro.local","module":"ingest","msg":"flush batch=226 releases=100 entities=293"}
{"level":30,"time":1778986246328,"pid":74598,"hostname":"Dereks-MacBook-Pro.local","module":"ingest","msg":"flush batch=227 releases=100 entities=291"}
{"level":30,"time":1778986246693,"pid":74598,"hostname":"Dereks-MacBook-Pro.local","module":"ingest","msg":"flush batch=228 releases=100 entities=288"}
{"level":30,"time":1778986247051,"pid":74598,"hostname":"Dereks-MacBook-Pro.local","module":"ingest","msg":"flush batch=229 releases=100 entities=286"}
{"level":30,"time":1778986247113,"pid":74598,"hostname":"Dereks-MacBook-Pro.local","module":"ingest","msg":"progress records=23000 elapsed=130.4s"}
{"level":30,"time":1778986247431,"pid":74598,"hostname":"Dereks-MacBook-Pro.local","module":"ingest","msg":"flush batch=230 releases=100 entities=290"}
{"level":30,"time":1778986247811,"pid":74598,"hostname":"Dereks-MacBook-Pro.local","module":"ingest","msg":"flush batch=231 releases=100 entities=300"}
{"level":30,"time":1778986248196,"pid":74598,"hostname":"Dereks-MacBook-Pro.local","module":"ingest","msg":"flush batch=232 releases=100 entities=300"}
{"level":30,"time":1778986248594,"pid":74598,"hostname":"Dereks-MacBook-Pro.local","module":"ingest","msg":"flush batch=233 releases=100 entities=293"}
{"level":30,"time":1778986248974,"pid":74598,"hostname":"Dereks-MacBook-Pro.local","module":"ingest","msg":"flush batch=234 releases=100 entities=300"}
{"level":30,"time":1778986249366,"pid":74598,"hostname":"Dereks-MacBook-Pro.local","module":"ingest","msg":"flush batch=235 releases=100 entities=298"}
{"level":30,"time":1778986249744,"pid":74598,"hostname":"Dereks-MacBook-Pro.local","module":"ingest","msg":"flush batch=236 releases=100 entities=298"}
{"level":30,"time":1778986250125,"pid":74598,"hostname":"Dereks-MacBook-Pro.local","module":"ingest","msg":"flush batch=237 releases=100 entities=297"}
{"level":30,"time":1778986250537,"pid":74598,"hostname":"Dereks-MacBook-Pro.local","module":"ingest","msg":"flush batch=238 releases=100 entities=294"}
{"level":30,"time":1778986250956,"pid":74598,"hostname":"Dereks-MacBook-Pro.local","module":"ingest","msg":"flush batch=239 releases=100 entities=311"}
{"level":30,"time":1778986251020,"pid":74598,"hostname":"Dereks-MacBook-Pro.local","module":"ingest","msg":"progress records=24000 elapsed=134.3s"}
{"level":30,"time":1778986251374,"pid":74598,"hostname":"Dereks-MacBook-Pro.local","module":"ingest","msg":"flush batch=240 releases=100 entities=310"}
{"level":30,"time":1778986251813,"pid":74598,"hostname":"Dereks-MacBook-Pro.local","module":"ingest","msg":"flush batch=241 releases=100 entities=302"}
{"level":30,"time":1778986252242,"pid":74598,"hostname":"Dereks-MacBook-Pro.local","module":"ingest","msg":"flush batch=242 releases=100 entities=301"}
{"level":30,"time":1778986252689,"pid":74598,"hostname":"Dereks-MacBook-Pro.local","module":"ingest","msg":"flush batch=243 releases=100 entities=290"}
{"level":30,"time":1778986253089,"pid":74598,"hostname":"Dereks-MacBook-Pro.local","module":"ingest","msg":"flush batch=244 releases=100 entities=292"}
{"level":30,"time":1778986253489,"pid":74598,"hostname":"Dereks-MacBook-Pro.local","module":"ingest","msg":"flush batch=245 releases=100 entities=287"}
{"level":30,"time":1778986253888,"pid":74598,"hostname":"Dereks-MacBook-Pro.local","module":"ingest","msg":"flush batch=246 releases=100 entities=288"}
{"level":30,"time":1778986254258,"pid":74598,"hostname":"Dereks-MacBook-Pro.local","module":"ingest","msg":"flush batch=247 releases=100 entities=287"}
{"level":30,"time":1778986254692,"pid":74598,"hostname":"Dereks-MacBook-Pro.local","module":"ingest","msg":"flush batch=248 releases=100 entities=271"}
{"level":30,"time":1778986255064,"pid":74598,"hostname":"Dereks-MacBook-Pro.local","module":"ingest","msg":"flush batch=249 releases=100 entities=274"}
{"level":30,"time":1778986255133,"pid":74598,"hostname":"Dereks-MacBook-Pro.local","module":"ingest","msg":"progress records=25000 elapsed=138.4s"}
{"level":30,"time":1778986255454,"pid":74598,"hostname":"Dereks-MacBook-Pro.local","module":"ingest","msg":"flush batch=250 releases=100 entities=280"}
{"level":30,"time":1778986255864,"pid":74598,"hostname":"Dereks-MacBook-Pro.local","module":"ingest","msg":"flush batch=251 releases=100 entities=278"}
{"level":30,"time":1778986256236,"pid":74598,"hostname":"Dereks-MacBook-Pro.local","module":"ingest","msg":"flush batch=252 releases=100 entities=279"}
{"level":30,"time":1778986256626,"pid":74598,"hostname":"Dereks-MacBook-Pro.local","module":"ingest","msg":"flush batch=253 releases=100 entities=283"}
{"level":30,"time":1778986257035,"pid":74598,"hostname":"Dereks-MacBook-Pro.local","module":"ingest","msg":"flush batch=254 releases=100 entities=296"}
{"level":30,"time":1778986257430,"pid":74598,"hostname":"Dereks-MacBook-Pro.local","module":"ingest","msg":"flush batch=255 releases=100 entities=287"}
{"level":30,"time":1778986257819,"pid":74598,"hostname":"Dereks-MacBook-Pro.local","module":"ingest","msg":"flush batch=256 releases=100 entities=289"}
{"level":30,"time":1778986258204,"pid":74598,"hostname":"Dereks-MacBook-Pro.local","module":"ingest","msg":"flush batch=257 releases=100 entities=289"}
{"level":30,"time":1778986258588,"pid":74598,"hostname":"Dereks-MacBook-Pro.local","module":"ingest","msg":"flush batch=258 releases=100 entities=286"}
{"level":30,"time":1778986258959,"pid":74598,"hostname":"Dereks-MacBook-Pro.local","module":"ingest","msg":"flush batch=259 releases=100 entities=293"}
{"level":30,"time":1778986259030,"pid":74598,"hostname":"Dereks-MacBook-Pro.local","module":"ingest","msg":"progress records=26000 elapsed=142.3s"}
{"level":30,"time":1778986259361,"pid":74598,"hostname":"Dereks-MacBook-Pro.local","module":"ingest","msg":"flush batch=260 releases=100 entities=290"}
{"level":30,"time":1778986259759,"pid":74598,"hostname":"Dereks-MacBook-Pro.local","module":"ingest","msg":"flush batch=261 releases=100 entities=292"}
{"level":30,"time":1778986260133,"pid":74598,"hostname":"Dereks-MacBook-Pro.local","module":"ingest","msg":"flush batch=262 releases=100 entities=288"}
{"level":30,"time":1778986260507,"pid":74598,"hostname":"Dereks-MacBook-Pro.local","module":"ingest","msg":"flush batch=263 releases=100 entities=292"}
{"level":30,"time":1778986260890,"pid":74598,"hostname":"Dereks-MacBook-Pro.local","module":"ingest","msg":"flush batch=264 releases=100 entities=287"}
{"level":30,"time":1778986261300,"pid":74598,"hostname":"Dereks-MacBook-Pro.local","module":"ingest","msg":"flush batch=265 releases=100 entities=293"}
{"level":30,"time":1778986261698,"pid":74598,"hostname":"Dereks-MacBook-Pro.local","module":"ingest","msg":"flush batch=266 releases=100 entities=290"}
{"level":30,"time":1778986262096,"pid":74598,"hostname":"Dereks-MacBook-Pro.local","module":"ingest","msg":"flush batch=267 releases=100 entities=284"}
{"level":30,"time":1778986262508,"pid":74598,"hostname":"Dereks-MacBook-Pro.local","module":"ingest","msg":"flush batch=268 releases=100 entities=272"}
{"level":30,"time":1778986262902,"pid":74598,"hostname":"Dereks-MacBook-Pro.local","module":"ingest","msg":"flush batch=269 releases=100 entities=273"}
{"level":30,"time":1778986262972,"pid":74598,"hostname":"Dereks-MacBook-Pro.local","module":"ingest","msg":"progress records=27000 elapsed=146.3s"}
{"level":30,"time":1778986263315,"pid":74598,"hostname":"Dereks-MacBook-Pro.local","module":"ingest","msg":"flush batch=270 releases=100 entities=281"}
{"level":30,"time":1778986263706,"pid":74598,"hostname":"Dereks-MacBook-Pro.local","module":"ingest","msg":"flush batch=271 releases=100 entities=291"}
{"level":30,"time":1778986264086,"pid":74598,"hostname":"Dereks-MacBook-Pro.local","module":"ingest","msg":"flush batch=272 releases=100 entities=289"}
{"level":30,"time":1778986264466,"pid":74598,"hostname":"Dereks-MacBook-Pro.local","module":"ingest","msg":"flush batch=273 releases=100 entities=299"}
{"level":30,"time":1778986264856,"pid":74598,"hostname":"Dereks-MacBook-Pro.local","module":"ingest","msg":"flush batch=274 releases=100 entities=301"}
{"level":30,"time":1778986265231,"pid":74598,"hostname":"Dereks-MacBook-Pro.local","module":"ingest","msg":"flush batch=275 releases=100 entities=300"}
{"level":30,"time":1778986265622,"pid":74598,"hostname":"Dereks-MacBook-Pro.local","module":"ingest","msg":"flush batch=276 releases=100 entities=300"}
{"level":30,"time":1778986266008,"pid":74598,"hostname":"Dereks-MacBook-Pro.local","module":"ingest","msg":"flush batch=277 releases=100 entities=299"}
{"level":30,"time":1778986266431,"pid":74598,"hostname":"Dereks-MacBook-Pro.local","module":"ingest","msg":"flush batch=278 releases=100 entities=300"}
{"level":30,"time":1778986266809,"pid":74598,"hostname":"Dereks-MacBook-Pro.local","module":"ingest","msg":"flush batch=279 releases=100 entities=297"}
{"level":30,"time":1778986266872,"pid":74598,"hostname":"Dereks-MacBook-Pro.local","module":"ingest","msg":"progress records=28000 elapsed=150.2s"}
{"level":30,"time":1778986267190,"pid":74598,"hostname":"Dereks-MacBook-Pro.local","module":"ingest","msg":"flush batch=280 releases=100 entities=292"}
{"level":30,"time":1778986267566,"pid":74598,"hostname":"Dereks-MacBook-Pro.local","module":"ingest","msg":"flush batch=281 releases=100 entities=295"}
{"level":30,"time":1778986267944,"pid":74598,"hostname":"Dereks-MacBook-Pro.local","module":"ingest","msg":"flush batch=282 releases=100 entities=296"}
{"level":30,"time":1778986268314,"pid":74598,"hostname":"Dereks-MacBook-Pro.local","module":"ingest","msg":"flush batch=283 releases=100 entities=296"}
{"level":30,"time":1778986268686,"pid":74598,"hostname":"Dereks-MacBook-Pro.local","module":"ingest","msg":"flush batch=284 releases=100 entities=299"}
{"level":30,"time":1778986269065,"pid":74598,"hostname":"Dereks-MacBook-Pro.local","module":"ingest","msg":"flush batch=285 releases=100 entities=298"}
{"level":30,"time":1778986269431,"pid":74598,"hostname":"Dereks-MacBook-Pro.local","module":"ingest","msg":"flush batch=286 releases=100 entities=299"}
{"level":30,"time":1778986269815,"pid":74598,"hostname":"Dereks-MacBook-Pro.local","module":"ingest","msg":"flush batch=287 releases=100 entities=303"}
{"level":30,"time":1778986270181,"pid":74598,"hostname":"Dereks-MacBook-Pro.local","module":"ingest","msg":"flush batch=288 releases=100 entities=291"}
{"level":30,"time":1778986270575,"pid":74598,"hostname":"Dereks-MacBook-Pro.local","module":"ingest","msg":"flush batch=289 releases=100 entities=294"}
{"level":30,"time":1778986270636,"pid":74598,"hostname":"Dereks-MacBook-Pro.local","module":"ingest","msg":"progress records=29000 elapsed=153.9s"}
{"level":30,"time":1778986270941,"pid":74598,"hostname":"Dereks-MacBook-Pro.local","module":"ingest","msg":"flush batch=290 releases=100 entities=294"}
{"level":30,"time":1778986271351,"pid":74598,"hostname":"Dereks-MacBook-Pro.local","module":"ingest","msg":"flush batch=291 releases=100 entities=297"}
{"level":30,"time":1778986271735,"pid":74598,"hostname":"Dereks-MacBook-Pro.local","module":"ingest","msg":"flush batch=292 releases=100 entities=293"}
{"level":30,"time":1778986272114,"pid":74598,"hostname":"Dereks-MacBook-Pro.local","module":"ingest","msg":"flush batch=293 releases=100 entities=300"}
{"level":30,"time":1778986272502,"pid":74598,"hostname":"Dereks-MacBook-Pro.local","module":"ingest","msg":"flush batch=294 releases=100 entities=272"}
{"level":30,"time":1778986272895,"pid":74598,"hostname":"Dereks-MacBook-Pro.local","module":"ingest","msg":"flush batch=295 releases=100 entities=258"}
{"level":30,"time":1778986273271,"pid":74598,"hostname":"Dereks-MacBook-Pro.local","module":"ingest","msg":"flush batch=296 releases=100 entities=292"}
{"level":30,"time":1778986273678,"pid":74598,"hostname":"Dereks-MacBook-Pro.local","module":"ingest","msg":"flush batch=297 releases=100 entities=351"}
{"level":30,"time":1778986274054,"pid":74598,"hostname":"Dereks-MacBook-Pro.local","module":"ingest","msg":"flush batch=298 releases=100 entities=327"}
{"level":30,"time":1778986274434,"pid":74598,"hostname":"Dereks-MacBook-Pro.local","module":"ingest","msg":"flush batch=299 releases=100 entities=305"}
{"level":30,"time":1778986274489,"pid":74598,"hostname":"Dereks-MacBook-Pro.local","module":"ingest","msg":"progress records=30000 elapsed=157.8s"}
{"level":30,"time":1778986274779,"pid":74598,"hostname":"Dereks-MacBook-Pro.local","module":"ingest","msg":"flush batch=300 releases=100 entities=262"}
{"level":30,"time":1778986275139,"pid":74598,"hostname":"Dereks-MacBook-Pro.local","module":"ingest","msg":"flush batch=301 releases=100 entities=269"}
{"level":30,"time":1778986275500,"pid":74598,"hostname":"Dereks-MacBook-Pro.local","module":"ingest","msg":"flush batch=302 releases=100 entities=295"}
{"level":30,"time":1778986275854,"pid":74598,"hostname":"Dereks-MacBook-Pro.local","module":"ingest","msg":"flush batch=303 releases=100 entities=292"}
{"level":30,"time":1778986276216,"pid":74598,"hostname":"Dereks-MacBook-Pro.local","module":"ingest","msg":"flush batch=304 releases=100 entities=294"}
{"level":30,"time":1778986276576,"pid":74598,"hostname":"Dereks-MacBook-Pro.local","module":"ingest","msg":"flush batch=305 releases=100 entities=298"}
{"level":30,"time":1778986276940,"pid":74598,"hostname":"Dereks-MacBook-Pro.local","module":"ingest","msg":"flush batch=306 releases=100 entities=291"}
{"level":30,"time":1778986277334,"pid":74598,"hostname":"Dereks-MacBook-Pro.local","module":"ingest","msg":"flush batch=307 releases=100 entities=291"}
{"level":30,"time":1778986277725,"pid":74598,"hostname":"Dereks-MacBook-Pro.local","module":"ingest","msg":"flush batch=308 releases=100 entities=291"}
{"level":30,"time":1778986278116,"pid":74598,"hostname":"Dereks-MacBook-Pro.local","module":"ingest","msg":"flush batch=309 releases=100 entities=299"}
{"level":30,"time":1778986278186,"pid":74598,"hostname":"Dereks-MacBook-Pro.local","module":"ingest","msg":"progress records=31000 elapsed=161.5s"}
{"level":30,"time":1778986278502,"pid":74598,"hostname":"Dereks-MacBook-Pro.local","module":"ingest","msg":"flush batch=310 releases=100 entities=311"}
{"level":30,"time":1778986278886,"pid":74598,"hostname":"Dereks-MacBook-Pro.local","module":"ingest","msg":"flush batch=311 releases=100 entities=283"}
{"level":30,"time":1778986279303,"pid":74598,"hostname":"Dereks-MacBook-Pro.local","module":"ingest","msg":"flush batch=312 releases=100 entities=306"}
{"level":30,"time":1778986279722,"pid":74598,"hostname":"Dereks-MacBook-Pro.local","module":"ingest","msg":"flush batch=313 releases=100 entities=303"}
{"level":30,"time":1778986280095,"pid":74598,"hostname":"Dereks-MacBook-Pro.local","module":"ingest","msg":"flush batch=314 releases=100 entities=290"}
{"level":30,"time":1778986280486,"pid":74598,"hostname":"Dereks-MacBook-Pro.local","module":"ingest","msg":"flush batch=315 releases=100 entities=308"}
{"level":30,"time":1778986280886,"pid":74598,"hostname":"Dereks-MacBook-Pro.local","module":"ingest","msg":"flush batch=316 releases=100 entities=299"}
{"level":30,"time":1778986281338,"pid":74598,"hostname":"Dereks-MacBook-Pro.local","module":"ingest","msg":"flush batch=317 releases=100 entities=297"}
{"level":30,"time":1778986281759,"pid":74598,"hostname":"Dereks-MacBook-Pro.local","module":"ingest","msg":"flush batch=318 releases=100 entities=298"}
{"level":30,"time":1778986282153,"pid":74598,"hostname":"Dereks-MacBook-Pro.local","module":"ingest","msg":"flush batch=319 releases=100 entities=304"}
{"level":30,"time":1778986282219,"pid":74598,"hostname":"Dereks-MacBook-Pro.local","module":"ingest","msg":"progress records=32000 elapsed=165.5s"}
{"level":30,"time":1778986282586,"pid":74598,"hostname":"Dereks-MacBook-Pro.local","module":"ingest","msg":"flush batch=320 releases=100 entities=299"}
{"level":30,"time":1778986283006,"pid":74598,"hostname":"Dereks-MacBook-Pro.local","module":"ingest","msg":"flush batch=321 releases=100 entities=296"}
{"level":30,"time":1778986283448,"pid":74598,"hostname":"Dereks-MacBook-Pro.local","module":"ingest","msg":"flush batch=322 releases=100 entities=318"}
{"level":30,"time":1778986283850,"pid":74598,"hostname":"Dereks-MacBook-Pro.local","module":"ingest","msg":"flush batch=323 releases=100 entities=299"}
{"level":30,"time":1778986284280,"pid":74598,"hostname":"Dereks-MacBook-Pro.local","module":"ingest","msg":"flush batch=324 releases=100 entities=299"}
{"level":30,"time":1778986284743,"pid":74598,"hostname":"Dereks-MacBook-Pro.local","module":"ingest","msg":"flush batch=325 releases=100 entities=303"}
{"level":30,"time":1778986285136,"pid":74598,"hostname":"Dereks-MacBook-Pro.local","module":"ingest","msg":"flush batch=326 releases=100 entities=294"}
{"level":30,"time":1778986285514,"pid":74598,"hostname":"Dereks-MacBook-Pro.local","module":"ingest","msg":"flush batch=327 releases=100 entities=297"}
{"level":30,"time":1778986285934,"pid":74598,"hostname":"Dereks-MacBook-Pro.local","module":"ingest","msg":"flush batch=328 releases=100 entities=297"}
{"level":30,"time":1778986286356,"pid":74598,"hostname":"Dereks-MacBook-Pro.local","module":"ingest","msg":"flush batch=329 releases=100 entities=291"}
{"level":30,"time":1778986286416,"pid":74598,"hostname":"Dereks-MacBook-Pro.local","module":"ingest","msg":"progress records=33000 elapsed=169.7s"}
{"level":30,"time":1778986286736,"pid":74598,"hostname":"Dereks-MacBook-Pro.local","module":"ingest","msg":"flush batch=330 releases=100 entities=299"}
{"level":30,"time":1778986287152,"pid":74598,"hostname":"Dereks-MacBook-Pro.local","module":"ingest","msg":"flush batch=331 releases=100 entities=301"}
{"level":30,"time":1778986287549,"pid":74598,"hostname":"Dereks-MacBook-Pro.local","module":"ingest","msg":"flush batch=332 releases=100 entities=303"}
{"level":30,"time":1778986287959,"pid":74598,"hostname":"Dereks-MacBook-Pro.local","module":"ingest","msg":"flush batch=333 releases=100 entities=321"}
{"level":30,"time":1778986288393,"pid":74598,"hostname":"Dereks-MacBook-Pro.local","module":"ingest","msg":"flush batch=334 releases=100 entities=296"}
{"level":30,"time":1778986288786,"pid":74598,"hostname":"Dereks-MacBook-Pro.local","module":"ingest","msg":"flush batch=335 releases=100 entities=307"}
{"level":30,"time":1778986289192,"pid":74598,"hostname":"Dereks-MacBook-Pro.local","module":"ingest","msg":"flush batch=336 releases=100 entities=307"}
{"level":30,"time":1778986289459,"pid":74598,"hostname":"Dereks-MacBook-Pro.local","module":"ingest","msg":"flush batch=337 (final) releases=36 entities=120"}
{"level":30,"time":1778986289460,"pid":74598,"hostname":"Dereks-MacBook-Pro.local","module":"ingest","msg":"done records=33636 entities=92494 elapsed=172.8s"}
{"level":30,"time":1778986289642,"pid":74598,"hostname":"Dereks-MacBook-Pro.local","module":"cli","msg":"[ingest] 2025-9 → 33636 records ingested (run run-2026-05-17T02:48:32.801Z)"}
