{"level":30,"time":1778985430986,"pid":71328,"hostname":"Dereks-MacBook-Pro.local","module":"ingest","msg":"start year=2026 month=1 runId=run-2026-05-17T02:37:07.091Z"}
{"level":30,"time":1778985433501,"pid":71328,"hostname":"Dereks-MacBook-Pro.local","module":"ingest","msg":"download complete path=/var/folders/rj/x0yz6y3j2q70rlz0phst404c0000gn/T/gc-2026-1.zip bytes=34046623"}
{"level":30,"time":1778985434033,"pid":71328,"hostname":"Dereks-MacBook-Pro.local","module":"ingest","msg":"flush batch=1 releases=100 entities=222"}
{"level":30,"time":1778985434387,"pid":71328,"hostname":"Dereks-MacBook-Pro.local","module":"ingest","msg":"flush batch=2 releases=100 entities=246"}
{"level":30,"time":1778985434725,"pid":71328,"hostname":"Dereks-MacBook-Pro.local","module":"ingest","msg":"flush batch=3 releases=100 entities=230"}
{"level":30,"time":1778985435092,"pid":71328,"hostname":"Dereks-MacBook-Pro.local","module":"ingest","msg":"flush batch=4 releases=100 entities=230"}
{"level":30,"time":1778985435483,"pid":71328,"hostname":"Dereks-MacBook-Pro.local","module":"ingest","msg":"flush batch=5 releases=100 entities=245"}
{"level":30,"time":1778985435871,"pid":71328,"hostname":"Dereks-MacBook-Pro.local","module":"ingest","msg":"flush batch=6 releases=100 entities=229"}
{"level":30,"time":1778985436220,"pid":71328,"hostname":"Dereks-MacBook-Pro.local","module":"ingest","msg":"flush batch=7 releases=100 entities=219"}
{"level":30,"time":1778985436607,"pid":71328,"hostname":"Dereks-MacBook-Pro.local","module":"ingest","msg":"flush batch=8 releases=100 entities=227"}
{"level":30,"time":1778985436971,"pid":71328,"hostname":"Dereks-MacBook-Pro.local","module":"ingest","msg":"flush batch=9 releases=100 entities=243"}
{"level":30,"time":1778985437014,"pid":71328,"hostname":"Dereks-MacBook-Pro.local","module":"ingest","msg":"progress records=1000 elapsed=6.0s"}
{"level":30,"time":1778985437324,"pid":71328,"hostname":"Dereks-MacBook-Pro.local","module":"ingest","msg":"flush batch=10 releases=100 entities=217"}
{"level":30,"time":1778985437713,"pid":71328,"hostname":"Dereks-MacBook-Pro.local","module":"ingest","msg":"flush batch=11 releases=100 entities=236"}
{"level":30,"time":1778985438168,"pid":71328,"hostname":"Dereks-MacBook-Pro.local","module":"ingest","msg":"flush batch=12 releases=100 entities=241"}
{"level":30,"time":1778985438559,"pid":71328,"hostname":"Dereks-MacBook-Pro.local","module":"ingest","msg":"flush batch=13 releases=100 entities=261"}
{"level":30,"time":1778985439004,"pid":71328,"hostname":"Dereks-MacBook-Pro.local","module":"ingest","msg":"flush batch=14 releases=100 entities=257"}
{"level":30,"time":1778985439397,"pid":71328,"hostname":"Dereks-MacBook-Pro.local","module":"ingest","msg":"flush batch=15 releases=100 entities=264"}
{"level":30,"time":1778985439784,"pid":71328,"hostname":"Dereks-MacBook-Pro.local","module":"ingest","msg":"flush batch=16 releases=100 entities=261"}
{"level":30,"time":1778985440151,"pid":71328,"hostname":"Dereks-MacBook-Pro.local","module":"ingest","msg":"flush batch=17 releases=100 entities=233"}
{"level":30,"time":1778985440599,"pid":71328,"hostname":"Dereks-MacBook-Pro.local","module":"ingest","msg":"flush batch=18 releases=100 entities=250"}
{"level":30,"time":1778985441035,"pid":71328,"hostname":"Dereks-MacBook-Pro.local","module":"ingest","msg":"flush batch=19 releases=100 entities=262"}
{"level":30,"time":1778985441093,"pid":71328,"hostname":"Dereks-MacBook-Pro.local","module":"ingest","msg":"progress records=2000 elapsed=10.1s"}
{"level":30,"time":1778985441424,"pid":71328,"hostname":"Dereks-MacBook-Pro.local","module":"ingest","msg":"flush batch=20 releases=100 entities=265"}
{"level":30,"time":1778985441894,"pid":71328,"hostname":"Dereks-MacBook-Pro.local","module":"ingest","msg":"flush batch=21 releases=100 entities=249"}
{"level":30,"time":1778985442269,"pid":71328,"hostname":"Dereks-MacBook-Pro.local","module":"ingest","msg":"flush batch=22 releases=100 entities=238"}
{"level":30,"time":1778985442636,"pid":71328,"hostname":"Dereks-MacBook-Pro.local","module":"ingest","msg":"flush batch=23 releases=100 entities=258"}
{"level":30,"time":1778985443002,"pid":71328,"hostname":"Dereks-MacBook-Pro.local","module":"ingest","msg":"flush batch=24 releases=100 entities=218"}
{"level":30,"time":1778985443360,"pid":71328,"hostname":"Dereks-MacBook-Pro.local","module":"ingest","msg":"flush batch=25 releases=100 entities=234"}
{"level":30,"time":1778985443694,"pid":71328,"hostname":"Dereks-MacBook-Pro.local","module":"ingest","msg":"flush batch=26 releases=100 entities=237"}
{"level":30,"time":1778985444045,"pid":71328,"hostname":"Dereks-MacBook-Pro.local","module":"ingest","msg":"flush batch=27 releases=100 entities=234"}
{"level":30,"time":1778985444414,"pid":71328,"hostname":"Dereks-MacBook-Pro.local","module":"ingest","msg":"flush batch=28 releases=100 entities=237"}
{"level":30,"time":1778985444781,"pid":71328,"hostname":"Dereks-MacBook-Pro.local","module":"ingest","msg":"flush batch=29 releases=100 entities=233"}
{"level":30,"time":1778985444828,"pid":71328,"hostname":"Dereks-MacBook-Pro.local","module":"ingest","msg":"progress records=3000 elapsed=13.8s"}
{"level":30,"time":1778985445119,"pid":71328,"hostname":"Dereks-MacBook-Pro.local","module":"ingest","msg":"flush batch=30 releases=100 entities=223"}
{"level":30,"time":1778985445461,"pid":71328,"hostname":"Dereks-MacBook-Pro.local","module":"ingest","msg":"flush batch=31 releases=100 entities=227"}
{"level":30,"time":1778985445804,"pid":71328,"hostname":"Dereks-MacBook-Pro.local","module":"ingest","msg":"flush batch=32 releases=100 entities=232"}
{"level":30,"time":1778985446190,"pid":71328,"hostname":"Dereks-MacBook-Pro.local","module":"ingest","msg":"flush batch=33 releases=100 entities=234"}
{"level":30,"time":1778985446559,"pid":71328,"hostname":"Dereks-MacBook-Pro.local","module":"ingest","msg":"flush batch=34 releases=100 entities=236"}
{"level":30,"time":1778985446941,"pid":71328,"hostname":"Dereks-MacBook-Pro.local","module":"ingest","msg":"flush batch=35 releases=100 entities=219"}
{"level":30,"time":1778985447303,"pid":71328,"hostname":"Dereks-MacBook-Pro.local","module":"ingest","msg":"flush batch=36 releases=100 entities=237"}
{"level":30,"time":1778985447679,"pid":71328,"hostname":"Dereks-MacBook-Pro.local","module":"ingest","msg":"flush batch=37 releases=100 entities=241"}
{"level":30,"time":1778985448045,"pid":71328,"hostname":"Dereks-MacBook-Pro.local","module":"ingest","msg":"flush batch=38 releases=100 entities=228"}
{"level":30,"time":1778985448405,"pid":71328,"hostname":"Dereks-MacBook-Pro.local","module":"ingest","msg":"flush batch=39 releases=100 entities=237"}
{"level":30,"time":1778985448465,"pid":71328,"hostname":"Dereks-MacBook-Pro.local","module":"ingest","msg":"progress records=4000 elapsed=17.5s"}
{"level":30,"time":1778985448778,"pid":71328,"hostname":"Dereks-MacBook-Pro.local","module":"ingest","msg":"flush batch=40 releases=100 entities=248"}
{"level":30,"time":1778985449182,"pid":71328,"hostname":"Dereks-MacBook-Pro.local","module":"ingest","msg":"flush batch=41 releases=100 entities=264"}
{"level":30,"time":1778985449569,"pid":71328,"hostname":"Dereks-MacBook-Pro.local","module":"ingest","msg":"flush batch=42 releases=100 entities=239"}
{"level":30,"time":1778985449927,"pid":71328,"hostname":"Dereks-MacBook-Pro.local","module":"ingest","msg":"flush batch=43 releases=100 entities=244"}
{"level":30,"time":1778985450303,"pid":71328,"hostname":"Dereks-MacBook-Pro.local","module":"ingest","msg":"flush batch=44 releases=100 entities=227"}
{"level":30,"time":1778985450693,"pid":71328,"hostname":"Dereks-MacBook-Pro.local","module":"ingest","msg":"flush batch=45 releases=100 entities=248"}
{"level":30,"time":1778985451048,"pid":71328,"hostname":"Dereks-MacBook-Pro.local","module":"ingest","msg":"flush batch=46 releases=100 entities=247"}
{"level":30,"time":1778985451468,"pid":71328,"hostname":"Dereks-MacBook-Pro.local","module":"ingest","msg":"flush batch=47 releases=100 entities=245"}
{"level":30,"time":1778985451839,"pid":71328,"hostname":"Dereks-MacBook-Pro.local","module":"ingest","msg":"flush batch=48 releases=100 entities=244"}
{"level":30,"time":1778985452196,"pid":71328,"hostname":"Dereks-MacBook-Pro.local","module":"ingest","msg":"flush batch=49 releases=100 entities=242"}
{"level":30,"time":1778985452262,"pid":71328,"hostname":"Dereks-MacBook-Pro.local","module":"ingest","msg":"progress records=5000 elapsed=21.3s"}
{"level":30,"time":1778985452572,"pid":71328,"hostname":"Dereks-MacBook-Pro.local","module":"ingest","msg":"flush batch=50 releases=100 entities=248"}
{"level":30,"time":1778985453006,"pid":71328,"hostname":"Dereks-MacBook-Pro.local","module":"ingest","msg":"flush batch=51 releases=100 entities=252"}
{"level":30,"time":1778985453358,"pid":71328,"hostname":"Dereks-MacBook-Pro.local","module":"ingest","msg":"flush batch=52 releases=100 entities=259"}
{"level":30,"time":1778985453719,"pid":71328,"hostname":"Dereks-MacBook-Pro.local","module":"ingest","msg":"flush batch=53 releases=100 entities=261"}
{"level":30,"time":1778985454093,"pid":71328,"hostname":"Dereks-MacBook-Pro.local","module":"ingest","msg":"flush batch=54 releases=100 entities=246"}
{"level":30,"time":1778985454465,"pid":71328,"hostname":"Dereks-MacBook-Pro.local","module":"ingest","msg":"flush batch=55 releases=100 entities=248"}
{"level":30,"time":1778985454855,"pid":71328,"hostname":"Dereks-MacBook-Pro.local","module":"ingest","msg":"flush batch=56 releases=100 entities=272"}
{"level":30,"time":1778985455230,"pid":71328,"hostname":"Dereks-MacBook-Pro.local","module":"ingest","msg":"flush batch=57 releases=100 entities=264"}
{"level":30,"time":1778985455579,"pid":71328,"hostname":"Dereks-MacBook-Pro.local","module":"ingest","msg":"flush batch=58 releases=100 entities=240"}
{"level":30,"time":1778985455944,"pid":71328,"hostname":"Dereks-MacBook-Pro.local","module":"ingest","msg":"flush batch=59 releases=100 entities=260"}
{"level":30,"time":1778985456000,"pid":71328,"hostname":"Dereks-MacBook-Pro.local","module":"ingest","msg":"progress records=6000 elapsed=25.0s"}
{"level":30,"time":1778985456306,"pid":71328,"hostname":"Dereks-MacBook-Pro.local","module":"ingest","msg":"flush batch=60 releases=100 entities=256"}
{"level":30,"time":1778985456668,"pid":71328,"hostname":"Dereks-MacBook-Pro.local","module":"ingest","msg":"flush batch=61 releases=100 entities=242"}
{"level":30,"time":1778985457045,"pid":71328,"hostname":"Dereks-MacBook-Pro.local","module":"ingest","msg":"flush batch=62 releases=100 entities=238"}
{"level":30,"time":1778985457406,"pid":71328,"hostname":"Dereks-MacBook-Pro.local","module":"ingest","msg":"flush batch=63 releases=100 entities=275"}
{"level":30,"time":1778985457797,"pid":71328,"hostname":"Dereks-MacBook-Pro.local","module":"ingest","msg":"flush batch=64 releases=100 entities=265"}
{"level":30,"time":1778985458190,"pid":71328,"hostname":"Dereks-MacBook-Pro.local","module":"ingest","msg":"flush batch=65 releases=100 entities=263"}
{"level":30,"time":1778985458589,"pid":71328,"hostname":"Dereks-MacBook-Pro.local","module":"ingest","msg":"flush batch=66 releases=100 entities=279"}
{"level":30,"time":1778985458944,"pid":71328,"hostname":"Dereks-MacBook-Pro.local","module":"ingest","msg":"flush batch=67 releases=100 entities=274"}
{"level":30,"time":1778985459298,"pid":71328,"hostname":"Dereks-MacBook-Pro.local","module":"ingest","msg":"flush batch=68 releases=100 entities=256"}
{"level":30,"time":1778985459632,"pid":71328,"hostname":"Dereks-MacBook-Pro.local","module":"ingest","msg":"flush batch=69 releases=100 entities=245"}
{"level":30,"time":1778985459692,"pid":71328,"hostname":"Dereks-MacBook-Pro.local","module":"ingest","msg":"progress records=7000 elapsed=28.7s"}
{"level":30,"time":1778985460021,"pid":71328,"hostname":"Dereks-MacBook-Pro.local","module":"ingest","msg":"flush batch=70 releases=100 entities=260"}
{"level":30,"time":1778985460389,"pid":71328,"hostname":"Dereks-MacBook-Pro.local","module":"ingest","msg":"flush batch=71 releases=100 entities=272"}
{"level":30,"time":1778985460732,"pid":71328,"hostname":"Dereks-MacBook-Pro.local","module":"ingest","msg":"flush batch=72 releases=100 entities=273"}
{"level":30,"time":1778985461099,"pid":71328,"hostname":"Dereks-MacBook-Pro.local","module":"ingest","msg":"flush batch=73 releases=100 entities=255"}
{"level":30,"time":1778985461461,"pid":71328,"hostname":"Dereks-MacBook-Pro.local","module":"ingest","msg":"flush batch=74 releases=100 entities=260"}
{"level":30,"time":1778985461819,"pid":71328,"hostname":"Dereks-MacBook-Pro.local","module":"ingest","msg":"flush batch=75 releases=100 entities=237"}
{"level":30,"time":1778985462172,"pid":71328,"hostname":"Dereks-MacBook-Pro.local","module":"ingest","msg":"flush batch=76 releases=100 entities=265"}
{"level":30,"time":1778985462539,"pid":71328,"hostname":"Dereks-MacBook-Pro.local","module":"ingest","msg":"flush batch=77 releases=100 entities=264"}
{"level":30,"time":1778985462890,"pid":71328,"hostname":"Dereks-MacBook-Pro.local","module":"ingest","msg":"flush batch=78 releases=100 entities=268"}
{"level":30,"time":1778985463243,"pid":71328,"hostname":"Dereks-MacBook-Pro.local","module":"ingest","msg":"flush batch=79 releases=100 entities=265"}
{"level":30,"time":1778985463308,"pid":71328,"hostname":"Dereks-MacBook-Pro.local","module":"ingest","msg":"progress records=8000 elapsed=32.3s"}
{"level":30,"time":1778985463598,"pid":71328,"hostname":"Dereks-MacBook-Pro.local","module":"ingest","msg":"flush batch=80 releases=100 entities=250"}
{"level":30,"time":1778985463980,"pid":71328,"hostname":"Dereks-MacBook-Pro.local","module":"ingest","msg":"flush batch=81 releases=100 entities=270"}
{"level":30,"time":1778985464335,"pid":71328,"hostname":"Dereks-MacBook-Pro.local","module":"ingest","msg":"flush batch=82 releases=100 entities=259"}
{"level":30,"time":1778985464703,"pid":71328,"hostname":"Dereks-MacBook-Pro.local","module":"ingest","msg":"flush batch=83 releases=100 entities=257"}
{"level":30,"time":1778985465077,"pid":71328,"hostname":"Dereks-MacBook-Pro.local","module":"ingest","msg":"flush batch=84 releases=100 entities=257"}
{"level":30,"time":1778985465458,"pid":71328,"hostname":"Dereks-MacBook-Pro.local","module":"ingest","msg":"flush batch=85 releases=100 entities=268"}
{"level":30,"time":1778985465863,"pid":71328,"hostname":"Dereks-MacBook-Pro.local","module":"ingest","msg":"flush batch=86 releases=100 entities=284"}
{"level":30,"time":1778985466258,"pid":71328,"hostname":"Dereks-MacBook-Pro.local","module":"ingest","msg":"flush batch=87 releases=100 entities=272"}
{"level":30,"time":1778985466629,"pid":71328,"hostname":"Dereks-MacBook-Pro.local","module":"ingest","msg":"flush batch=88 releases=100 entities=269"}
{"level":30,"time":1778985467002,"pid":71328,"hostname":"Dereks-MacBook-Pro.local","module":"ingest","msg":"flush batch=89 releases=100 entities=267"}
{"level":30,"time":1778985467065,"pid":71328,"hostname":"Dereks-MacBook-Pro.local","module":"ingest","msg":"progress records=9000 elapsed=36.1s"}
{"level":30,"time":1778985467392,"pid":71328,"hostname":"Dereks-MacBook-Pro.local","module":"ingest","msg":"flush batch=90 releases=100 entities=272"}
{"level":30,"time":1778985467756,"pid":71328,"hostname":"Dereks-MacBook-Pro.local","module":"ingest","msg":"flush batch=91 releases=100 entities=272"}
{"level":30,"time":1778985468150,"pid":71328,"hostname":"Dereks-MacBook-Pro.local","module":"ingest","msg":"flush batch=92 releases=100 entities=248"}
{"level":30,"time":1778985468561,"pid":71328,"hostname":"Dereks-MacBook-Pro.local","module":"ingest","msg":"flush batch=93 releases=100 entities=270"}
{"level":30,"time":1778985468939,"pid":71328,"hostname":"Dereks-MacBook-Pro.local","module":"ingest","msg":"flush batch=94 releases=100 entities=265"}
{"level":30,"time":1778985469323,"pid":71328,"hostname":"Dereks-MacBook-Pro.local","module":"ingest","msg":"flush batch=95 releases=100 entities=270"}
{"level":30,"time":1778985469721,"pid":71328,"hostname":"Dereks-MacBook-Pro.local","module":"ingest","msg":"flush batch=96 releases=100 entities=263"}
{"level":30,"time":1778985470145,"pid":71328,"hostname":"Dereks-MacBook-Pro.local","module":"ingest","msg":"flush batch=97 releases=100 entities=262"}
{"level":30,"time":1778985470561,"pid":71328,"hostname":"Dereks-MacBook-Pro.local","module":"ingest","msg":"flush batch=98 releases=100 entities=269"}
{"level":30,"time":1778985470979,"pid":71328,"hostname":"Dereks-MacBook-Pro.local","module":"ingest","msg":"flush batch=99 releases=100 entities=261"}
{"level":30,"time":1778985471040,"pid":71328,"hostname":"Dereks-MacBook-Pro.local","module":"ingest","msg":"progress records=10000 elapsed=40.0s"}
{"level":30,"time":1778985471379,"pid":71328,"hostname":"Dereks-MacBook-Pro.local","module":"ingest","msg":"flush batch=100 releases=100 entities=258"}
{"level":30,"time":1778985471728,"pid":71328,"hostname":"Dereks-MacBook-Pro.local","module":"ingest","msg":"flush batch=101 releases=100 entities=250"}
{"level":30,"time":1778985472113,"pid":71328,"hostname":"Dereks-MacBook-Pro.local","module":"ingest","msg":"flush batch=102 releases=100 entities=269"}
{"level":30,"time":1778985472484,"pid":71328,"hostname":"Dereks-MacBook-Pro.local","module":"ingest","msg":"flush batch=103 releases=100 entities=263"}
{"level":30,"time":1778985472857,"pid":71328,"hostname":"Dereks-MacBook-Pro.local","module":"ingest","msg":"flush batch=104 releases=100 entities=256"}
{"level":30,"time":1778985473249,"pid":71328,"hostname":"Dereks-MacBook-Pro.local","module":"ingest","msg":"flush batch=105 releases=100 entities=283"}
{"level":30,"time":1778985473623,"pid":71328,"hostname":"Dereks-MacBook-Pro.local","module":"ingest","msg":"flush batch=106 releases=100 entities=271"}
{"level":30,"time":1778985474013,"pid":71328,"hostname":"Dereks-MacBook-Pro.local","module":"ingest","msg":"flush batch=107 releases=100 entities=279"}
{"level":30,"time":1778985474374,"pid":71328,"hostname":"Dereks-MacBook-Pro.local","module":"ingest","msg":"flush batch=108 releases=100 entities=271"}
{"level":30,"time":1778985474749,"pid":71328,"hostname":"Dereks-MacBook-Pro.local","module":"ingest","msg":"flush batch=109 releases=100 entities=285"}
{"level":30,"time":1778985474816,"pid":71328,"hostname":"Dereks-MacBook-Pro.local","module":"ingest","msg":"progress records=11000 elapsed=43.8s"}
{"level":30,"time":1778985475129,"pid":71328,"hostname":"Dereks-MacBook-Pro.local","module":"ingest","msg":"flush batch=110 releases=100 entities=281"}
{"level":30,"time":1778985475506,"pid":71328,"hostname":"Dereks-MacBook-Pro.local","module":"ingest","msg":"flush batch=111 releases=100 entities=281"}
{"level":30,"time":1778985475878,"pid":71328,"hostname":"Dereks-MacBook-Pro.local","module":"ingest","msg":"flush batch=112 releases=100 entities=289"}
{"level":30,"time":1778985476260,"pid":71328,"hostname":"Dereks-MacBook-Pro.local","module":"ingest","msg":"flush batch=113 releases=100 entities=294"}
{"level":30,"time":1778985476645,"pid":71328,"hostname":"Dereks-MacBook-Pro.local","module":"ingest","msg":"flush batch=114 releases=100 entities=304"}
{"level":30,"time":1778985477034,"pid":71328,"hostname":"Dereks-MacBook-Pro.local","module":"ingest","msg":"flush batch=115 releases=100 entities=296"}
{"level":30,"time":1778985477429,"pid":71328,"hostname":"Dereks-MacBook-Pro.local","module":"ingest","msg":"flush batch=116 releases=100 entities=286"}
{"level":30,"time":1778985477833,"pid":71328,"hostname":"Dereks-MacBook-Pro.local","module":"ingest","msg":"flush batch=117 releases=100 entities=303"}
{"level":30,"time":1778985478219,"pid":71328,"hostname":"Dereks-MacBook-Pro.local","module":"ingest","msg":"flush batch=118 releases=100 entities=297"}
{"level":30,"time":1778985478614,"pid":71328,"hostname":"Dereks-MacBook-Pro.local","module":"ingest","msg":"flush batch=119 releases=100 entities=274"}
{"level":30,"time":1778985478682,"pid":71328,"hostname":"Dereks-MacBook-Pro.local","module":"ingest","msg":"progress records=12000 elapsed=47.7s"}
{"level":30,"time":1778985479001,"pid":71328,"hostname":"Dereks-MacBook-Pro.local","module":"ingest","msg":"flush batch=120 releases=100 entities=277"}
{"level":30,"time":1778985479375,"pid":71328,"hostname":"Dereks-MacBook-Pro.local","module":"ingest","msg":"flush batch=121 releases=100 entities=279"}
{"level":30,"time":1778985479745,"pid":71328,"hostname":"Dereks-MacBook-Pro.local","module":"ingest","msg":"flush batch=122 releases=100 entities=283"}
{"level":30,"time":1778985480126,"pid":71328,"hostname":"Dereks-MacBook-Pro.local","module":"ingest","msg":"flush batch=123 releases=100 entities=273"}
{"level":30,"time":1778985480499,"pid":71328,"hostname":"Dereks-MacBook-Pro.local","module":"ingest","msg":"flush batch=124 releases=100 entities=286"}
{"level":30,"time":1778985480886,"pid":71328,"hostname":"Dereks-MacBook-Pro.local","module":"ingest","msg":"flush batch=125 releases=100 entities=292"}
{"level":30,"time":1778985481273,"pid":71328,"hostname":"Dereks-MacBook-Pro.local","module":"ingest","msg":"flush batch=126 releases=100 entities=289"}
{"level":30,"time":1778985481637,"pid":71328,"hostname":"Dereks-MacBook-Pro.local","module":"ingest","msg":"flush batch=127 releases=100 entities=272"}
{"level":30,"time":1778985482016,"pid":71328,"hostname":"Dereks-MacBook-Pro.local","module":"ingest","msg":"flush batch=128 releases=100 entities=271"}
{"level":30,"time":1778985482410,"pid":71328,"hostname":"Dereks-MacBook-Pro.local","module":"ingest","msg":"flush batch=129 releases=100 entities=285"}
{"level":30,"time":1778985482473,"pid":71328,"hostname":"Dereks-MacBook-Pro.local","module":"ingest","msg":"progress records=13000 elapsed=51.5s"}
{"level":30,"time":1778985482822,"pid":71328,"hostname":"Dereks-MacBook-Pro.local","module":"ingest","msg":"flush batch=130 releases=100 entities=287"}
{"level":30,"time":1778985483209,"pid":71328,"hostname":"Dereks-MacBook-Pro.local","module":"ingest","msg":"flush batch=131 releases=100 entities=269"}
{"level":30,"time":1778985483577,"pid":71328,"hostname":"Dereks-MacBook-Pro.local","module":"ingest","msg":"flush batch=132 releases=100 entities=267"}
{"level":30,"time":1778985483972,"pid":71328,"hostname":"Dereks-MacBook-Pro.local","module":"ingest","msg":"flush batch=133 releases=100 entities=275"}
{"level":30,"time":1778985484338,"pid":71328,"hostname":"Dereks-MacBook-Pro.local","module":"ingest","msg":"flush batch=134 releases=100 entities=268"}
{"level":30,"time":1778985484753,"pid":71328,"hostname":"Dereks-MacBook-Pro.local","module":"ingest","msg":"flush batch=135 releases=100 entities=260"}
{"level":30,"time":1778985485130,"pid":71328,"hostname":"Dereks-MacBook-Pro.local","module":"ingest","msg":"flush batch=136 releases=100 entities=275"}
{"level":30,"time":1778985485506,"pid":71328,"hostname":"Dereks-MacBook-Pro.local","module":"ingest","msg":"flush batch=137 releases=100 entities=271"}
{"level":30,"time":1778985485883,"pid":71328,"hostname":"Dereks-MacBook-Pro.local","module":"ingest","msg":"flush batch=138 releases=100 entities=283"}
{"level":30,"time":1778985486274,"pid":71328,"hostname":"Dereks-MacBook-Pro.local","module":"ingest","msg":"flush batch=139 releases=100 entities=290"}
{"level":30,"time":1778985486340,"pid":71328,"hostname":"Dereks-MacBook-Pro.local","module":"ingest","msg":"progress records=14000 elapsed=55.3s"}
{"level":30,"time":1778985486654,"pid":71328,"hostname":"Dereks-MacBook-Pro.local","module":"ingest","msg":"flush batch=140 releases=100 entities=284"}
{"level":30,"time":1778985487066,"pid":71328,"hostname":"Dereks-MacBook-Pro.local","module":"ingest","msg":"flush batch=141 releases=100 entities=285"}
{"level":30,"time":1778985487438,"pid":71328,"hostname":"Dereks-MacBook-Pro.local","module":"ingest","msg":"flush batch=142 releases=100 entities=282"}
{"level":30,"time":1778985487806,"pid":71328,"hostname":"Dereks-MacBook-Pro.local","module":"ingest","msg":"flush batch=143 releases=100 entities=282"}
{"level":30,"time":1778985488170,"pid":71328,"hostname":"Dereks-MacBook-Pro.local","module":"ingest","msg":"flush batch=144 releases=100 entities=294"}
{"level":30,"time":1778985488545,"pid":71328,"hostname":"Dereks-MacBook-Pro.local","module":"ingest","msg":"flush batch=145 releases=100 entities=289"}
{"level":30,"time":1778985488898,"pid":71328,"hostname":"Dereks-MacBook-Pro.local","module":"ingest","msg":"flush batch=146 releases=100 entities=301"}
{"level":30,"time":1778985489244,"pid":71328,"hostname":"Dereks-MacBook-Pro.local","module":"ingest","msg":"flush batch=147 releases=100 entities=291"}
{"level":30,"time":1778985489586,"pid":71328,"hostname":"Dereks-MacBook-Pro.local","module":"ingest","msg":"flush batch=148 releases=100 entities=294"}
{"level":30,"time":1778985489970,"pid":71328,"hostname":"Dereks-MacBook-Pro.local","module":"ingest","msg":"flush batch=149 releases=100 entities=296"}
{"level":30,"time":1778985490037,"pid":71328,"hostname":"Dereks-MacBook-Pro.local","module":"ingest","msg":"progress records=15000 elapsed=59.0s"}
{"level":30,"time":1778985490343,"pid":71328,"hostname":"Dereks-MacBook-Pro.local","module":"ingest","msg":"flush batch=150 releases=100 entities=302"}
{"level":30,"time":1778985490729,"pid":71328,"hostname":"Dereks-MacBook-Pro.local","module":"ingest","msg":"flush batch=151 releases=100 entities=292"}
{"level":30,"time":1778985491106,"pid":71328,"hostname":"Dereks-MacBook-Pro.local","module":"ingest","msg":"flush batch=152 releases=100 entities=295"}
{"level":30,"time":1778985491476,"pid":71328,"hostname":"Dereks-MacBook-Pro.local","module":"ingest","msg":"flush batch=153 releases=100 entities=295"}
{"level":30,"time":1778985491855,"pid":71328,"hostname":"Dereks-MacBook-Pro.local","module":"ingest","msg":"flush batch=154 releases=100 entities=291"}
{"level":30,"time":1778985492218,"pid":71328,"hostname":"Dereks-MacBook-Pro.local","module":"ingest","msg":"flush batch=155 releases=100 entities=295"}
{"level":30,"time":1778985492578,"pid":71328,"hostname":"Dereks-MacBook-Pro.local","module":"ingest","msg":"flush batch=156 releases=100 entities=287"}
{"level":30,"time":1778985492948,"pid":71328,"hostname":"Dereks-MacBook-Pro.local","module":"ingest","msg":"flush batch=157 releases=100 entities=292"}
{"level":30,"time":1778985493344,"pid":71328,"hostname":"Dereks-MacBook-Pro.local","module":"ingest","msg":"flush batch=158 releases=100 entities=295"}
{"level":30,"time":1778985493721,"pid":71328,"hostname":"Dereks-MacBook-Pro.local","module":"ingest","msg":"flush batch=159 releases=100 entities=292"}
{"level":30,"time":1778985493790,"pid":71328,"hostname":"Dereks-MacBook-Pro.local","module":"ingest","msg":"progress records=16000 elapsed=62.8s"}
{"level":30,"time":1778985494104,"pid":71328,"hostname":"Dereks-MacBook-Pro.local","module":"ingest","msg":"flush batch=160 releases=100 entities=301"}
{"level":30,"time":1778985494469,"pid":71328,"hostname":"Dereks-MacBook-Pro.local","module":"ingest","msg":"flush batch=161 releases=100 entities=291"}
{"level":30,"time":1778985494842,"pid":71328,"hostname":"Dereks-MacBook-Pro.local","module":"ingest","msg":"flush batch=162 releases=100 entities=282"}
{"level":30,"time":1778985495222,"pid":71328,"hostname":"Dereks-MacBook-Pro.local","module":"ingest","msg":"flush batch=163 releases=100 entities=287"}
{"level":30,"time":1778985495595,"pid":71328,"hostname":"Dereks-MacBook-Pro.local","module":"ingest","msg":"flush batch=164 releases=100 entities=282"}
{"level":30,"time":1778985495976,"pid":71328,"hostname":"Dereks-MacBook-Pro.local","module":"ingest","msg":"flush batch=165 releases=100 entities=288"}
{"level":30,"time":1778985496386,"pid":71328,"hostname":"Dereks-MacBook-Pro.local","module":"ingest","msg":"flush batch=166 releases=100 entities=295"}
{"level":30,"time":1778985496776,"pid":71328,"hostname":"Dereks-MacBook-Pro.local","module":"ingest","msg":"flush batch=167 releases=100 entities=293"}
{"level":30,"time":1778985497179,"pid":71328,"hostname":"Dereks-MacBook-Pro.local","module":"ingest","msg":"flush batch=168 releases=100 entities=290"}
{"level":30,"time":1778985497560,"pid":71328,"hostname":"Dereks-MacBook-Pro.local","module":"ingest","msg":"flush batch=169 releases=100 entities=285"}
{"level":30,"time":1778985497623,"pid":71328,"hostname":"Dereks-MacBook-Pro.local","module":"ingest","msg":"progress records=17000 elapsed=66.6s"}
{"level":30,"time":1778985497952,"pid":71328,"hostname":"Dereks-MacBook-Pro.local","module":"ingest","msg":"flush batch=170 releases=100 entities=297"}
{"level":30,"time":1778985498357,"pid":71328,"hostname":"Dereks-MacBook-Pro.local","module":"ingest","msg":"flush batch=171 releases=100 entities=297"}
{"level":30,"time":1778985498757,"pid":71328,"hostname":"Dereks-MacBook-Pro.local","module":"ingest","msg":"flush batch=172 releases=100 entities=288"}
{"level":30,"time":1778985499168,"pid":71328,"hostname":"Dereks-MacBook-Pro.local","module":"ingest","msg":"flush batch=173 releases=100 entities=290"}
{"level":30,"time":1778985499600,"pid":71328,"hostname":"Dereks-MacBook-Pro.local","module":"ingest","msg":"flush batch=174 releases=100 entities=289"}
{"level":30,"time":1778985500014,"pid":71328,"hostname":"Dereks-MacBook-Pro.local","module":"ingest","msg":"flush batch=175 releases=100 entities=291"}
{"level":30,"time":1778985500418,"pid":71328,"hostname":"Dereks-MacBook-Pro.local","module":"ingest","msg":"flush batch=176 releases=100 entities=292"}
{"level":30,"time":1778985500826,"pid":71328,"hostname":"Dereks-MacBook-Pro.local","module":"ingest","msg":"flush batch=177 releases=100 entities=283"}
{"level":30,"time":1778985501224,"pid":71328,"hostname":"Dereks-MacBook-Pro.local","module":"ingest","msg":"flush batch=178 releases=100 entities=292"}
{"level":30,"time":1778985501639,"pid":71328,"hostname":"Dereks-MacBook-Pro.local","module":"ingest","msg":"flush batch=179 releases=100 entities=284"}
{"level":30,"time":1778985501704,"pid":71328,"hostname":"Dereks-MacBook-Pro.local","module":"ingest","msg":"progress records=18000 elapsed=70.7s"}
{"level":30,"time":1778985502039,"pid":71328,"hostname":"Dereks-MacBook-Pro.local","module":"ingest","msg":"flush batch=180 releases=100 entities=287"}
{"level":30,"time":1778985502420,"pid":71328,"hostname":"Dereks-MacBook-Pro.local","module":"ingest","msg":"flush batch=181 releases=100 entities=286"}
{"level":30,"time":1778985502809,"pid":71328,"hostname":"Dereks-MacBook-Pro.local","module":"ingest","msg":"flush batch=182 releases=100 entities=292"}
{"level":30,"time":1778985503200,"pid":71328,"hostname":"Dereks-MacBook-Pro.local","module":"ingest","msg":"flush batch=183 releases=100 entities=289"}
{"level":30,"time":1778985503596,"pid":71328,"hostname":"Dereks-MacBook-Pro.local","module":"ingest","msg":"flush batch=184 releases=100 entities=289"}
{"level":30,"time":1778985503993,"pid":71328,"hostname":"Dereks-MacBook-Pro.local","module":"ingest","msg":"flush batch=185 releases=100 entities=292"}
{"level":30,"time":1778985504371,"pid":71328,"hostname":"Dereks-MacBook-Pro.local","module":"ingest","msg":"flush batch=186 releases=100 entities=289"}
{"level":30,"time":1778985504742,"pid":71328,"hostname":"Dereks-MacBook-Pro.local","module":"ingest","msg":"flush batch=187 releases=100 entities=295"}
{"level":30,"time":1778985505129,"pid":71328,"hostname":"Dereks-MacBook-Pro.local","module":"ingest","msg":"flush batch=188 releases=100 entities=297"}
{"level":30,"time":1778985505526,"pid":71328,"hostname":"Dereks-MacBook-Pro.local","module":"ingest","msg":"flush batch=189 releases=100 entities=301"}
{"level":30,"time":1778985505588,"pid":71328,"hostname":"Dereks-MacBook-Pro.local","module":"ingest","msg":"progress records=19000 elapsed=74.6s"}
{"level":30,"time":1778985505896,"pid":71328,"hostname":"Dereks-MacBook-Pro.local","module":"ingest","msg":"flush batch=190 releases=100 entities=296"}
{"level":30,"time":1778985506266,"pid":71328,"hostname":"Dereks-MacBook-Pro.local","module":"ingest","msg":"flush batch=191 releases=100 entities=305"}
{"level":30,"time":1778985506637,"pid":71328,"hostname":"Dereks-MacBook-Pro.local","module":"ingest","msg":"flush batch=192 releases=100 entities=286"}
{"level":30,"time":1778985507024,"pid":71328,"hostname":"Dereks-MacBook-Pro.local","module":"ingest","msg":"flush batch=193 releases=100 entities=291"}
{"level":30,"time":1778985507405,"pid":71328,"hostname":"Dereks-MacBook-Pro.local","module":"ingest","msg":"flush batch=194 releases=100 entities=289"}
{"level":30,"time":1778985507795,"pid":71328,"hostname":"Dereks-MacBook-Pro.local","module":"ingest","msg":"flush batch=195 releases=100 entities=282"}
{"level":30,"time":1778985508184,"pid":71328,"hostname":"Dereks-MacBook-Pro.local","module":"ingest","msg":"flush batch=196 releases=100 entities=295"}
{"level":30,"time":1778985508573,"pid":71328,"hostname":"Dereks-MacBook-Pro.local","module":"ingest","msg":"flush batch=197 releases=100 entities=286"}
{"level":30,"time":1778985508958,"pid":71328,"hostname":"Dereks-MacBook-Pro.local","module":"ingest","msg":"flush batch=198 releases=100 entities=296"}
{"level":30,"time":1778985509338,"pid":71328,"hostname":"Dereks-MacBook-Pro.local","module":"ingest","msg":"flush batch=199 releases=100 entities=288"}
{"level":30,"time":1778985509392,"pid":71328,"hostname":"Dereks-MacBook-Pro.local","module":"ingest","msg":"progress records=20000 elapsed=78.4s"}
{"level":30,"time":1778985509701,"pid":71328,"hostname":"Dereks-MacBook-Pro.local","module":"ingest","msg":"flush batch=200 releases=100 entities=300"}
{"level":30,"time":1778985510101,"pid":71328,"hostname":"Dereks-MacBook-Pro.local","module":"ingest","msg":"flush batch=201 releases=100 entities=300"}
{"level":30,"time":1778985510495,"pid":71328,"hostname":"Dereks-MacBook-Pro.local","module":"ingest","msg":"flush batch=202 releases=100 entities=309"}
{"level":30,"time":1778985510896,"pid":71328,"hostname":"Dereks-MacBook-Pro.local","module":"ingest","msg":"flush batch=203 releases=100 entities=302"}
{"level":30,"time":1778985511295,"pid":71328,"hostname":"Dereks-MacBook-Pro.local","module":"ingest","msg":"flush batch=204 releases=100 entities=298"}
{"level":30,"time":1778985511698,"pid":71328,"hostname":"Dereks-MacBook-Pro.local","module":"ingest","msg":"flush batch=205 releases=100 entities=294"}
{"level":30,"time":1778985512075,"pid":71328,"hostname":"Dereks-MacBook-Pro.local","module":"ingest","msg":"flush batch=206 releases=100 entities=294"}
{"level":30,"time":1778985512450,"pid":71328,"hostname":"Dereks-MacBook-Pro.local","module":"ingest","msg":"flush batch=207 releases=100 entities=284"}
{"level":30,"time":1778985512828,"pid":71328,"hostname":"Dereks-MacBook-Pro.local","module":"ingest","msg":"flush batch=208 releases=100 entities=294"}
{"level":30,"time":1778985513234,"pid":71328,"hostname":"Dereks-MacBook-Pro.local","module":"ingest","msg":"flush batch=209 releases=100 entities=299"}
{"level":30,"time":1778985513293,"pid":71328,"hostname":"Dereks-MacBook-Pro.local","module":"ingest","msg":"progress records=21000 elapsed=82.3s"}
{"level":30,"time":1778985513641,"pid":71328,"hostname":"Dereks-MacBook-Pro.local","module":"ingest","msg":"flush batch=210 releases=100 entities=288"}
{"level":30,"time":1778985514013,"pid":71328,"hostname":"Dereks-MacBook-Pro.local","module":"ingest","msg":"flush batch=211 releases=100 entities=288"}
{"level":30,"time":1778985514376,"pid":71328,"hostname":"Dereks-MacBook-Pro.local","module":"ingest","msg":"flush batch=212 releases=100 entities=284"}
{"level":30,"time":1778985514751,"pid":71328,"hostname":"Dereks-MacBook-Pro.local","module":"ingest","msg":"flush batch=213 releases=100 entities=293"}
{"level":30,"time":1778985515124,"pid":71328,"hostname":"Dereks-MacBook-Pro.local","module":"ingest","msg":"flush batch=214 releases=100 entities=273"}
{"level":30,"time":1778985515505,"pid":71328,"hostname":"Dereks-MacBook-Pro.local","module":"ingest","msg":"flush batch=215 releases=100 entities=296"}
{"level":30,"time":1778985515916,"pid":71328,"hostname":"Dereks-MacBook-Pro.local","module":"ingest","msg":"flush batch=216 releases=100 entities=275"}
{"level":30,"time":1778985516302,"pid":71328,"hostname":"Dereks-MacBook-Pro.local","module":"ingest","msg":"flush batch=217 releases=100 entities=280"}
{"level":30,"time":1778985516684,"pid":71328,"hostname":"Dereks-MacBook-Pro.local","module":"ingest","msg":"flush batch=218 releases=100 entities=283"}
{"level":30,"time":1778985517079,"pid":71328,"hostname":"Dereks-MacBook-Pro.local","module":"ingest","msg":"flush batch=219 releases=100 entities=278"}
{"level":30,"time":1778985517145,"pid":71328,"hostname":"Dereks-MacBook-Pro.local","module":"ingest","msg":"progress records=22000 elapsed=86.2s"}
{"level":30,"time":1778985517483,"pid":71328,"hostname":"Dereks-MacBook-Pro.local","module":"ingest","msg":"flush batch=220 releases=100 entities=299"}
{"level":30,"time":1778985517874,"pid":71328,"hostname":"Dereks-MacBook-Pro.local","module":"ingest","msg":"flush batch=221 releases=100 entities=299"}
{"level":30,"time":1778985518292,"pid":71328,"hostname":"Dereks-MacBook-Pro.local","module":"ingest","msg":"flush batch=222 releases=100 entities=290"}
{"level":30,"time":1778985518693,"pid":71328,"hostname":"Dereks-MacBook-Pro.local","module":"ingest","msg":"flush batch=223 releases=100 entities=291"}
{"level":30,"time":1778985519076,"pid":71328,"hostname":"Dereks-MacBook-Pro.local","module":"ingest","msg":"flush batch=224 releases=100 entities=292"}
{"level":30,"time":1778985519466,"pid":71328,"hostname":"Dereks-MacBook-Pro.local","module":"ingest","msg":"flush batch=225 releases=100 entities=297"}
{"level":30,"time":1778985519879,"pid":71328,"hostname":"Dereks-MacBook-Pro.local","module":"ingest","msg":"flush batch=226 releases=100 entities=299"}
{"level":30,"time":1778985520244,"pid":71328,"hostname":"Dereks-MacBook-Pro.local","module":"ingest","msg":"flush batch=227 releases=100 entities=299"}
{"level":30,"time":1778985520623,"pid":71328,"hostname":"Dereks-MacBook-Pro.local","module":"ingest","msg":"flush batch=228 releases=100 entities=297"}
{"level":30,"time":1778985520984,"pid":71328,"hostname":"Dereks-MacBook-Pro.local","module":"ingest","msg":"flush batch=229 releases=100 entities=295"}
{"level":30,"time":1778985521050,"pid":71328,"hostname":"Dereks-MacBook-Pro.local","module":"ingest","msg":"progress records=23000 elapsed=90.1s"}
{"level":30,"time":1778985521348,"pid":71328,"hostname":"Dereks-MacBook-Pro.local","module":"ingest","msg":"flush batch=230 releases=100 entities=301"}
{"level":30,"time":1778985521736,"pid":71328,"hostname":"Dereks-MacBook-Pro.local","module":"ingest","msg":"flush batch=231 releases=100 entities=307"}
{"level":30,"time":1778985522106,"pid":71328,"hostname":"Dereks-MacBook-Pro.local","module":"ingest","msg":"flush batch=232 releases=100 entities=300"}
{"level":30,"time":1778985522480,"pid":71328,"hostname":"Dereks-MacBook-Pro.local","module":"ingest","msg":"flush batch=233 releases=100 entities=287"}
{"level":30,"time":1778985522855,"pid":71328,"hostname":"Dereks-MacBook-Pro.local","module":"ingest","msg":"flush batch=234 releases=100 entities=282"}
{"level":30,"time":1778985523216,"pid":71328,"hostname":"Dereks-MacBook-Pro.local","module":"ingest","msg":"flush batch=235 releases=100 entities=274"}
{"level":30,"time":1778985523590,"pid":71328,"hostname":"Dereks-MacBook-Pro.local","module":"ingest","msg":"flush batch=236 releases=100 entities=285"}
{"level":30,"time":1778985523958,"pid":71328,"hostname":"Dereks-MacBook-Pro.local","module":"ingest","msg":"flush batch=237 releases=100 entities=281"}
{"level":30,"time":1778985524318,"pid":71328,"hostname":"Dereks-MacBook-Pro.local","module":"ingest","msg":"flush batch=238 releases=100 entities=277"}
{"level":30,"time":1778985524694,"pid":71328,"hostname":"Dereks-MacBook-Pro.local","module":"ingest","msg":"flush batch=239 releases=100 entities=274"}
{"level":30,"time":1778985524755,"pid":71328,"hostname":"Dereks-MacBook-Pro.local","module":"ingest","msg":"progress records=24000 elapsed=93.8s"}
{"level":30,"time":1778985525077,"pid":71328,"hostname":"Dereks-MacBook-Pro.local","module":"ingest","msg":"flush batch=240 releases=100 entities=281"}
{"level":30,"time":1778985525457,"pid":71328,"hostname":"Dereks-MacBook-Pro.local","module":"ingest","msg":"flush batch=241 releases=100 entities=270"}
{"level":30,"time":1778985525838,"pid":71328,"hostname":"Dereks-MacBook-Pro.local","module":"ingest","msg":"flush batch=242 releases=100 entities=275"}
{"level":30,"time":1778985526221,"pid":71328,"hostname":"Dereks-MacBook-Pro.local","module":"ingest","msg":"flush batch=243 releases=100 entities=276"}
{"level":30,"time":1778985526599,"pid":71328,"hostname":"Dereks-MacBook-Pro.local","module":"ingest","msg":"flush batch=244 releases=100 entities=282"}
{"level":30,"time":1778985526950,"pid":71328,"hostname":"Dereks-MacBook-Pro.local","module":"ingest","msg":"flush batch=245 releases=100 entities=269"}
{"level":30,"time":1778985527323,"pid":71328,"hostname":"Dereks-MacBook-Pro.local","module":"ingest","msg":"flush batch=246 releases=100 entities=283"}
{"level":30,"time":1778985527708,"pid":71328,"hostname":"Dereks-MacBook-Pro.local","module":"ingest","msg":"flush batch=247 releases=100 entities=309"}
{"level":30,"time":1778985528111,"pid":71328,"hostname":"Dereks-MacBook-Pro.local","module":"ingest","msg":"flush batch=248 releases=100 entities=301"}
{"level":30,"time":1778985528508,"pid":71328,"hostname":"Dereks-MacBook-Pro.local","module":"ingest","msg":"flush batch=249 releases=100 entities=292"}
{"level":30,"time":1778985528572,"pid":71328,"hostname":"Dereks-MacBook-Pro.local","module":"ingest","msg":"progress records=25000 elapsed=97.6s"}
{"level":30,"time":1778985528894,"pid":71328,"hostname":"Dereks-MacBook-Pro.local","module":"ingest","msg":"flush batch=250 releases=100 entities=302"}
{"level":30,"time":1778985529321,"pid":71328,"hostname":"Dereks-MacBook-Pro.local","module":"ingest","msg":"flush batch=251 releases=100 entities=308"}
{"level":30,"time":1778985529689,"pid":71328,"hostname":"Dereks-MacBook-Pro.local","module":"ingest","msg":"flush batch=252 releases=100 entities=300"}
{"level":30,"time":1778985530088,"pid":71328,"hostname":"Dereks-MacBook-Pro.local","module":"ingest","msg":"flush batch=253 releases=100 entities=308"}
{"level":30,"time":1778985530483,"pid":71328,"hostname":"Dereks-MacBook-Pro.local","module":"ingest","msg":"flush batch=254 releases=100 entities=308"}
{"level":30,"time":1778985530900,"pid":71328,"hostname":"Dereks-MacBook-Pro.local","module":"ingest","msg":"flush batch=255 releases=100 entities=300"}
{"level":30,"time":1778985531305,"pid":71328,"hostname":"Dereks-MacBook-Pro.local","module":"ingest","msg":"flush batch=256 releases=100 entities=300"}
{"level":30,"time":1778985531722,"pid":71328,"hostname":"Dereks-MacBook-Pro.local","module":"ingest","msg":"flush batch=257 releases=100 entities=299"}
{"level":30,"time":1778985532133,"pid":71328,"hostname":"Dereks-MacBook-Pro.local","module":"ingest","msg":"flush batch=258 releases=100 entities=301"}
{"level":30,"time":1778985532506,"pid":71328,"hostname":"Dereks-MacBook-Pro.local","module":"ingest","msg":"flush batch=259 releases=100 entities=301"}
{"level":30,"time":1778985532573,"pid":71328,"hostname":"Dereks-MacBook-Pro.local","module":"ingest","msg":"progress records=26000 elapsed=101.6s"}
{"level":30,"time":1778985532897,"pid":71328,"hostname":"Dereks-MacBook-Pro.local","module":"ingest","msg":"flush batch=260 releases=100 entities=298"}
{"level":30,"time":1778985533266,"pid":71328,"hostname":"Dereks-MacBook-Pro.local","module":"ingest","msg":"flush batch=261 releases=100 entities=289"}
{"level":30,"time":1778985533648,"pid":71328,"hostname":"Dereks-MacBook-Pro.local","module":"ingest","msg":"flush batch=262 releases=100 entities=295"}
{"level":30,"time":1778985534033,"pid":71328,"hostname":"Dereks-MacBook-Pro.local","module":"ingest","msg":"flush batch=263 releases=100 entities=287"}
{"level":30,"time":1778985534414,"pid":71328,"hostname":"Dereks-MacBook-Pro.local","module":"ingest","msg":"flush batch=264 releases=100 entities=290"}
{"level":30,"time":1778985534814,"pid":71328,"hostname":"Dereks-MacBook-Pro.local","module":"ingest","msg":"flush batch=265 releases=100 entities=286"}
{"level":30,"time":1778985535225,"pid":71328,"hostname":"Dereks-MacBook-Pro.local","module":"ingest","msg":"flush batch=266 releases=100 entities=295"}
{"level":30,"time":1778985535607,"pid":71328,"hostname":"Dereks-MacBook-Pro.local","module":"ingest","msg":"flush batch=267 releases=100 entities=297"}
{"level":30,"time":1778985535966,"pid":71328,"hostname":"Dereks-MacBook-Pro.local","module":"ingest","msg":"flush batch=268 releases=100 entities=291"}
{"level":30,"time":1778985536350,"pid":71328,"hostname":"Dereks-MacBook-Pro.local","module":"ingest","msg":"flush batch=269 releases=100 entities=296"}
{"level":30,"time":1778985536407,"pid":71328,"hostname":"Dereks-MacBook-Pro.local","module":"ingest","msg":"progress records=27000 elapsed=105.4s"}
{"level":30,"time":1778985536716,"pid":71328,"hostname":"Dereks-MacBook-Pro.local","module":"ingest","msg":"flush batch=270 releases=100 entities=302"}
{"level":30,"time":1778985537098,"pid":71328,"hostname":"Dereks-MacBook-Pro.local","module":"ingest","msg":"flush batch=271 releases=100 entities=292"}
{"level":30,"time":1778985537477,"pid":71328,"hostname":"Dereks-MacBook-Pro.local","module":"ingest","msg":"flush batch=272 releases=100 entities=297"}
{"level":30,"time":1778985537867,"pid":71328,"hostname":"Dereks-MacBook-Pro.local","module":"ingest","msg":"flush batch=273 releases=100 entities=314"}
{"level":30,"time":1778985538243,"pid":71328,"hostname":"Dereks-MacBook-Pro.local","module":"ingest","msg":"flush batch=274 releases=100 entities=320"}
{"level":30,"time":1778985538615,"pid":71328,"hostname":"Dereks-MacBook-Pro.local","module":"ingest","msg":"flush batch=275 releases=100 entities=292"}
{"level":30,"time":1778985539006,"pid":71328,"hostname":"Dereks-MacBook-Pro.local","module":"ingest","msg":"flush batch=276 releases=100 entities=302"}
{"level":30,"time":1778985539377,"pid":71328,"hostname":"Dereks-MacBook-Pro.local","module":"ingest","msg":"flush batch=277 releases=100 entities=293"}
{"level":30,"time":1778985539737,"pid":71328,"hostname":"Dereks-MacBook-Pro.local","module":"ingest","msg":"flush batch=278 releases=100 entities=299"}
{"level":30,"time":1778985540098,"pid":71328,"hostname":"Dereks-MacBook-Pro.local","module":"ingest","msg":"flush batch=279 releases=100 entities=306"}
{"level":30,"time":1778985540154,"pid":71328,"hostname":"Dereks-MacBook-Pro.local","module":"ingest","msg":"progress records=28000 elapsed=109.2s"}
{"level":30,"time":1778985540461,"pid":71328,"hostname":"Dereks-MacBook-Pro.local","module":"ingest","msg":"flush batch=280 releases=100 entities=302"}
{"level":30,"time":1778985540839,"pid":71328,"hostname":"Dereks-MacBook-Pro.local","module":"ingest","msg":"flush batch=281 releases=100 entities=297"}
{"level":30,"time":1778985541213,"pid":71328,"hostname":"Dereks-MacBook-Pro.local","module":"ingest","msg":"flush batch=282 releases=100 entities=314"}
{"level":30,"time":1778985541581,"pid":71328,"hostname":"Dereks-MacBook-Pro.local","module":"ingest","msg":"flush batch=283 releases=100 entities=297"}
{"level":30,"time":1778985541994,"pid":71328,"hostname":"Dereks-MacBook-Pro.local","module":"ingest","msg":"flush batch=284 releases=100 entities=288"}
{"level":30,"time":1778985542408,"pid":71328,"hostname":"Dereks-MacBook-Pro.local","module":"ingest","msg":"flush batch=285 releases=100 entities=287"}
{"level":30,"time":1778985542787,"pid":71328,"hostname":"Dereks-MacBook-Pro.local","module":"ingest","msg":"flush batch=286 releases=100 entities=293"}
{"level":30,"time":1778985543171,"pid":71328,"hostname":"Dereks-MacBook-Pro.local","module":"ingest","msg":"flush batch=287 releases=100 entities=290"}
{"level":30,"time":1778985543545,"pid":71328,"hostname":"Dereks-MacBook-Pro.local","module":"ingest","msg":"flush batch=288 releases=100 entities=285"}
{"level":30,"time":1778985543923,"pid":71328,"hostname":"Dereks-MacBook-Pro.local","module":"ingest","msg":"flush batch=289 releases=100 entities=285"}
{"level":30,"time":1778985543995,"pid":71328,"hostname":"Dereks-MacBook-Pro.local","module":"ingest","msg":"progress records=29000 elapsed=113.0s"}
{"level":30,"time":1778985544332,"pid":71328,"hostname":"Dereks-MacBook-Pro.local","module":"ingest","msg":"flush batch=290 releases=100 entities=296"}
{"level":30,"time":1778985544788,"pid":71328,"hostname":"Dereks-MacBook-Pro.local","module":"ingest","msg":"flush batch=291 releases=100 entities=296"}
{"level":30,"time":1778985545185,"pid":71328,"hostname":"Dereks-MacBook-Pro.local","module":"ingest","msg":"flush batch=292 releases=100 entities=303"}
{"level":30,"time":1778985545628,"pid":71328,"hostname":"Dereks-MacBook-Pro.local","module":"ingest","msg":"flush batch=293 releases=100 entities=300"}
{"level":30,"time":1778985546030,"pid":71328,"hostname":"Dereks-MacBook-Pro.local","module":"ingest","msg":"flush batch=294 releases=100 entities=306"}
{"level":30,"time":1778985546409,"pid":71328,"hostname":"Dereks-MacBook-Pro.local","module":"ingest","msg":"flush batch=295 releases=100 entities=303"}
{"level":30,"time":1778985546852,"pid":71328,"hostname":"Dereks-MacBook-Pro.local","module":"ingest","msg":"flush batch=296 releases=100 entities=298"}
{"level":30,"time":1778985547250,"pid":71328,"hostname":"Dereks-MacBook-Pro.local","module":"ingest","msg":"flush batch=297 releases=100 entities=302"}
{"level":30,"time":1778985547690,"pid":71328,"hostname":"Dereks-MacBook-Pro.local","module":"ingest","msg":"flush batch=298 releases=100 entities=296"}
{"level":30,"time":1778985548054,"pid":71328,"hostname":"Dereks-MacBook-Pro.local","module":"ingest","msg":"flush batch=299 releases=100 entities=291"}
{"level":30,"time":1778985548120,"pid":71328,"hostname":"Dereks-MacBook-Pro.local","module":"ingest","msg":"progress records=30000 elapsed=117.1s"}
{"level":30,"time":1778985548451,"pid":71328,"hostname":"Dereks-MacBook-Pro.local","module":"ingest","msg":"flush batch=300 releases=100 entities=299"}
{"level":30,"time":1778985548848,"pid":71328,"hostname":"Dereks-MacBook-Pro.local","module":"ingest","msg":"flush batch=301 releases=100 entities=322"}
{"level":30,"time":1778985549236,"pid":71328,"hostname":"Dereks-MacBook-Pro.local","module":"ingest","msg":"flush batch=302 releases=100 entities=298"}
{"level":30,"time":1778985549612,"pid":71328,"hostname":"Dereks-MacBook-Pro.local","module":"ingest","msg":"flush batch=303 releases=100 entities=298"}
{"level":30,"time":1778985550009,"pid":71328,"hostname":"Dereks-MacBook-Pro.local","module":"ingest","msg":"flush batch=304 releases=100 entities=332"}
{"level":30,"time":1778985550382,"pid":71328,"hostname":"Dereks-MacBook-Pro.local","module":"ingest","msg":"flush batch=305 releases=100 entities=292"}
{"level":30,"time":1778985550776,"pid":71328,"hostname":"Dereks-MacBook-Pro.local","module":"ingest","msg":"flush batch=306 releases=100 entities=292"}
{"level":30,"time":1778985551171,"pid":71328,"hostname":"Dereks-MacBook-Pro.local","module":"ingest","msg":"flush batch=307 releases=100 entities=319"}
{"level":30,"time":1778985551584,"pid":71328,"hostname":"Dereks-MacBook-Pro.local","module":"ingest","msg":"flush batch=308 releases=100 entities=308"}
{"level":30,"time":1778985551965,"pid":71328,"hostname":"Dereks-MacBook-Pro.local","module":"ingest","msg":"flush batch=309 releases=100 entities=311"}
{"level":30,"time":1778985552032,"pid":71328,"hostname":"Dereks-MacBook-Pro.local","module":"ingest","msg":"progress records=31000 elapsed=121.0s"}
{"level":30,"time":1778985552332,"pid":71328,"hostname":"Dereks-MacBook-Pro.local","module":"ingest","msg":"flush batch=310 releases=100 entities=302"}
{"level":30,"time":1778985552706,"pid":71328,"hostname":"Dereks-MacBook-Pro.local","module":"ingest","msg":"flush batch=311 releases=100 entities=303"}
{"level":30,"time":1778985553084,"pid":71328,"hostname":"Dereks-MacBook-Pro.local","module":"ingest","msg":"flush batch=312 releases=100 entities=292"}
{"level":30,"time":1778985553448,"pid":71328,"hostname":"Dereks-MacBook-Pro.local","module":"ingest","msg":"flush batch=313 releases=100 entities=305"}
{"level":30,"time":1778985553813,"pid":71328,"hostname":"Dereks-MacBook-Pro.local","module":"ingest","msg":"flush batch=314 releases=100 entities=300"}
{"level":30,"time":1778985554178,"pid":71328,"hostname":"Dereks-MacBook-Pro.local","module":"ingest","msg":"flush batch=315 releases=100 entities=298"}
{"level":30,"time":1778985554540,"pid":71328,"hostname":"Dereks-MacBook-Pro.local","module":"ingest","msg":"flush batch=316 releases=100 entities=301"}
{"level":30,"time":1778985554934,"pid":71328,"hostname":"Dereks-MacBook-Pro.local","module":"ingest","msg":"flush batch=317 releases=100 entities=295"}
{"level":30,"time":1778985555308,"pid":71328,"hostname":"Dereks-MacBook-Pro.local","module":"ingest","msg":"flush batch=318 releases=100 entities=299"}
{"level":30,"time":1778985555676,"pid":71328,"hostname":"Dereks-MacBook-Pro.local","module":"ingest","msg":"flush batch=319 releases=100 entities=302"}
{"level":30,"time":1778985555742,"pid":71328,"hostname":"Dereks-MacBook-Pro.local","module":"ingest","msg":"progress records=32000 elapsed=124.8s"}
{"level":30,"time":1778985556051,"pid":71328,"hostname":"Dereks-MacBook-Pro.local","module":"ingest","msg":"flush batch=320 releases=100 entities=297"}
{"level":30,"time":1778985556457,"pid":71328,"hostname":"Dereks-MacBook-Pro.local","module":"ingest","msg":"flush batch=321 releases=100 entities=306"}
{"level":30,"time":1778985556877,"pid":71328,"hostname":"Dereks-MacBook-Pro.local","module":"ingest","msg":"flush batch=322 releases=100 entities=322"}
{"level":30,"time":1778985557280,"pid":71328,"hostname":"Dereks-MacBook-Pro.local","module":"ingest","msg":"flush batch=323 releases=100 entities=306"}
{"level":30,"time":1778985557701,"pid":71328,"hostname":"Dereks-MacBook-Pro.local","module":"ingest","msg":"flush batch=324 releases=100 entities=309"}
{"level":30,"time":1778985558125,"pid":71328,"hostname":"Dereks-MacBook-Pro.local","module":"ingest","msg":"flush batch=325 releases=100 entities=292"}
{"level":30,"time":1778985558548,"pid":71328,"hostname":"Dereks-MacBook-Pro.local","module":"ingest","msg":"flush batch=326 releases=100 entities=297"}
{"level":30,"time":1778985558996,"pid":71328,"hostname":"Dereks-MacBook-Pro.local","module":"ingest","msg":"flush batch=327 releases=100 entities=307"}
{"level":30,"time":1778985559410,"pid":71328,"hostname":"Dereks-MacBook-Pro.local","module":"ingest","msg":"flush batch=328 releases=100 entities=295"}
{"level":30,"time":1778985559812,"pid":71328,"hostname":"Dereks-MacBook-Pro.local","module":"ingest","msg":"flush batch=329 releases=100 entities=295"}
{"level":30,"time":1778985559874,"pid":71328,"hostname":"Dereks-MacBook-Pro.local","module":"ingest","msg":"progress records=33000 elapsed=128.9s"}
{"level":30,"time":1778985560206,"pid":71328,"hostname":"Dereks-MacBook-Pro.local","module":"ingest","msg":"flush batch=330 releases=100 entities=288"}
{"level":30,"time":1778985560687,"pid":71328,"hostname":"Dereks-MacBook-Pro.local","module":"ingest","msg":"flush batch=331 releases=100 entities=356"}
{"level":30,"time":1778985561120,"pid":71328,"hostname":"Dereks-MacBook-Pro.local","module":"ingest","msg":"flush batch=332 releases=100 entities=355"}
{"level":30,"time":1778985561562,"pid":71328,"hostname":"Dereks-MacBook-Pro.local","module":"ingest","msg":"flush batch=333 releases=100 entities=329"}
{"level":30,"time":1778985561994,"pid":71328,"hostname":"Dereks-MacBook-Pro.local","module":"ingest","msg":"flush batch=334 releases=100 entities=339"}
{"level":30,"time":1778985562415,"pid":71328,"hostname":"Dereks-MacBook-Pro.local","module":"ingest","msg":"flush batch=335 releases=100 entities=332"}
{"level":30,"time":1778985562844,"pid":71328,"hostname":"Dereks-MacBook-Pro.local","module":"ingest","msg":"flush batch=336 releases=100 entities=314"}
{"level":30,"time":1778985563212,"pid":71328,"hostname":"Dereks-MacBook-Pro.local","module":"ingest","msg":"flush batch=337 (final) releases=95 entities=296"}
{"level":30,"time":1778985563212,"pid":71328,"hostname":"Dereks-MacBook-Pro.local","module":"ingest","msg":"done records=33695 entities=94485 elapsed=132.2s"}
{"level":30,"time":1778985563391,"pid":71328,"hostname":"Dereks-MacBook-Pro.local","module":"cli","msg":"[ingest] 2026-1 → 33695 records ingested (run run-2026-05-17T02:37:07.091Z)"}
