{"level":30,"time":1778986300625,"pid":75467,"hostname":"Dereks-MacBook-Pro.local","module":"ingest","msg":"start year=2025 month=8 runId=run-2026-05-17T02:51:36.731Z"}
{"level":30,"time":1778986304073,"pid":75467,"hostname":"Dereks-MacBook-Pro.local","module":"ingest","msg":"download complete path=/var/folders/rj/x0yz6y3j2q70rlz0phst404c0000gn/T/gc-2025-8.zip bytes=32997070"}
{"level":30,"time":1778986304631,"pid":75467,"hostname":"Dereks-MacBook-Pro.local","module":"ingest","msg":"flush batch=1 releases=100 entities=249"}
{"level":30,"time":1778986304991,"pid":75467,"hostname":"Dereks-MacBook-Pro.local","module":"ingest","msg":"flush batch=2 releases=100 entities=283"}
{"level":30,"time":1778986305318,"pid":75467,"hostname":"Dereks-MacBook-Pro.local","module":"ingest","msg":"flush batch=3 releases=100 entities=220"}
{"level":30,"time":1778986305680,"pid":75467,"hostname":"Dereks-MacBook-Pro.local","module":"ingest","msg":"flush batch=4 releases=100 entities=245"}
{"level":30,"time":1778986306035,"pid":75467,"hostname":"Dereks-MacBook-Pro.local","module":"ingest","msg":"flush batch=5 releases=100 entities=232"}
{"level":30,"time":1778986306353,"pid":75467,"hostname":"Dereks-MacBook-Pro.local","module":"ingest","msg":"flush batch=6 releases=100 entities=215"}
{"level":30,"time":1778986306699,"pid":75467,"hostname":"Dereks-MacBook-Pro.local","module":"ingest","msg":"flush batch=7 releases=100 entities=227"}
{"level":30,"time":1778986307036,"pid":75467,"hostname":"Dereks-MacBook-Pro.local","module":"ingest","msg":"flush batch=8 releases=100 entities=244"}
{"level":30,"time":1778986307392,"pid":75467,"hostname":"Dereks-MacBook-Pro.local","module":"ingest","msg":"flush batch=9 releases=100 entities=224"}
{"level":30,"time":1778986307452,"pid":75467,"hostname":"Dereks-MacBook-Pro.local","module":"ingest","msg":"progress records=1000 elapsed=6.8s"}
{"level":30,"time":1778986307737,"pid":75467,"hostname":"Dereks-MacBook-Pro.local","module":"ingest","msg":"flush batch=10 releases=100 entities=236"}
{"level":30,"time":1778986308095,"pid":75467,"hostname":"Dereks-MacBook-Pro.local","module":"ingest","msg":"flush batch=11 releases=100 entities=238"}
{"level":30,"time":1778986308438,"pid":75467,"hostname":"Dereks-MacBook-Pro.local","module":"ingest","msg":"flush batch=12 releases=100 entities=233"}
{"level":30,"time":1778986308771,"pid":75467,"hostname":"Dereks-MacBook-Pro.local","module":"ingest","msg":"flush batch=13 releases=100 entities=225"}
{"level":30,"time":1778986309137,"pid":75467,"hostname":"Dereks-MacBook-Pro.local","module":"ingest","msg":"flush batch=14 releases=100 entities=225"}
{"level":30,"time":1778986309497,"pid":75467,"hostname":"Dereks-MacBook-Pro.local","module":"ingest","msg":"flush batch=15 releases=100 entities=251"}
{"level":30,"time":1778986309862,"pid":75467,"hostname":"Dereks-MacBook-Pro.local","module":"ingest","msg":"flush batch=16 releases=100 entities=237"}
{"level":30,"time":1778986310224,"pid":75467,"hostname":"Dereks-MacBook-Pro.local","module":"ingest","msg":"flush batch=17 releases=100 entities=234"}
{"level":30,"time":1778986310604,"pid":75467,"hostname":"Dereks-MacBook-Pro.local","module":"ingest","msg":"flush batch=18 releases=100 entities=242"}
{"level":30,"time":1778986311012,"pid":75467,"hostname":"Dereks-MacBook-Pro.local","module":"ingest","msg":"flush batch=19 releases=100 entities=253"}
{"level":30,"time":1778986311059,"pid":75467,"hostname":"Dereks-MacBook-Pro.local","module":"ingest","msg":"progress records=2000 elapsed=10.4s"}
{"level":30,"time":1778986311376,"pid":75467,"hostname":"Dereks-MacBook-Pro.local","module":"ingest","msg":"flush batch=20 releases=100 entities=251"}
{"level":30,"time":1778986311753,"pid":75467,"hostname":"Dereks-MacBook-Pro.local","module":"ingest","msg":"flush batch=21 releases=100 entities=265"}
{"level":30,"time":1778986312128,"pid":75467,"hostname":"Dereks-MacBook-Pro.local","module":"ingest","msg":"flush batch=22 releases=100 entities=259"}
{"level":30,"time":1778986312498,"pid":75467,"hostname":"Dereks-MacBook-Pro.local","module":"ingest","msg":"flush batch=23 releases=100 entities=244"}
{"level":30,"time":1778986312887,"pid":75467,"hostname":"Dereks-MacBook-Pro.local","module":"ingest","msg":"flush batch=24 releases=100 entities=241"}
{"level":30,"time":1778986313334,"pid":75467,"hostname":"Dereks-MacBook-Pro.local","module":"ingest","msg":"flush batch=25 releases=100 entities=222"}
{"level":30,"time":1778986313718,"pid":75467,"hostname":"Dereks-MacBook-Pro.local","module":"ingest","msg":"flush batch=26 releases=100 entities=240"}
{"level":30,"time":1778986314114,"pid":75467,"hostname":"Dereks-MacBook-Pro.local","module":"ingest","msg":"flush batch=27 releases=100 entities=236"}
{"level":30,"time":1778986314505,"pid":75467,"hostname":"Dereks-MacBook-Pro.local","module":"ingest","msg":"flush batch=28 releases=100 entities=254"}
{"level":30,"time":1778986314892,"pid":75467,"hostname":"Dereks-MacBook-Pro.local","module":"ingest","msg":"flush batch=29 releases=100 entities=241"}
{"level":30,"time":1778986314941,"pid":75467,"hostname":"Dereks-MacBook-Pro.local","module":"ingest","msg":"progress records=3000 elapsed=14.3s"}
{"level":30,"time":1778986315256,"pid":75467,"hostname":"Dereks-MacBook-Pro.local","module":"ingest","msg":"flush batch=30 releases=100 entities=229"}
{"level":30,"time":1778986315636,"pid":75467,"hostname":"Dereks-MacBook-Pro.local","module":"ingest","msg":"flush batch=31 releases=100 entities=248"}
{"level":30,"time":1778986315988,"pid":75467,"hostname":"Dereks-MacBook-Pro.local","module":"ingest","msg":"flush batch=32 releases=100 entities=256"}
{"level":30,"time":1778986316338,"pid":75467,"hostname":"Dereks-MacBook-Pro.local","module":"ingest","msg":"flush batch=33 releases=100 entities=254"}
{"level":30,"time":1778986316702,"pid":75467,"hostname":"Dereks-MacBook-Pro.local","module":"ingest","msg":"flush batch=34 releases=100 entities=248"}
{"level":30,"time":1778986317107,"pid":75467,"hostname":"Dereks-MacBook-Pro.local","module":"ingest","msg":"flush batch=35 releases=100 entities=219"}
{"level":30,"time":1778986317486,"pid":75467,"hostname":"Dereks-MacBook-Pro.local","module":"ingest","msg":"flush batch=36 releases=100 entities=257"}
{"level":30,"time":1778986317853,"pid":75467,"hostname":"Dereks-MacBook-Pro.local","module":"ingest","msg":"flush batch=37 releases=100 entities=251"}
{"level":30,"time":1778986318217,"pid":75467,"hostname":"Dereks-MacBook-Pro.local","module":"ingest","msg":"flush batch=38 releases=100 entities=222"}
{"level":30,"time":1778986318601,"pid":75467,"hostname":"Dereks-MacBook-Pro.local","module":"ingest","msg":"flush batch=39 releases=100 entities=245"}
{"level":30,"time":1778986318667,"pid":75467,"hostname":"Dereks-MacBook-Pro.local","module":"ingest","msg":"progress records=4000 elapsed=18.0s"}
{"level":30,"time":1778986318996,"pid":75467,"hostname":"Dereks-MacBook-Pro.local","module":"ingest","msg":"flush batch=40 releases=100 entities=247"}
{"level":30,"time":1778986319400,"pid":75467,"hostname":"Dereks-MacBook-Pro.local","module":"ingest","msg":"flush batch=41 releases=100 entities=243"}
{"level":30,"time":1778986319766,"pid":75467,"hostname":"Dereks-MacBook-Pro.local","module":"ingest","msg":"flush batch=42 releases=100 entities=250"}
{"level":30,"time":1778986320144,"pid":75467,"hostname":"Dereks-MacBook-Pro.local","module":"ingest","msg":"flush batch=43 releases=100 entities=231"}
{"level":30,"time":1778986320520,"pid":75467,"hostname":"Dereks-MacBook-Pro.local","module":"ingest","msg":"flush batch=44 releases=100 entities=257"}
{"level":30,"time":1778986320886,"pid":75467,"hostname":"Dereks-MacBook-Pro.local","module":"ingest","msg":"flush batch=45 releases=100 entities=253"}
{"level":30,"time":1778986321269,"pid":75467,"hostname":"Dereks-MacBook-Pro.local","module":"ingest","msg":"flush batch=46 releases=100 entities=253"}
{"level":30,"time":1778986321640,"pid":75467,"hostname":"Dereks-MacBook-Pro.local","module":"ingest","msg":"flush batch=47 releases=100 entities=219"}
{"level":30,"time":1778986322003,"pid":75467,"hostname":"Dereks-MacBook-Pro.local","module":"ingest","msg":"flush batch=48 releases=100 entities=246"}
{"level":30,"time":1778986322382,"pid":75467,"hostname":"Dereks-MacBook-Pro.local","module":"ingest","msg":"flush batch=49 releases=100 entities=244"}
{"level":30,"time":1778986322445,"pid":75467,"hostname":"Dereks-MacBook-Pro.local","module":"ingest","msg":"progress records=5000 elapsed=21.8s"}
{"level":30,"time":1778986322793,"pid":75467,"hostname":"Dereks-MacBook-Pro.local","module":"ingest","msg":"flush batch=50 releases=100 entities=243"}
{"level":30,"time":1778986323166,"pid":75467,"hostname":"Dereks-MacBook-Pro.local","module":"ingest","msg":"flush batch=51 releases=100 entities=262"}
{"level":30,"time":1778986323552,"pid":75467,"hostname":"Dereks-MacBook-Pro.local","module":"ingest","msg":"flush batch=52 releases=100 entities=256"}
{"level":30,"time":1778986323945,"pid":75467,"hostname":"Dereks-MacBook-Pro.local","module":"ingest","msg":"flush batch=53 releases=100 entities=258"}
{"level":30,"time":1778986324325,"pid":75467,"hostname":"Dereks-MacBook-Pro.local","module":"ingest","msg":"flush batch=54 releases=100 entities=225"}
{"level":30,"time":1778986324717,"pid":75467,"hostname":"Dereks-MacBook-Pro.local","module":"ingest","msg":"flush batch=55 releases=100 entities=245"}
{"level":30,"time":1778986325103,"pid":75467,"hostname":"Dereks-MacBook-Pro.local","module":"ingest","msg":"flush batch=56 releases=100 entities=244"}
{"level":30,"time":1778986325483,"pid":75467,"hostname":"Dereks-MacBook-Pro.local","module":"ingest","msg":"flush batch=57 releases=100 entities=244"}
{"level":30,"time":1778986325851,"pid":75467,"hostname":"Dereks-MacBook-Pro.local","module":"ingest","msg":"flush batch=58 releases=100 entities=254"}
{"level":30,"time":1778986326186,"pid":75467,"hostname":"Dereks-MacBook-Pro.local","module":"ingest","msg":"flush batch=59 releases=100 entities=220"}
{"level":30,"time":1778986326249,"pid":75467,"hostname":"Dereks-MacBook-Pro.local","module":"ingest","msg":"progress records=6000 elapsed=25.6s"}
{"level":30,"time":1778986326561,"pid":75467,"hostname":"Dereks-MacBook-Pro.local","module":"ingest","msg":"flush batch=60 releases=100 entities=253"}
{"level":30,"time":1778986326964,"pid":75467,"hostname":"Dereks-MacBook-Pro.local","module":"ingest","msg":"flush batch=61 releases=100 entities=233"}
{"level":30,"time":1778986327369,"pid":75467,"hostname":"Dereks-MacBook-Pro.local","module":"ingest","msg":"flush batch=62 releases=100 entities=260"}
{"level":30,"time":1778986327745,"pid":75467,"hostname":"Dereks-MacBook-Pro.local","module":"ingest","msg":"flush batch=63 releases=100 entities=257"}
{"level":30,"time":1778986328107,"pid":75467,"hostname":"Dereks-MacBook-Pro.local","module":"ingest","msg":"flush batch=64 releases=100 entities=249"}
{"level":30,"time":1778986328483,"pid":75467,"hostname":"Dereks-MacBook-Pro.local","module":"ingest","msg":"flush batch=65 releases=100 entities=265"}
{"level":30,"time":1778986328851,"pid":75467,"hostname":"Dereks-MacBook-Pro.local","module":"ingest","msg":"flush batch=66 releases=100 entities=252"}
{"level":30,"time":1778986329218,"pid":75467,"hostname":"Dereks-MacBook-Pro.local","module":"ingest","msg":"flush batch=67 releases=100 entities=254"}
{"level":30,"time":1778986329587,"pid":75467,"hostname":"Dereks-MacBook-Pro.local","module":"ingest","msg":"flush batch=68 releases=100 entities=252"}
{"level":30,"time":1778986329955,"pid":75467,"hostname":"Dereks-MacBook-Pro.local","module":"ingest","msg":"flush batch=69 releases=100 entities=252"}
{"level":30,"time":1778986330016,"pid":75467,"hostname":"Dereks-MacBook-Pro.local","module":"ingest","msg":"progress records=7000 elapsed=29.4s"}
{"level":30,"time":1778986330342,"pid":75467,"hostname":"Dereks-MacBook-Pro.local","module":"ingest","msg":"flush batch=70 releases=100 entities=260"}
{"level":30,"time":1778986330758,"pid":75467,"hostname":"Dereks-MacBook-Pro.local","module":"ingest","msg":"flush batch=71 releases=100 entities=255"}
{"level":30,"time":1778986331108,"pid":75467,"hostname":"Dereks-MacBook-Pro.local","module":"ingest","msg":"flush batch=72 releases=100 entities=244"}
{"level":30,"time":1778986331507,"pid":75467,"hostname":"Dereks-MacBook-Pro.local","module":"ingest","msg":"flush batch=73 releases=100 entities=258"}
{"level":30,"time":1778986331873,"pid":75467,"hostname":"Dereks-MacBook-Pro.local","module":"ingest","msg":"flush batch=74 releases=100 entities=259"}
{"level":30,"time":1778986332268,"pid":75467,"hostname":"Dereks-MacBook-Pro.local","module":"ingest","msg":"flush batch=75 releases=100 entities=249"}
{"level":30,"time":1778986332633,"pid":75467,"hostname":"Dereks-MacBook-Pro.local","module":"ingest","msg":"flush batch=76 releases=100 entities=245"}
{"level":30,"time":1778986333012,"pid":75467,"hostname":"Dereks-MacBook-Pro.local","module":"ingest","msg":"flush batch=77 releases=100 entities=227"}
{"level":30,"time":1778986333390,"pid":75467,"hostname":"Dereks-MacBook-Pro.local","module":"ingest","msg":"flush batch=78 releases=100 entities=250"}
{"level":30,"time":1778986333791,"pid":75467,"hostname":"Dereks-MacBook-Pro.local","module":"ingest","msg":"flush batch=79 releases=100 entities=243"}
{"level":30,"time":1778986333856,"pid":75467,"hostname":"Dereks-MacBook-Pro.local","module":"ingest","msg":"progress records=8000 elapsed=33.2s"}
{"level":30,"time":1778986334140,"pid":75467,"hostname":"Dereks-MacBook-Pro.local","module":"ingest","msg":"flush batch=80 releases=100 entities=240"}
{"level":30,"time":1778986334482,"pid":75467,"hostname":"Dereks-MacBook-Pro.local","module":"ingest","msg":"flush batch=81 releases=100 entities=247"}
{"level":30,"time":1778986334858,"pid":75467,"hostname":"Dereks-MacBook-Pro.local","module":"ingest","msg":"flush batch=82 releases=100 entities=260"}
{"level":30,"time":1778986335216,"pid":75467,"hostname":"Dereks-MacBook-Pro.local","module":"ingest","msg":"flush batch=83 releases=100 entities=251"}
{"level":30,"time":1778986335574,"pid":75467,"hostname":"Dereks-MacBook-Pro.local","module":"ingest","msg":"flush batch=84 releases=100 entities=261"}
{"level":30,"time":1778986335926,"pid":75467,"hostname":"Dereks-MacBook-Pro.local","module":"ingest","msg":"flush batch=85 releases=100 entities=256"}
{"level":30,"time":1778986336276,"pid":75467,"hostname":"Dereks-MacBook-Pro.local","module":"ingest","msg":"flush batch=86 releases=100 entities=271"}
{"level":30,"time":1778986336672,"pid":75467,"hostname":"Dereks-MacBook-Pro.local","module":"ingest","msg":"flush batch=87 releases=100 entities=271"}
{"level":30,"time":1778986337045,"pid":75467,"hostname":"Dereks-MacBook-Pro.local","module":"ingest","msg":"flush batch=88 releases=100 entities=268"}
{"level":30,"time":1778986337411,"pid":75467,"hostname":"Dereks-MacBook-Pro.local","module":"ingest","msg":"flush batch=89 releases=100 entities=275"}
{"level":30,"time":1778986337476,"pid":75467,"hostname":"Dereks-MacBook-Pro.local","module":"ingest","msg":"progress records=9000 elapsed=36.8s"}
{"level":30,"time":1778986337782,"pid":75467,"hostname":"Dereks-MacBook-Pro.local","module":"ingest","msg":"flush batch=90 releases=100 entities=269"}
{"level":30,"time":1778986338163,"pid":75467,"hostname":"Dereks-MacBook-Pro.local","module":"ingest","msg":"flush batch=91 releases=100 entities=276"}
{"level":30,"time":1778986338529,"pid":75467,"hostname":"Dereks-MacBook-Pro.local","module":"ingest","msg":"flush batch=92 releases=100 entities=270"}
{"level":30,"time":1778986338904,"pid":75467,"hostname":"Dereks-MacBook-Pro.local","module":"ingest","msg":"flush batch=93 releases=100 entities=268"}
{"level":30,"time":1778986339297,"pid":75467,"hostname":"Dereks-MacBook-Pro.local","module":"ingest","msg":"flush batch=94 releases=100 entities=266"}
{"level":30,"time":1778986339673,"pid":75467,"hostname":"Dereks-MacBook-Pro.local","module":"ingest","msg":"flush batch=95 releases=100 entities=268"}
{"level":30,"time":1778986340052,"pid":75467,"hostname":"Dereks-MacBook-Pro.local","module":"ingest","msg":"flush batch=96 releases=100 entities=265"}
{"level":30,"time":1778986340414,"pid":75467,"hostname":"Dereks-MacBook-Pro.local","module":"ingest","msg":"flush batch=97 releases=100 entities=270"}
{"level":30,"time":1778986340795,"pid":75467,"hostname":"Dereks-MacBook-Pro.local","module":"ingest","msg":"flush batch=98 releases=100 entities=286"}
{"level":30,"time":1778986341233,"pid":75467,"hostname":"Dereks-MacBook-Pro.local","module":"ingest","msg":"flush batch=99 releases=100 entities=282"}
{"level":30,"time":1778986341294,"pid":75467,"hostname":"Dereks-MacBook-Pro.local","module":"ingest","msg":"progress records=10000 elapsed=40.7s"}
{"level":30,"time":1778986341656,"pid":75467,"hostname":"Dereks-MacBook-Pro.local","module":"ingest","msg":"flush batch=100 releases=100 entities=294"}
{"level":30,"time":1778986342050,"pid":75467,"hostname":"Dereks-MacBook-Pro.local","module":"ingest","msg":"flush batch=101 releases=100 entities=282"}
{"level":30,"time":1778986342442,"pid":75467,"hostname":"Dereks-MacBook-Pro.local","module":"ingest","msg":"flush batch=102 releases=100 entities=272"}
{"level":30,"time":1778986342829,"pid":75467,"hostname":"Dereks-MacBook-Pro.local","module":"ingest","msg":"flush batch=103 releases=100 entities=279"}
{"level":30,"time":1778986343230,"pid":75467,"hostname":"Dereks-MacBook-Pro.local","module":"ingest","msg":"flush batch=104 releases=100 entities=281"}
{"level":30,"time":1778986343674,"pid":75467,"hostname":"Dereks-MacBook-Pro.local","module":"ingest","msg":"flush batch=105 releases=100 entities=284"}
{"level":30,"time":1778986344068,"pid":75467,"hostname":"Dereks-MacBook-Pro.local","module":"ingest","msg":"flush batch=106 releases=100 entities=283"}
{"level":30,"time":1778986344491,"pid":75467,"hostname":"Dereks-MacBook-Pro.local","module":"ingest","msg":"flush batch=107 releases=100 entities=283"}
{"level":30,"time":1778986344907,"pid":75467,"hostname":"Dereks-MacBook-Pro.local","module":"ingest","msg":"flush batch=108 releases=100 entities=279"}
{"level":30,"time":1778986345344,"pid":75467,"hostname":"Dereks-MacBook-Pro.local","module":"ingest","msg":"flush batch=109 releases=100 entities=285"}
{"level":30,"time":1778986345409,"pid":75467,"hostname":"Dereks-MacBook-Pro.local","module":"ingest","msg":"progress records=11000 elapsed=44.8s"}
{"level":30,"time":1778986345772,"pid":75467,"hostname":"Dereks-MacBook-Pro.local","module":"ingest","msg":"flush batch=110 releases=100 entities=281"}
{"level":30,"time":1778986346151,"pid":75467,"hostname":"Dereks-MacBook-Pro.local","module":"ingest","msg":"flush batch=111 releases=100 entities=290"}
{"level":30,"time":1778986346535,"pid":75467,"hostname":"Dereks-MacBook-Pro.local","module":"ingest","msg":"flush batch=112 releases=100 entities=282"}
{"level":30,"time":1778986346934,"pid":75467,"hostname":"Dereks-MacBook-Pro.local","module":"ingest","msg":"flush batch=113 releases=100 entities=266"}
{"level":30,"time":1778986347313,"pid":75467,"hostname":"Dereks-MacBook-Pro.local","module":"ingest","msg":"flush batch=114 releases=100 entities=268"}
{"level":30,"time":1778986347701,"pid":75467,"hostname":"Dereks-MacBook-Pro.local","module":"ingest","msg":"flush batch=115 releases=100 entities=275"}
{"level":30,"time":1778986348087,"pid":75467,"hostname":"Dereks-MacBook-Pro.local","module":"ingest","msg":"flush batch=116 releases=100 entities=276"}
{"level":30,"time":1778986348499,"pid":75467,"hostname":"Dereks-MacBook-Pro.local","module":"ingest","msg":"flush batch=117 releases=100 entities=275"}
{"level":30,"time":1778986348865,"pid":75467,"hostname":"Dereks-MacBook-Pro.local","module":"ingest","msg":"flush batch=118 releases=100 entities=289"}
{"level":30,"time":1778986349233,"pid":75467,"hostname":"Dereks-MacBook-Pro.local","module":"ingest","msg":"flush batch=119 releases=100 entities=277"}
{"level":30,"time":1778986349300,"pid":75467,"hostname":"Dereks-MacBook-Pro.local","module":"ingest","msg":"progress records=12000 elapsed=48.7s"}
{"level":30,"time":1778986349611,"pid":75467,"hostname":"Dereks-MacBook-Pro.local","module":"ingest","msg":"flush batch=120 releases=100 entities=275"}
{"level":30,"time":1778986350011,"pid":75467,"hostname":"Dereks-MacBook-Pro.local","module":"ingest","msg":"flush batch=121 releases=100 entities=276"}
{"level":30,"time":1778986350394,"pid":75467,"hostname":"Dereks-MacBook-Pro.local","module":"ingest","msg":"flush batch=122 releases=100 entities=279"}
{"level":30,"time":1778986350779,"pid":75467,"hostname":"Dereks-MacBook-Pro.local","module":"ingest","msg":"flush batch=123 releases=100 entities=285"}
{"level":30,"time":1778986351165,"pid":75467,"hostname":"Dereks-MacBook-Pro.local","module":"ingest","msg":"flush batch=124 releases=100 entities=279"}
{"level":30,"time":1778986351543,"pid":75467,"hostname":"Dereks-MacBook-Pro.local","module":"ingest","msg":"flush batch=125 releases=100 entities=277"}
{"level":30,"time":1778986351929,"pid":75467,"hostname":"Dereks-MacBook-Pro.local","module":"ingest","msg":"flush batch=126 releases=100 entities=286"}
{"level":30,"time":1778986352323,"pid":75467,"hostname":"Dereks-MacBook-Pro.local","module":"ingest","msg":"flush batch=127 releases=100 entities=289"}
{"level":30,"time":1778986352728,"pid":75467,"hostname":"Dereks-MacBook-Pro.local","module":"ingest","msg":"flush batch=128 releases=100 entities=300"}
{"level":30,"time":1778986353116,"pid":75467,"hostname":"Dereks-MacBook-Pro.local","module":"ingest","msg":"flush batch=129 releases=100 entities=290"}
{"level":30,"time":1778986353154,"pid":75467,"hostname":"Dereks-MacBook-Pro.local","module":"ingest","msg":"progress records=13000 elapsed=52.5s"}
{"level":30,"time":1778986353460,"pid":75467,"hostname":"Dereks-MacBook-Pro.local","module":"ingest","msg":"flush batch=130 releases=100 entities=291"}
{"level":30,"time":1778986353840,"pid":75467,"hostname":"Dereks-MacBook-Pro.local","module":"ingest","msg":"flush batch=131 releases=100 entities=287"}
{"level":30,"time":1778986354208,"pid":75467,"hostname":"Dereks-MacBook-Pro.local","module":"ingest","msg":"flush batch=132 releases=100 entities=287"}
{"level":30,"time":1778986354616,"pid":75467,"hostname":"Dereks-MacBook-Pro.local","module":"ingest","msg":"flush batch=133 releases=100 entities=290"}
{"level":30,"time":1778986354997,"pid":75467,"hostname":"Dereks-MacBook-Pro.local","module":"ingest","msg":"flush batch=134 releases=100 entities=291"}
{"level":30,"time":1778986355382,"pid":75467,"hostname":"Dereks-MacBook-Pro.local","module":"ingest","msg":"flush batch=135 releases=100 entities=296"}
{"level":30,"time":1778986355763,"pid":75467,"hostname":"Dereks-MacBook-Pro.local","module":"ingest","msg":"flush batch=136 releases=100 entities=299"}
{"level":30,"time":1778986356162,"pid":75467,"hostname":"Dereks-MacBook-Pro.local","module":"ingest","msg":"flush batch=137 releases=100 entities=298"}
{"level":30,"time":1778986356562,"pid":75467,"hostname":"Dereks-MacBook-Pro.local","module":"ingest","msg":"flush batch=138 releases=100 entities=292"}
{"level":30,"time":1778986356931,"pid":75467,"hostname":"Dereks-MacBook-Pro.local","module":"ingest","msg":"flush batch=139 releases=100 entities=292"}
{"level":30,"time":1778986356995,"pid":75467,"hostname":"Dereks-MacBook-Pro.local","module":"ingest","msg":"progress records=14000 elapsed=56.4s"}
{"level":30,"time":1778986357312,"pid":75467,"hostname":"Dereks-MacBook-Pro.local","module":"ingest","msg":"flush batch=140 releases=100 entities=291"}
{"level":30,"time":1778986357713,"pid":75467,"hostname":"Dereks-MacBook-Pro.local","module":"ingest","msg":"flush batch=141 releases=100 entities=292"}
{"level":30,"time":1778986358088,"pid":75467,"hostname":"Dereks-MacBook-Pro.local","module":"ingest","msg":"flush batch=142 releases=100 entities=287"}
{"level":30,"time":1778986358486,"pid":75467,"hostname":"Dereks-MacBook-Pro.local","module":"ingest","msg":"flush batch=143 releases=100 entities=281"}
{"level":30,"time":1778986358866,"pid":75467,"hostname":"Dereks-MacBook-Pro.local","module":"ingest","msg":"flush batch=144 releases=100 entities=287"}
{"level":30,"time":1778986359239,"pid":75467,"hostname":"Dereks-MacBook-Pro.local","module":"ingest","msg":"flush batch=145 releases=100 entities=290"}
{"level":30,"time":1778986359616,"pid":75467,"hostname":"Dereks-MacBook-Pro.local","module":"ingest","msg":"flush batch=146 releases=100 entities=289"}
{"level":30,"time":1778986359985,"pid":75467,"hostname":"Dereks-MacBook-Pro.local","module":"ingest","msg":"flush batch=147 releases=100 entities=295"}
{"level":30,"time":1778986360363,"pid":75467,"hostname":"Dereks-MacBook-Pro.local","module":"ingest","msg":"flush batch=148 releases=100 entities=305"}
{"level":30,"time":1778986360741,"pid":75467,"hostname":"Dereks-MacBook-Pro.local","module":"ingest","msg":"flush batch=149 releases=100 entities=298"}
{"level":30,"time":1778986360809,"pid":75467,"hostname":"Dereks-MacBook-Pro.local","module":"ingest","msg":"progress records=15000 elapsed=60.2s"}
{"level":30,"time":1778986361129,"pid":75467,"hostname":"Dereks-MacBook-Pro.local","module":"ingest","msg":"flush batch=150 releases=100 entities=299"}
{"level":30,"time":1778986361541,"pid":75467,"hostname":"Dereks-MacBook-Pro.local","module":"ingest","msg":"flush batch=151 releases=100 entities=292"}
{"level":30,"time":1778986361932,"pid":75467,"hostname":"Dereks-MacBook-Pro.local","module":"ingest","msg":"flush batch=152 releases=100 entities=291"}
{"level":30,"time":1778986362301,"pid":75467,"hostname":"Dereks-MacBook-Pro.local","module":"ingest","msg":"flush batch=153 releases=100 entities=293"}
{"level":30,"time":1778986362680,"pid":75467,"hostname":"Dereks-MacBook-Pro.local","module":"ingest","msg":"flush batch=154 releases=100 entities=286"}
{"level":30,"time":1778986363062,"pid":75467,"hostname":"Dereks-MacBook-Pro.local","module":"ingest","msg":"flush batch=155 releases=100 entities=291"}
{"level":30,"time":1778986363448,"pid":75467,"hostname":"Dereks-MacBook-Pro.local","module":"ingest","msg":"flush batch=156 releases=100 entities=287"}
{"level":30,"time":1778986363830,"pid":75467,"hostname":"Dereks-MacBook-Pro.local","module":"ingest","msg":"flush batch=157 releases=100 entities=302"}
{"level":30,"time":1778986364200,"pid":75467,"hostname":"Dereks-MacBook-Pro.local","module":"ingest","msg":"flush batch=158 releases=100 entities=304"}
{"level":30,"time":1778986364578,"pid":75467,"hostname":"Dereks-MacBook-Pro.local","module":"ingest","msg":"flush batch=159 releases=100 entities=296"}
{"level":30,"time":1778986364646,"pid":75467,"hostname":"Dereks-MacBook-Pro.local","module":"ingest","msg":"progress records=16000 elapsed=64.0s"}
{"level":30,"time":1778986364956,"pid":75467,"hostname":"Dereks-MacBook-Pro.local","module":"ingest","msg":"flush batch=160 releases=100 entities=293"}
{"level":30,"time":1778986365328,"pid":75467,"hostname":"Dereks-MacBook-Pro.local","module":"ingest","msg":"flush batch=161 releases=100 entities=281"}
{"level":30,"time":1778986365695,"pid":75467,"hostname":"Dereks-MacBook-Pro.local","module":"ingest","msg":"flush batch=162 releases=100 entities=278"}
{"level":30,"time":1778986366064,"pid":75467,"hostname":"Dereks-MacBook-Pro.local","module":"ingest","msg":"flush batch=163 releases=100 entities=300"}
{"level":30,"time":1778986366435,"pid":75467,"hostname":"Dereks-MacBook-Pro.local","module":"ingest","msg":"flush batch=164 releases=100 entities=291"}
{"level":30,"time":1778986366806,"pid":75467,"hostname":"Dereks-MacBook-Pro.local","module":"ingest","msg":"flush batch=165 releases=100 entities=294"}
{"level":30,"time":1778986367195,"pid":75467,"hostname":"Dereks-MacBook-Pro.local","module":"ingest","msg":"flush batch=166 releases=100 entities=291"}
{"level":30,"time":1778986367572,"pid":75467,"hostname":"Dereks-MacBook-Pro.local","module":"ingest","msg":"flush batch=167 releases=100 entities=299"}
{"level":30,"time":1778986367942,"pid":75467,"hostname":"Dereks-MacBook-Pro.local","module":"ingest","msg":"flush batch=168 releases=100 entities=288"}
{"level":30,"time":1778986368306,"pid":75467,"hostname":"Dereks-MacBook-Pro.local","module":"ingest","msg":"flush batch=169 releases=100 entities=278"}
{"level":30,"time":1778986368364,"pid":75467,"hostname":"Dereks-MacBook-Pro.local","module":"ingest","msg":"progress records=17000 elapsed=67.7s"}
{"level":30,"time":1778986368677,"pid":75467,"hostname":"Dereks-MacBook-Pro.local","module":"ingest","msg":"flush batch=170 releases=100 entities=289"}
{"level":30,"time":1778986369047,"pid":75467,"hostname":"Dereks-MacBook-Pro.local","module":"ingest","msg":"flush batch=171 releases=100 entities=281"}
{"level":30,"time":1778986369416,"pid":75467,"hostname":"Dereks-MacBook-Pro.local","module":"ingest","msg":"flush batch=172 releases=100 entities=284"}
{"level":30,"time":1778986369804,"pid":75467,"hostname":"Dereks-MacBook-Pro.local","module":"ingest","msg":"flush batch=173 releases=100 entities=295"}
{"level":30,"time":1778986370206,"pid":75467,"hostname":"Dereks-MacBook-Pro.local","module":"ingest","msg":"flush batch=174 releases=100 entities=295"}
{"level":30,"time":1778986370611,"pid":75467,"hostname":"Dereks-MacBook-Pro.local","module":"ingest","msg":"flush batch=175 releases=100 entities=298"}
{"level":30,"time":1778986370986,"pid":75467,"hostname":"Dereks-MacBook-Pro.local","module":"ingest","msg":"flush batch=176 releases=100 entities=299"}
{"level":30,"time":1778986371437,"pid":75467,"hostname":"Dereks-MacBook-Pro.local","module":"ingest","msg":"flush batch=177 releases=100 entities=296"}
{"level":30,"time":1778986371904,"pid":75467,"hostname":"Dereks-MacBook-Pro.local","module":"ingest","msg":"flush batch=178 releases=100 entities=285"}
{"level":30,"time":1778986372294,"pid":75467,"hostname":"Dereks-MacBook-Pro.local","module":"ingest","msg":"flush batch=179 releases=100 entities=285"}
{"level":30,"time":1778986372361,"pid":75467,"hostname":"Dereks-MacBook-Pro.local","module":"ingest","msg":"progress records=18000 elapsed=71.7s"}
{"level":30,"time":1778986372731,"pid":75467,"hostname":"Dereks-MacBook-Pro.local","module":"ingest","msg":"flush batch=180 releases=100 entities=291"}
{"level":30,"time":1778986373135,"pid":75467,"hostname":"Dereks-MacBook-Pro.local","module":"ingest","msg":"flush batch=181 releases=100 entities=292"}
{"level":30,"time":1778986373528,"pid":75467,"hostname":"Dereks-MacBook-Pro.local","module":"ingest","msg":"flush batch=182 releases=100 entities=301"}
{"level":30,"time":1778986373953,"pid":75467,"hostname":"Dereks-MacBook-Pro.local","module":"ingest","msg":"flush batch=183 releases=100 entities=291"}
{"level":30,"time":1778986374363,"pid":75467,"hostname":"Dereks-MacBook-Pro.local","module":"ingest","msg":"flush batch=184 releases=100 entities=285"}
{"level":30,"time":1778986374754,"pid":75467,"hostname":"Dereks-MacBook-Pro.local","module":"ingest","msg":"flush batch=185 releases=100 entities=298"}
{"level":30,"time":1778986375141,"pid":75467,"hostname":"Dereks-MacBook-Pro.local","module":"ingest","msg":"flush batch=186 releases=100 entities=300"}
{"level":30,"time":1778986375556,"pid":75467,"hostname":"Dereks-MacBook-Pro.local","module":"ingest","msg":"flush batch=187 releases=100 entities=298"}
{"level":30,"time":1778986375967,"pid":75467,"hostname":"Dereks-MacBook-Pro.local","module":"ingest","msg":"flush batch=188 releases=100 entities=297"}
{"level":30,"time":1778986376330,"pid":75467,"hostname":"Dereks-MacBook-Pro.local","module":"ingest","msg":"flush batch=189 releases=100 entities=296"}
{"level":30,"time":1778986376398,"pid":75467,"hostname":"Dereks-MacBook-Pro.local","module":"ingest","msg":"progress records=19000 elapsed=75.8s"}
{"level":30,"time":1778986376715,"pid":75467,"hostname":"Dereks-MacBook-Pro.local","module":"ingest","msg":"flush batch=190 releases=100 entities=297"}
{"level":30,"time":1778986377117,"pid":75467,"hostname":"Dereks-MacBook-Pro.local","module":"ingest","msg":"flush batch=191 releases=100 entities=297"}
{"level":30,"time":1778986377507,"pid":75467,"hostname":"Dereks-MacBook-Pro.local","module":"ingest","msg":"flush batch=192 releases=100 entities=303"}
{"level":30,"time":1778986377898,"pid":75467,"hostname":"Dereks-MacBook-Pro.local","module":"ingest","msg":"flush batch=193 releases=100 entities=289"}
{"level":30,"time":1778986378324,"pid":75467,"hostname":"Dereks-MacBook-Pro.local","module":"ingest","msg":"flush batch=194 releases=100 entities=298"}
{"level":30,"time":1778986378726,"pid":75467,"hostname":"Dereks-MacBook-Pro.local","module":"ingest","msg":"flush batch=195 releases=100 entities=287"}
{"level":30,"time":1778986379113,"pid":75467,"hostname":"Dereks-MacBook-Pro.local","module":"ingest","msg":"flush batch=196 releases=100 entities=293"}
{"level":30,"time":1778986379528,"pid":75467,"hostname":"Dereks-MacBook-Pro.local","module":"ingest","msg":"flush batch=197 releases=100 entities=291"}
{"level":30,"time":1778986379938,"pid":75467,"hostname":"Dereks-MacBook-Pro.local","module":"ingest","msg":"flush batch=198 releases=100 entities=299"}
{"level":30,"time":1778986380333,"pid":75467,"hostname":"Dereks-MacBook-Pro.local","module":"ingest","msg":"flush batch=199 releases=100 entities=295"}
{"level":30,"time":1778986380404,"pid":75467,"hostname":"Dereks-MacBook-Pro.local","module":"ingest","msg":"progress records=20000 elapsed=79.8s"}
{"level":30,"time":1778986380732,"pid":75467,"hostname":"Dereks-MacBook-Pro.local","module":"ingest","msg":"flush batch=200 releases=100 entities=291"}
{"level":30,"time":1778986381161,"pid":75467,"hostname":"Dereks-MacBook-Pro.local","module":"ingest","msg":"flush batch=201 releases=100 entities=300"}
{"level":30,"time":1778986381536,"pid":75467,"hostname":"Dereks-MacBook-Pro.local","module":"ingest","msg":"flush batch=202 releases=100 entities=293"}
{"level":30,"time":1778986381946,"pid":75467,"hostname":"Dereks-MacBook-Pro.local","module":"ingest","msg":"flush batch=203 releases=100 entities=278"}
{"level":30,"time":1778986382359,"pid":75467,"hostname":"Dereks-MacBook-Pro.local","module":"ingest","msg":"flush batch=204 releases=100 entities=269"}
{"level":30,"time":1778986382758,"pid":75467,"hostname":"Dereks-MacBook-Pro.local","module":"ingest","msg":"flush batch=205 releases=100 entities=277"}
{"level":30,"time":1778986383148,"pid":75467,"hostname":"Dereks-MacBook-Pro.local","module":"ingest","msg":"flush batch=206 releases=100 entities=287"}
{"level":30,"time":1778986383554,"pid":75467,"hostname":"Dereks-MacBook-Pro.local","module":"ingest","msg":"flush batch=207 releases=100 entities=300"}
{"level":30,"time":1778986383966,"pid":75467,"hostname":"Dereks-MacBook-Pro.local","module":"ingest","msg":"flush batch=208 releases=100 entities=307"}
{"level":30,"time":1778986384360,"pid":75467,"hostname":"Dereks-MacBook-Pro.local","module":"ingest","msg":"flush batch=209 releases=100 entities=293"}
{"level":30,"time":1778986384441,"pid":75467,"hostname":"Dereks-MacBook-Pro.local","module":"ingest","msg":"progress records=21000 elapsed=83.8s"}
{"level":30,"time":1778986384752,"pid":75467,"hostname":"Dereks-MacBook-Pro.local","module":"ingest","msg":"flush batch=210 releases=100 entities=292"}
{"level":30,"time":1778986385145,"pid":75467,"hostname":"Dereks-MacBook-Pro.local","module":"ingest","msg":"flush batch=211 releases=100 entities=279"}
{"level":30,"time":1778986385534,"pid":75467,"hostname":"Dereks-MacBook-Pro.local","module":"ingest","msg":"flush batch=212 releases=100 entities=285"}
{"level":30,"time":1778986385918,"pid":75467,"hostname":"Dereks-MacBook-Pro.local","module":"ingest","msg":"flush batch=213 releases=100 entities=302"}
{"level":30,"time":1778986386305,"pid":75467,"hostname":"Dereks-MacBook-Pro.local","module":"ingest","msg":"flush batch=214 releases=100 entities=298"}
{"level":30,"time":1778986386719,"pid":75467,"hostname":"Dereks-MacBook-Pro.local","module":"ingest","msg":"flush batch=215 releases=100 entities=300"}
{"level":30,"time":1778986387100,"pid":75467,"hostname":"Dereks-MacBook-Pro.local","module":"ingest","msg":"flush batch=216 releases=100 entities=300"}
{"level":30,"time":1778986387479,"pid":75467,"hostname":"Dereks-MacBook-Pro.local","module":"ingest","msg":"flush batch=217 releases=100 entities=298"}
{"level":30,"time":1778986387848,"pid":75467,"hostname":"Dereks-MacBook-Pro.local","module":"ingest","msg":"flush batch=218 releases=100 entities=304"}
{"level":30,"time":1778986388224,"pid":75467,"hostname":"Dereks-MacBook-Pro.local","module":"ingest","msg":"flush batch=219 releases=100 entities=297"}
{"level":30,"time":1778986388283,"pid":75467,"hostname":"Dereks-MacBook-Pro.local","module":"ingest","msg":"progress records=22000 elapsed=87.7s"}
{"level":30,"time":1778986388576,"pid":75467,"hostname":"Dereks-MacBook-Pro.local","module":"ingest","msg":"flush batch=220 releases=100 entities=298"}
{"level":30,"time":1778986388975,"pid":75467,"hostname":"Dereks-MacBook-Pro.local","module":"ingest","msg":"flush batch=221 releases=100 entities=303"}
{"level":30,"time":1778986389390,"pid":75467,"hostname":"Dereks-MacBook-Pro.local","module":"ingest","msg":"flush batch=222 releases=100 entities=295"}
{"level":30,"time":1778986389750,"pid":75467,"hostname":"Dereks-MacBook-Pro.local","module":"ingest","msg":"flush batch=223 releases=100 entities=298"}
{"level":30,"time":1778986390129,"pid":75467,"hostname":"Dereks-MacBook-Pro.local","module":"ingest","msg":"flush batch=224 releases=100 entities=292"}
{"level":30,"time":1778986390511,"pid":75467,"hostname":"Dereks-MacBook-Pro.local","module":"ingest","msg":"flush batch=225 releases=100 entities=289"}
{"level":30,"time":1778986390907,"pid":75467,"hostname":"Dereks-MacBook-Pro.local","module":"ingest","msg":"flush batch=226 releases=100 entities=294"}
{"level":30,"time":1778986391277,"pid":75467,"hostname":"Dereks-MacBook-Pro.local","module":"ingest","msg":"flush batch=227 releases=100 entities=287"}
{"level":30,"time":1778986391673,"pid":75467,"hostname":"Dereks-MacBook-Pro.local","module":"ingest","msg":"flush batch=228 releases=100 entities=303"}
{"level":30,"time":1778986392056,"pid":75467,"hostname":"Dereks-MacBook-Pro.local","module":"ingest","msg":"flush batch=229 releases=100 entities=298"}
{"level":30,"time":1778986392127,"pid":75467,"hostname":"Dereks-MacBook-Pro.local","module":"ingest","msg":"progress records=23000 elapsed=91.5s"}
{"level":30,"time":1778986392455,"pid":75467,"hostname":"Dereks-MacBook-Pro.local","module":"ingest","msg":"flush batch=230 releases=100 entities=283"}
{"level":30,"time":1778986392851,"pid":75467,"hostname":"Dereks-MacBook-Pro.local","module":"ingest","msg":"flush batch=231 releases=100 entities=287"}
{"level":30,"time":1778986393244,"pid":75467,"hostname":"Dereks-MacBook-Pro.local","module":"ingest","msg":"flush batch=232 releases=100 entities=288"}
{"level":30,"time":1778986393616,"pid":75467,"hostname":"Dereks-MacBook-Pro.local","module":"ingest","msg":"flush batch=233 releases=100 entities=274"}
{"level":30,"time":1778986393999,"pid":75467,"hostname":"Dereks-MacBook-Pro.local","module":"ingest","msg":"flush batch=234 releases=100 entities=298"}
{"level":30,"time":1778986394370,"pid":75467,"hostname":"Dereks-MacBook-Pro.local","module":"ingest","msg":"flush batch=235 releases=100 entities=287"}
{"level":30,"time":1778986394732,"pid":75467,"hostname":"Dereks-MacBook-Pro.local","module":"ingest","msg":"flush batch=236 releases=100 entities=287"}
{"level":30,"time":1778986395096,"pid":75467,"hostname":"Dereks-MacBook-Pro.local","module":"ingest","msg":"flush batch=237 releases=100 entities=291"}
{"level":30,"time":1778986395469,"pid":75467,"hostname":"Dereks-MacBook-Pro.local","module":"ingest","msg":"flush batch=238 releases=100 entities=291"}
{"level":30,"time":1778986395835,"pid":75467,"hostname":"Dereks-MacBook-Pro.local","module":"ingest","msg":"flush batch=239 releases=100 entities=290"}
{"level":30,"time":1778986395879,"pid":75467,"hostname":"Dereks-MacBook-Pro.local","module":"ingest","msg":"progress records=24000 elapsed=95.3s"}
{"level":30,"time":1778986396178,"pid":75467,"hostname":"Dereks-MacBook-Pro.local","module":"ingest","msg":"flush batch=240 releases=100 entities=290"}
{"level":30,"time":1778986396553,"pid":75467,"hostname":"Dereks-MacBook-Pro.local","module":"ingest","msg":"flush batch=241 releases=100 entities=292"}
{"level":30,"time":1778986396926,"pid":75467,"hostname":"Dereks-MacBook-Pro.local","module":"ingest","msg":"flush batch=242 releases=100 entities=292"}
{"level":30,"time":1778986397297,"pid":75467,"hostname":"Dereks-MacBook-Pro.local","module":"ingest","msg":"flush batch=243 releases=100 entities=292"}
{"level":30,"time":1778986397667,"pid":75467,"hostname":"Dereks-MacBook-Pro.local","module":"ingest","msg":"flush batch=244 releases=100 entities=297"}
{"level":30,"time":1778986398065,"pid":75467,"hostname":"Dereks-MacBook-Pro.local","module":"ingest","msg":"flush batch=245 releases=100 entities=304"}
{"level":30,"time":1778986398447,"pid":75467,"hostname":"Dereks-MacBook-Pro.local","module":"ingest","msg":"flush batch=246 releases=100 entities=300"}
{"level":30,"time":1778986398822,"pid":75467,"hostname":"Dereks-MacBook-Pro.local","module":"ingest","msg":"flush batch=247 releases=100 entities=298"}
{"level":30,"time":1778986399202,"pid":75467,"hostname":"Dereks-MacBook-Pro.local","module":"ingest","msg":"flush batch=248 releases=100 entities=298"}
{"level":30,"time":1778986399624,"pid":75467,"hostname":"Dereks-MacBook-Pro.local","module":"ingest","msg":"flush batch=249 releases=100 entities=285"}
{"level":30,"time":1778986399699,"pid":75467,"hostname":"Dereks-MacBook-Pro.local","module":"ingest","msg":"progress records=25000 elapsed=99.1s"}
{"level":30,"time":1778986400018,"pid":75467,"hostname":"Dereks-MacBook-Pro.local","module":"ingest","msg":"flush batch=250 releases=100 entities=271"}
{"level":30,"time":1778986400416,"pid":75467,"hostname":"Dereks-MacBook-Pro.local","module":"ingest","msg":"flush batch=251 releases=100 entities=279"}
{"level":30,"time":1778986400817,"pid":75467,"hostname":"Dereks-MacBook-Pro.local","module":"ingest","msg":"flush batch=252 releases=100 entities=303"}
{"level":30,"time":1778986401204,"pid":75467,"hostname":"Dereks-MacBook-Pro.local","module":"ingest","msg":"flush batch=253 releases=100 entities=264"}
{"level":30,"time":1778986401603,"pid":75467,"hostname":"Dereks-MacBook-Pro.local","module":"ingest","msg":"flush batch=254 releases=100 entities=273"}
{"level":30,"time":1778986402004,"pid":75467,"hostname":"Dereks-MacBook-Pro.local","module":"ingest","msg":"flush batch=255 releases=100 entities=274"}
{"level":30,"time":1778986402481,"pid":75467,"hostname":"Dereks-MacBook-Pro.local","module":"ingest","msg":"flush batch=256 releases=100 entities=288"}
{"level":30,"time":1778986402864,"pid":75467,"hostname":"Dereks-MacBook-Pro.local","module":"ingest","msg":"flush batch=257 releases=100 entities=304"}
{"level":30,"time":1778986403272,"pid":75467,"hostname":"Dereks-MacBook-Pro.local","module":"ingest","msg":"flush batch=258 releases=100 entities=293"}
{"level":30,"time":1778986403714,"pid":75467,"hostname":"Dereks-MacBook-Pro.local","module":"ingest","msg":"flush batch=259 releases=100 entities=299"}
{"level":30,"time":1778986403798,"pid":75467,"hostname":"Dereks-MacBook-Pro.local","module":"ingest","msg":"progress records=26000 elapsed=103.2s"}
{"level":30,"time":1778986404116,"pid":75467,"hostname":"Dereks-MacBook-Pro.local","module":"ingest","msg":"flush batch=260 releases=100 entities=289"}
{"level":30,"time":1778986404575,"pid":75467,"hostname":"Dereks-MacBook-Pro.local","module":"ingest","msg":"flush batch=261 releases=100 entities=301"}
{"level":30,"time":1778986404975,"pid":75467,"hostname":"Dereks-MacBook-Pro.local","module":"ingest","msg":"flush batch=262 releases=100 entities=274"}
{"level":30,"time":1778986405404,"pid":75467,"hostname":"Dereks-MacBook-Pro.local","module":"ingest","msg":"flush batch=263 releases=100 entities=298"}
{"level":30,"time":1778986405854,"pid":75467,"hostname":"Dereks-MacBook-Pro.local","module":"ingest","msg":"flush batch=264 releases=100 entities=312"}
{"level":30,"time":1778986406222,"pid":75467,"hostname":"Dereks-MacBook-Pro.local","module":"ingest","msg":"flush batch=265 releases=100 entities=296"}
{"level":30,"time":1778986406630,"pid":75467,"hostname":"Dereks-MacBook-Pro.local","module":"ingest","msg":"flush batch=266 releases=100 entities=297"}
{"level":30,"time":1778986407050,"pid":75467,"hostname":"Dereks-MacBook-Pro.local","module":"ingest","msg":"flush batch=267 releases=100 entities=301"}
{"level":30,"time":1778986407470,"pid":75467,"hostname":"Dereks-MacBook-Pro.local","module":"ingest","msg":"flush batch=268 releases=100 entities=306"}
{"level":30,"time":1778986407867,"pid":75467,"hostname":"Dereks-MacBook-Pro.local","module":"ingest","msg":"flush batch=269 releases=100 entities=301"}
{"level":30,"time":1778986407941,"pid":75467,"hostname":"Dereks-MacBook-Pro.local","module":"ingest","msg":"progress records=27000 elapsed=107.3s"}
{"level":30,"time":1778986408279,"pid":75467,"hostname":"Dereks-MacBook-Pro.local","module":"ingest","msg":"flush batch=270 releases=100 entities=305"}
{"level":30,"time":1778986408686,"pid":75467,"hostname":"Dereks-MacBook-Pro.local","module":"ingest","msg":"flush batch=271 releases=100 entities=301"}
{"level":30,"time":1778986409090,"pid":75467,"hostname":"Dereks-MacBook-Pro.local","module":"ingest","msg":"flush batch=272 releases=100 entities=298"}
{"level":30,"time":1778986409525,"pid":75467,"hostname":"Dereks-MacBook-Pro.local","module":"ingest","msg":"flush batch=273 releases=100 entities=294"}
{"level":30,"time":1778986409914,"pid":75467,"hostname":"Dereks-MacBook-Pro.local","module":"ingest","msg":"flush batch=274 releases=100 entities=298"}
{"level":30,"time":1778986410321,"pid":75467,"hostname":"Dereks-MacBook-Pro.local","module":"ingest","msg":"flush batch=275 releases=100 entities=301"}
{"level":30,"time":1778986410711,"pid":75467,"hostname":"Dereks-MacBook-Pro.local","module":"ingest","msg":"flush batch=276 releases=100 entities=296"}
{"level":30,"time":1778986411136,"pid":75467,"hostname":"Dereks-MacBook-Pro.local","module":"ingest","msg":"flush batch=277 releases=100 entities=298"}
{"level":30,"time":1778986411544,"pid":75467,"hostname":"Dereks-MacBook-Pro.local","module":"ingest","msg":"flush batch=278 releases=100 entities=298"}
{"level":30,"time":1778986411983,"pid":75467,"hostname":"Dereks-MacBook-Pro.local","module":"ingest","msg":"flush batch=279 releases=100 entities=299"}
{"level":30,"time":1778986412058,"pid":75467,"hostname":"Dereks-MacBook-Pro.local","module":"ingest","msg":"progress records=28000 elapsed=111.4s"}
{"level":30,"time":1778986412411,"pid":75467,"hostname":"Dereks-MacBook-Pro.local","module":"ingest","msg":"flush batch=280 releases=100 entities=300"}
{"level":30,"time":1778986412841,"pid":75467,"hostname":"Dereks-MacBook-Pro.local","module":"ingest","msg":"flush batch=281 releases=100 entities=293"}
{"level":30,"time":1778986413022,"pid":75467,"hostname":"Dereks-MacBook-Pro.local","module":"ingest","msg":"flush batch=282 (final) releases=2 entities=6"}
{"level":30,"time":1778986413022,"pid":75467,"hostname":"Dereks-MacBook-Pro.local","module":"ingest","msg":"done records=28102 entities=77581 elapsed=112.4s"}
{"level":30,"time":1778986413201,"pid":75467,"hostname":"Dereks-MacBook-Pro.local","module":"cli","msg":"[ingest] 2025-8 → 28102 records ingested (run run-2026-05-17T02:51:36.731Z)"}
