{"level":30,"time":1778985274760,"pid":70492,"hostname":"Dereks-MacBook-Pro.local","module":"ingest","msg":"start year=2026 month=2 runId=run-2026-05-17T02:34:30.899Z"}
{"level":30,"time":1778985280621,"pid":70492,"hostname":"Dereks-MacBook-Pro.local","module":"ingest","msg":"download complete path=/var/folders/rj/x0yz6y3j2q70rlz0phst404c0000gn/T/gc-2026-2.zip bytes=33867652"}
{"level":30,"time":1778985281217,"pid":70492,"hostname":"Dereks-MacBook-Pro.local","module":"ingest","msg":"flush batch=1 releases=100 entities=268"}
{"level":30,"time":1778985281565,"pid":70492,"hostname":"Dereks-MacBook-Pro.local","module":"ingest","msg":"flush batch=2 releases=100 entities=237"}
{"level":30,"time":1778985281920,"pid":70492,"hostname":"Dereks-MacBook-Pro.local","module":"ingest","msg":"flush batch=3 releases=100 entities=241"}
{"level":30,"time":1778985282261,"pid":70492,"hostname":"Dereks-MacBook-Pro.local","module":"ingest","msg":"flush batch=4 releases=100 entities=236"}
{"level":30,"time":1778985282612,"pid":70492,"hostname":"Dereks-MacBook-Pro.local","module":"ingest","msg":"flush batch=5 releases=100 entities=243"}
{"level":30,"time":1778985282968,"pid":70492,"hostname":"Dereks-MacBook-Pro.local","module":"ingest","msg":"flush batch=6 releases=100 entities=251"}
{"level":30,"time":1778985283319,"pid":70492,"hostname":"Dereks-MacBook-Pro.local","module":"ingest","msg":"flush batch=7 releases=100 entities=224"}
{"level":30,"time":1778985283685,"pid":70492,"hostname":"Dereks-MacBook-Pro.local","module":"ingest","msg":"flush batch=8 releases=100 entities=232"}
{"level":30,"time":1778985284055,"pid":70492,"hostname":"Dereks-MacBook-Pro.local","module":"ingest","msg":"flush batch=9 releases=100 entities=236"}
{"level":30,"time":1778985284109,"pid":70492,"hostname":"Dereks-MacBook-Pro.local","module":"ingest","msg":"progress records=1000 elapsed=9.3s"}
{"level":30,"time":1778985284462,"pid":70492,"hostname":"Dereks-MacBook-Pro.local","module":"ingest","msg":"flush batch=10 releases=100 entities=248"}
{"level":30,"time":1778985284828,"pid":70492,"hostname":"Dereks-MacBook-Pro.local","module":"ingest","msg":"flush batch=11 releases=100 entities=202"}
{"level":30,"time":1778985285200,"pid":70492,"hostname":"Dereks-MacBook-Pro.local","module":"ingest","msg":"flush batch=12 releases=100 entities=219"}
{"level":30,"time":1778985285572,"pid":70492,"hostname":"Dereks-MacBook-Pro.local","module":"ingest","msg":"flush batch=13 releases=100 entities=231"}
{"level":30,"time":1778985285941,"pid":70492,"hostname":"Dereks-MacBook-Pro.local","module":"ingest","msg":"flush batch=14 releases=100 entities=250"}
{"level":30,"time":1778985286294,"pid":70492,"hostname":"Dereks-MacBook-Pro.local","module":"ingest","msg":"flush batch=15 releases=100 entities=245"}
{"level":30,"time":1778985286664,"pid":70492,"hostname":"Dereks-MacBook-Pro.local","module":"ingest","msg":"flush batch=16 releases=100 entities=229"}
{"level":30,"time":1778985287040,"pid":70492,"hostname":"Dereks-MacBook-Pro.local","module":"ingest","msg":"flush batch=17 releases=100 entities=227"}
{"level":30,"time":1778985287398,"pid":70492,"hostname":"Dereks-MacBook-Pro.local","module":"ingest","msg":"flush batch=18 releases=100 entities=232"}
{"level":30,"time":1778985287792,"pid":70492,"hostname":"Dereks-MacBook-Pro.local","module":"ingest","msg":"flush batch=19 releases=100 entities=254"}
{"level":30,"time":1778985287840,"pid":70492,"hostname":"Dereks-MacBook-Pro.local","module":"ingest","msg":"progress records=2000 elapsed=13.1s"}
{"level":30,"time":1778985288196,"pid":70492,"hostname":"Dereks-MacBook-Pro.local","module":"ingest","msg":"flush batch=20 releases=100 entities=221"}
{"level":30,"time":1778985288613,"pid":70492,"hostname":"Dereks-MacBook-Pro.local","module":"ingest","msg":"flush batch=21 releases=100 entities=247"}
{"level":30,"time":1778985289020,"pid":70492,"hostname":"Dereks-MacBook-Pro.local","module":"ingest","msg":"flush batch=22 releases=100 entities=243"}
{"level":30,"time":1778985289412,"pid":70492,"hostname":"Dereks-MacBook-Pro.local","module":"ingest","msg":"flush batch=23 releases=100 entities=253"}
{"level":30,"time":1778985289793,"pid":70492,"hostname":"Dereks-MacBook-Pro.local","module":"ingest","msg":"flush batch=24 releases=100 entities=240"}
{"level":30,"time":1778985290138,"pid":70492,"hostname":"Dereks-MacBook-Pro.local","module":"ingest","msg":"flush batch=25 releases=100 entities=227"}
{"level":30,"time":1778985290543,"pid":70492,"hostname":"Dereks-MacBook-Pro.local","module":"ingest","msg":"flush batch=26 releases=100 entities=252"}
{"level":30,"time":1778985290938,"pid":70492,"hostname":"Dereks-MacBook-Pro.local","module":"ingest","msg":"flush batch=27 releases=100 entities=250"}
{"level":30,"time":1778985291297,"pid":70492,"hostname":"Dereks-MacBook-Pro.local","module":"ingest","msg":"flush batch=28 releases=100 entities=243"}
{"level":30,"time":1778985291691,"pid":70492,"hostname":"Dereks-MacBook-Pro.local","module":"ingest","msg":"flush batch=29 releases=100 entities=255"}
{"level":30,"time":1778985291746,"pid":70492,"hostname":"Dereks-MacBook-Pro.local","module":"ingest","msg":"progress records=3000 elapsed=17.0s"}
{"level":30,"time":1778985292078,"pid":70492,"hostname":"Dereks-MacBook-Pro.local","module":"ingest","msg":"flush batch=30 releases=100 entities=243"}
{"level":30,"time":1778985292457,"pid":70492,"hostname":"Dereks-MacBook-Pro.local","module":"ingest","msg":"flush batch=31 releases=100 entities=260"}
{"level":30,"time":1778985292857,"pid":70492,"hostname":"Dereks-MacBook-Pro.local","module":"ingest","msg":"flush batch=32 releases=100 entities=258"}
{"level":30,"time":1778985293228,"pid":70492,"hostname":"Dereks-MacBook-Pro.local","module":"ingest","msg":"flush batch=33 releases=100 entities=253"}
{"level":30,"time":1778985293608,"pid":70492,"hostname":"Dereks-MacBook-Pro.local","module":"ingest","msg":"flush batch=34 releases=100 entities=261"}
{"level":30,"time":1778985293977,"pid":70492,"hostname":"Dereks-MacBook-Pro.local","module":"ingest","msg":"flush batch=35 releases=100 entities=260"}
{"level":30,"time":1778985294335,"pid":70492,"hostname":"Dereks-MacBook-Pro.local","module":"ingest","msg":"flush batch=36 releases=100 entities=259"}
{"level":30,"time":1778985294705,"pid":70492,"hostname":"Dereks-MacBook-Pro.local","module":"ingest","msg":"flush batch=37 releases=100 entities=249"}
{"level":30,"time":1778985295057,"pid":70492,"hostname":"Dereks-MacBook-Pro.local","module":"ingest","msg":"flush batch=38 releases=100 entities=251"}
{"level":30,"time":1778985295397,"pid":70492,"hostname":"Dereks-MacBook-Pro.local","module":"ingest","msg":"flush batch=39 releases=100 entities=232"}
{"level":30,"time":1778985295458,"pid":70492,"hostname":"Dereks-MacBook-Pro.local","module":"ingest","msg":"progress records=4000 elapsed=20.7s"}
{"level":30,"time":1778985295776,"pid":70492,"hostname":"Dereks-MacBook-Pro.local","module":"ingest","msg":"flush batch=40 releases=100 entities=258"}
{"level":30,"time":1778985296135,"pid":70492,"hostname":"Dereks-MacBook-Pro.local","module":"ingest","msg":"flush batch=41 releases=100 entities=245"}
{"level":30,"time":1778985296514,"pid":70492,"hostname":"Dereks-MacBook-Pro.local","module":"ingest","msg":"flush batch=42 releases=100 entities=265"}
{"level":30,"time":1778985296875,"pid":70492,"hostname":"Dereks-MacBook-Pro.local","module":"ingest","msg":"flush batch=43 releases=100 entities=242"}
{"level":30,"time":1778985297244,"pid":70492,"hostname":"Dereks-MacBook-Pro.local","module":"ingest","msg":"flush batch=44 releases=100 entities=227"}
{"level":30,"time":1778985297606,"pid":70492,"hostname":"Dereks-MacBook-Pro.local","module":"ingest","msg":"flush batch=45 releases=100 entities=244"}
{"level":30,"time":1778985297973,"pid":70492,"hostname":"Dereks-MacBook-Pro.local","module":"ingest","msg":"flush batch=46 releases=100 entities=249"}
{"level":30,"time":1778985298314,"pid":70492,"hostname":"Dereks-MacBook-Pro.local","module":"ingest","msg":"flush batch=47 releases=100 entities=239"}
{"level":30,"time":1778985298696,"pid":70492,"hostname":"Dereks-MacBook-Pro.local","module":"ingest","msg":"flush batch=48 releases=100 entities=235"}
{"level":30,"time":1778985299064,"pid":70492,"hostname":"Dereks-MacBook-Pro.local","module":"ingest","msg":"flush batch=49 releases=100 entities=236"}
{"level":30,"time":1778985299119,"pid":70492,"hostname":"Dereks-MacBook-Pro.local","module":"ingest","msg":"progress records=5000 elapsed=24.4s"}
{"level":30,"time":1778985299454,"pid":70492,"hostname":"Dereks-MacBook-Pro.local","module":"ingest","msg":"flush batch=50 releases=100 entities=248"}
{"level":30,"time":1778985299825,"pid":70492,"hostname":"Dereks-MacBook-Pro.local","module":"ingest","msg":"flush batch=51 releases=100 entities=243"}
{"level":30,"time":1778985300231,"pid":70492,"hostname":"Dereks-MacBook-Pro.local","module":"ingest","msg":"flush batch=52 releases=100 entities=233"}
{"level":30,"time":1778985300610,"pid":70492,"hostname":"Dereks-MacBook-Pro.local","module":"ingest","msg":"flush batch=53 releases=100 entities=258"}
{"level":30,"time":1778985300998,"pid":70492,"hostname":"Dereks-MacBook-Pro.local","module":"ingest","msg":"flush batch=54 releases=100 entities=261"}
{"level":30,"time":1778985301366,"pid":70492,"hostname":"Dereks-MacBook-Pro.local","module":"ingest","msg":"flush batch=55 releases=100 entities=244"}
{"level":30,"time":1778985301763,"pid":70492,"hostname":"Dereks-MacBook-Pro.local","module":"ingest","msg":"flush batch=56 releases=100 entities=260"}
{"level":30,"time":1778985302128,"pid":70492,"hostname":"Dereks-MacBook-Pro.local","module":"ingest","msg":"flush batch=57 releases=100 entities=236"}
{"level":30,"time":1778985302513,"pid":70492,"hostname":"Dereks-MacBook-Pro.local","module":"ingest","msg":"flush batch=58 releases=100 entities=262"}
{"level":30,"time":1778985302905,"pid":70492,"hostname":"Dereks-MacBook-Pro.local","module":"ingest","msg":"flush batch=59 releases=100 entities=253"}
{"level":30,"time":1778985302968,"pid":70492,"hostname":"Dereks-MacBook-Pro.local","module":"ingest","msg":"progress records=6000 elapsed=28.2s"}
{"level":30,"time":1778985303279,"pid":70492,"hostname":"Dereks-MacBook-Pro.local","module":"ingest","msg":"flush batch=60 releases=100 entities=255"}
{"level":30,"time":1778985303638,"pid":70492,"hostname":"Dereks-MacBook-Pro.local","module":"ingest","msg":"flush batch=61 releases=100 entities=265"}
{"level":30,"time":1778985304000,"pid":70492,"hostname":"Dereks-MacBook-Pro.local","module":"ingest","msg":"flush batch=62 releases=100 entities=263"}
{"level":30,"time":1778985304369,"pid":70492,"hostname":"Dereks-MacBook-Pro.local","module":"ingest","msg":"flush batch=63 releases=100 entities=274"}
{"level":30,"time":1778985304785,"pid":70492,"hostname":"Dereks-MacBook-Pro.local","module":"ingest","msg":"flush batch=64 releases=100 entities=262"}
{"level":30,"time":1778985305163,"pid":70492,"hostname":"Dereks-MacBook-Pro.local","module":"ingest","msg":"flush batch=65 releases=100 entities=271"}
{"level":30,"time":1778985305548,"pid":70492,"hostname":"Dereks-MacBook-Pro.local","module":"ingest","msg":"flush batch=66 releases=100 entities=257"}
{"level":30,"time":1778985305903,"pid":70492,"hostname":"Dereks-MacBook-Pro.local","module":"ingest","msg":"flush batch=67 releases=100 entities=243"}
{"level":30,"time":1778985306265,"pid":70492,"hostname":"Dereks-MacBook-Pro.local","module":"ingest","msg":"flush batch=68 releases=100 entities=263"}
{"level":30,"time":1778985306624,"pid":70492,"hostname":"Dereks-MacBook-Pro.local","module":"ingest","msg":"flush batch=69 releases=100 entities=258"}
{"level":30,"time":1778985306668,"pid":70492,"hostname":"Dereks-MacBook-Pro.local","module":"ingest","msg":"progress records=7000 elapsed=31.9s"}
{"level":30,"time":1778985307021,"pid":70492,"hostname":"Dereks-MacBook-Pro.local","module":"ingest","msg":"flush batch=70 releases=100 entities=262"}
{"level":30,"time":1778985307362,"pid":70492,"hostname":"Dereks-MacBook-Pro.local","module":"ingest","msg":"flush batch=71 releases=100 entities=250"}
{"level":30,"time":1778985307710,"pid":70492,"hostname":"Dereks-MacBook-Pro.local","module":"ingest","msg":"flush batch=72 releases=100 entities=275"}
{"level":30,"time":1778985308034,"pid":70492,"hostname":"Dereks-MacBook-Pro.local","module":"ingest","msg":"flush batch=73 releases=100 entities=238"}
{"level":30,"time":1778985308405,"pid":70492,"hostname":"Dereks-MacBook-Pro.local","module":"ingest","msg":"flush batch=74 releases=100 entities=259"}
{"level":30,"time":1778985308783,"pid":70492,"hostname":"Dereks-MacBook-Pro.local","module":"ingest","msg":"flush batch=75 releases=100 entities=267"}
{"level":30,"time":1778985309148,"pid":70492,"hostname":"Dereks-MacBook-Pro.local","module":"ingest","msg":"flush batch=76 releases=100 entities=266"}
{"level":30,"time":1778985309532,"pid":70492,"hostname":"Dereks-MacBook-Pro.local","module":"ingest","msg":"flush batch=77 releases=100 entities=269"}
{"level":30,"time":1778985309897,"pid":70492,"hostname":"Dereks-MacBook-Pro.local","module":"ingest","msg":"flush batch=78 releases=100 entities=261"}
{"level":30,"time":1778985310252,"pid":70492,"hostname":"Dereks-MacBook-Pro.local","module":"ingest","msg":"flush batch=79 releases=100 entities=250"}
{"level":30,"time":1778985310302,"pid":70492,"hostname":"Dereks-MacBook-Pro.local","module":"ingest","msg":"progress records=8000 elapsed=35.5s"}
{"level":30,"time":1778985310615,"pid":70492,"hostname":"Dereks-MacBook-Pro.local","module":"ingest","msg":"flush batch=80 releases=100 entities=248"}
{"level":30,"time":1778985310966,"pid":70492,"hostname":"Dereks-MacBook-Pro.local","module":"ingest","msg":"flush batch=81 releases=100 entities=234"}
{"level":30,"time":1778985311354,"pid":70492,"hostname":"Dereks-MacBook-Pro.local","module":"ingest","msg":"flush batch=82 releases=100 entities=247"}
{"level":30,"time":1778985311725,"pid":70492,"hostname":"Dereks-MacBook-Pro.local","module":"ingest","msg":"flush batch=83 releases=100 entities=262"}
{"level":30,"time":1778985312087,"pid":70492,"hostname":"Dereks-MacBook-Pro.local","module":"ingest","msg":"flush batch=84 releases=100 entities=249"}
{"level":30,"time":1778985312432,"pid":70492,"hostname":"Dereks-MacBook-Pro.local","module":"ingest","msg":"flush batch=85 releases=100 entities=246"}
{"level":30,"time":1778985312794,"pid":70492,"hostname":"Dereks-MacBook-Pro.local","module":"ingest","msg":"flush batch=86 releases=100 entities=263"}
{"level":30,"time":1778985313175,"pid":70492,"hostname":"Dereks-MacBook-Pro.local","module":"ingest","msg":"flush batch=87 releases=100 entities=252"}
{"level":30,"time":1778985313529,"pid":70492,"hostname":"Dereks-MacBook-Pro.local","module":"ingest","msg":"flush batch=88 releases=100 entities=268"}
{"level":30,"time":1778985313911,"pid":70492,"hostname":"Dereks-MacBook-Pro.local","module":"ingest","msg":"flush batch=89 releases=100 entities=257"}
{"level":30,"time":1778985313964,"pid":70492,"hostname":"Dereks-MacBook-Pro.local","module":"ingest","msg":"progress records=9000 elapsed=39.2s"}
{"level":30,"time":1778985314273,"pid":70492,"hostname":"Dereks-MacBook-Pro.local","module":"ingest","msg":"flush batch=90 releases=100 entities=266"}
{"level":30,"time":1778985314675,"pid":70492,"hostname":"Dereks-MacBook-Pro.local","module":"ingest","msg":"flush batch=91 releases=100 entities=261"}
{"level":30,"time":1778985315056,"pid":70492,"hostname":"Dereks-MacBook-Pro.local","module":"ingest","msg":"flush batch=92 releases=100 entities=274"}
{"level":30,"time":1778985315475,"pid":70492,"hostname":"Dereks-MacBook-Pro.local","module":"ingest","msg":"flush batch=93 releases=100 entities=263"}
{"level":30,"time":1778985315844,"pid":70492,"hostname":"Dereks-MacBook-Pro.local","module":"ingest","msg":"flush batch=94 releases=100 entities=275"}
{"level":30,"time":1778985316240,"pid":70492,"hostname":"Dereks-MacBook-Pro.local","module":"ingest","msg":"flush batch=95 releases=100 entities=264"}
{"level":30,"time":1778985316628,"pid":70492,"hostname":"Dereks-MacBook-Pro.local","module":"ingest","msg":"flush batch=96 releases=100 entities=262"}
{"level":30,"time":1778985317020,"pid":70492,"hostname":"Dereks-MacBook-Pro.local","module":"ingest","msg":"flush batch=97 releases=100 entities=266"}
{"level":30,"time":1778985317458,"pid":70492,"hostname":"Dereks-MacBook-Pro.local","module":"ingest","msg":"flush batch=98 releases=100 entities=261"}
{"level":30,"time":1778985317853,"pid":70492,"hostname":"Dereks-MacBook-Pro.local","module":"ingest","msg":"flush batch=99 releases=100 entities=264"}
{"level":30,"time":1778985317917,"pid":70492,"hostname":"Dereks-MacBook-Pro.local","module":"ingest","msg":"progress records=10000 elapsed=43.2s"}
{"level":30,"time":1778985318255,"pid":70492,"hostname":"Dereks-MacBook-Pro.local","module":"ingest","msg":"flush batch=100 releases=100 entities=258"}
{"level":30,"time":1778985318642,"pid":70492,"hostname":"Dereks-MacBook-Pro.local","module":"ingest","msg":"flush batch=101 releases=100 entities=279"}
{"level":30,"time":1778985319044,"pid":70492,"hostname":"Dereks-MacBook-Pro.local","module":"ingest","msg":"flush batch=102 releases=100 entities=273"}
{"level":30,"time":1778985319417,"pid":70492,"hostname":"Dereks-MacBook-Pro.local","module":"ingest","msg":"flush batch=103 releases=100 entities=250"}
{"level":30,"time":1778985319814,"pid":70492,"hostname":"Dereks-MacBook-Pro.local","module":"ingest","msg":"flush batch=104 releases=100 entities=280"}
{"level":30,"time":1778985320239,"pid":70492,"hostname":"Dereks-MacBook-Pro.local","module":"ingest","msg":"flush batch=105 releases=100 entities=272"}
{"level":30,"time":1778985320626,"pid":70492,"hostname":"Dereks-MacBook-Pro.local","module":"ingest","msg":"flush batch=106 releases=100 entities=278"}
{"level":30,"time":1778985321002,"pid":70492,"hostname":"Dereks-MacBook-Pro.local","module":"ingest","msg":"flush batch=107 releases=100 entities=279"}
{"level":30,"time":1778985321404,"pid":70492,"hostname":"Dereks-MacBook-Pro.local","module":"ingest","msg":"flush batch=108 releases=100 entities=265"}
{"level":30,"time":1778985321794,"pid":70492,"hostname":"Dereks-MacBook-Pro.local","module":"ingest","msg":"flush batch=109 releases=100 entities=258"}
{"level":30,"time":1778985321857,"pid":70492,"hostname":"Dereks-MacBook-Pro.local","module":"ingest","msg":"progress records=11000 elapsed=47.1s"}
{"level":30,"time":1778985322178,"pid":70492,"hostname":"Dereks-MacBook-Pro.local","module":"ingest","msg":"flush batch=110 releases=100 entities=275"}
{"level":30,"time":1778985322569,"pid":70492,"hostname":"Dereks-MacBook-Pro.local","module":"ingest","msg":"flush batch=111 releases=100 entities=275"}
{"level":30,"time":1778985322941,"pid":70492,"hostname":"Dereks-MacBook-Pro.local","module":"ingest","msg":"flush batch=112 releases=100 entities=275"}
{"level":30,"time":1778985323306,"pid":70492,"hostname":"Dereks-MacBook-Pro.local","module":"ingest","msg":"flush batch=113 releases=100 entities=284"}
{"level":30,"time":1778985323689,"pid":70492,"hostname":"Dereks-MacBook-Pro.local","module":"ingest","msg":"flush batch=114 releases=100 entities=284"}
{"level":30,"time":1778985324051,"pid":70492,"hostname":"Dereks-MacBook-Pro.local","module":"ingest","msg":"flush batch=115 releases=100 entities=285"}
{"level":30,"time":1778985324434,"pid":70492,"hostname":"Dereks-MacBook-Pro.local","module":"ingest","msg":"flush batch=116 releases=100 entities=280"}
{"level":30,"time":1778985324782,"pid":70492,"hostname":"Dereks-MacBook-Pro.local","module":"ingest","msg":"flush batch=117 releases=100 entities=266"}
{"level":30,"time":1778985325148,"pid":70492,"hostname":"Dereks-MacBook-Pro.local","module":"ingest","msg":"flush batch=118 releases=100 entities=275"}
{"level":30,"time":1778985325525,"pid":70492,"hostname":"Dereks-MacBook-Pro.local","module":"ingest","msg":"flush batch=119 releases=100 entities=287"}
{"level":30,"time":1778985325595,"pid":70492,"hostname":"Dereks-MacBook-Pro.local","module":"ingest","msg":"progress records=12000 elapsed=50.8s"}
{"level":30,"time":1778985325924,"pid":70492,"hostname":"Dereks-MacBook-Pro.local","module":"ingest","msg":"flush batch=120 releases=100 entities=275"}
{"level":30,"time":1778985326287,"pid":70492,"hostname":"Dereks-MacBook-Pro.local","module":"ingest","msg":"flush batch=121 releases=100 entities=277"}
{"level":30,"time":1778985326676,"pid":70492,"hostname":"Dereks-MacBook-Pro.local","module":"ingest","msg":"flush batch=122 releases=100 entities=277"}
{"level":30,"time":1778985327051,"pid":70492,"hostname":"Dereks-MacBook-Pro.local","module":"ingest","msg":"flush batch=123 releases=100 entities=283"}
{"level":30,"time":1778985327434,"pid":70492,"hostname":"Dereks-MacBook-Pro.local","module":"ingest","msg":"flush batch=124 releases=100 entities=273"}
{"level":30,"time":1778985327816,"pid":70492,"hostname":"Dereks-MacBook-Pro.local","module":"ingest","msg":"flush batch=125 releases=100 entities=279"}
{"level":30,"time":1778985328175,"pid":70492,"hostname":"Dereks-MacBook-Pro.local","module":"ingest","msg":"flush batch=126 releases=100 entities=268"}
{"level":30,"time":1778985328563,"pid":70492,"hostname":"Dereks-MacBook-Pro.local","module":"ingest","msg":"flush batch=127 releases=100 entities=282"}
{"level":30,"time":1778985328939,"pid":70492,"hostname":"Dereks-MacBook-Pro.local","module":"ingest","msg":"flush batch=128 releases=100 entities=281"}
{"level":30,"time":1778985329317,"pid":70492,"hostname":"Dereks-MacBook-Pro.local","module":"ingest","msg":"flush batch=129 releases=100 entities=292"}
{"level":30,"time":1778985329366,"pid":70492,"hostname":"Dereks-MacBook-Pro.local","module":"ingest","msg":"progress records=13000 elapsed=54.6s"}
{"level":30,"time":1778985329674,"pid":70492,"hostname":"Dereks-MacBook-Pro.local","module":"ingest","msg":"flush batch=130 releases=100 entities=282"}
{"level":30,"time":1778985330037,"pid":70492,"hostname":"Dereks-MacBook-Pro.local","module":"ingest","msg":"flush batch=131 releases=100 entities=289"}
{"level":30,"time":1778985330422,"pid":70492,"hostname":"Dereks-MacBook-Pro.local","module":"ingest","msg":"flush batch=132 releases=100 entities=285"}
{"level":30,"time":1778985330775,"pid":70492,"hostname":"Dereks-MacBook-Pro.local","module":"ingest","msg":"flush batch=133 releases=100 entities=287"}
{"level":30,"time":1778985331171,"pid":70492,"hostname":"Dereks-MacBook-Pro.local","module":"ingest","msg":"flush batch=134 releases=100 entities=298"}
{"level":30,"time":1778985331536,"pid":70492,"hostname":"Dereks-MacBook-Pro.local","module":"ingest","msg":"flush batch=135 releases=100 entities=286"}
{"level":30,"time":1778985331922,"pid":70492,"hostname":"Dereks-MacBook-Pro.local","module":"ingest","msg":"flush batch=136 releases=100 entities=282"}
{"level":30,"time":1778985332302,"pid":70492,"hostname":"Dereks-MacBook-Pro.local","module":"ingest","msg":"flush batch=137 releases=100 entities=286"}
{"level":30,"time":1778985332686,"pid":70492,"hostname":"Dereks-MacBook-Pro.local","module":"ingest","msg":"flush batch=138 releases=100 entities=287"}
{"level":30,"time":1778985333048,"pid":70492,"hostname":"Dereks-MacBook-Pro.local","module":"ingest","msg":"flush batch=139 releases=100 entities=274"}
{"level":30,"time":1778985333084,"pid":70492,"hostname":"Dereks-MacBook-Pro.local","module":"ingest","msg":"progress records=14000 elapsed=58.3s"}
{"level":30,"time":1778985333395,"pid":70492,"hostname":"Dereks-MacBook-Pro.local","module":"ingest","msg":"flush batch=140 releases=100 entities=288"}
{"level":30,"time":1778985333761,"pid":70492,"hostname":"Dereks-MacBook-Pro.local","module":"ingest","msg":"flush batch=141 releases=100 entities=280"}
{"level":30,"time":1778985334120,"pid":70492,"hostname":"Dereks-MacBook-Pro.local","module":"ingest","msg":"flush batch=142 releases=100 entities=269"}
{"level":30,"time":1778985334481,"pid":70492,"hostname":"Dereks-MacBook-Pro.local","module":"ingest","msg":"flush batch=143 releases=100 entities=287"}
{"level":30,"time":1778985334856,"pid":70492,"hostname":"Dereks-MacBook-Pro.local","module":"ingest","msg":"flush batch=144 releases=100 entities=296"}
{"level":30,"time":1778985335233,"pid":70492,"hostname":"Dereks-MacBook-Pro.local","module":"ingest","msg":"flush batch=145 releases=100 entities=289"}
{"level":30,"time":1778985335610,"pid":70492,"hostname":"Dereks-MacBook-Pro.local","module":"ingest","msg":"flush batch=146 releases=100 entities=289"}
{"level":30,"time":1778985336019,"pid":70492,"hostname":"Dereks-MacBook-Pro.local","module":"ingest","msg":"flush batch=147 releases=100 entities=294"}
{"level":30,"time":1778985336399,"pid":70492,"hostname":"Dereks-MacBook-Pro.local","module":"ingest","msg":"flush batch=148 releases=100 entities=291"}
{"level":30,"time":1778985336764,"pid":70492,"hostname":"Dereks-MacBook-Pro.local","module":"ingest","msg":"flush batch=149 releases=100 entities=290"}
{"level":30,"time":1778985336830,"pid":70492,"hostname":"Dereks-MacBook-Pro.local","module":"ingest","msg":"progress records=15000 elapsed=62.1s"}
{"level":30,"time":1778985337146,"pid":70492,"hostname":"Dereks-MacBook-Pro.local","module":"ingest","msg":"flush batch=150 releases=100 entities=295"}
{"level":30,"time":1778985337545,"pid":70492,"hostname":"Dereks-MacBook-Pro.local","module":"ingest","msg":"flush batch=151 releases=100 entities=292"}
{"level":30,"time":1778985337932,"pid":70492,"hostname":"Dereks-MacBook-Pro.local","module":"ingest","msg":"flush batch=152 releases=100 entities=287"}
{"level":30,"time":1778985338300,"pid":70492,"hostname":"Dereks-MacBook-Pro.local","module":"ingest","msg":"flush batch=153 releases=100 entities=295"}
{"level":30,"time":1778985338684,"pid":70492,"hostname":"Dereks-MacBook-Pro.local","module":"ingest","msg":"flush batch=154 releases=100 entities=293"}
{"level":30,"time":1778985339062,"pid":70492,"hostname":"Dereks-MacBook-Pro.local","module":"ingest","msg":"flush batch=155 releases=100 entities=289"}
{"level":30,"time":1778985339458,"pid":70492,"hostname":"Dereks-MacBook-Pro.local","module":"ingest","msg":"flush batch=156 releases=100 entities=293"}
{"level":30,"time":1778985339812,"pid":70492,"hostname":"Dereks-MacBook-Pro.local","module":"ingest","msg":"flush batch=157 releases=100 entities=282"}
{"level":30,"time":1778985340174,"pid":70492,"hostname":"Dereks-MacBook-Pro.local","module":"ingest","msg":"flush batch=158 releases=100 entities=295"}
{"level":30,"time":1778985340553,"pid":70492,"hostname":"Dereks-MacBook-Pro.local","module":"ingest","msg":"flush batch=159 releases=100 entities=285"}
{"level":30,"time":1778985340617,"pid":70492,"hostname":"Dereks-MacBook-Pro.local","module":"ingest","msg":"progress records=16000 elapsed=65.9s"}
{"level":30,"time":1778985340928,"pid":70492,"hostname":"Dereks-MacBook-Pro.local","module":"ingest","msg":"flush batch=160 releases=100 entities=289"}
{"level":30,"time":1778985341316,"pid":70492,"hostname":"Dereks-MacBook-Pro.local","module":"ingest","msg":"flush batch=161 releases=100 entities=292"}
{"level":30,"time":1778985341705,"pid":70492,"hostname":"Dereks-MacBook-Pro.local","module":"ingest","msg":"flush batch=162 releases=100 entities=296"}
{"level":30,"time":1778985342075,"pid":70492,"hostname":"Dereks-MacBook-Pro.local","module":"ingest","msg":"flush batch=163 releases=100 entities=302"}
{"level":30,"time":1778985342444,"pid":70492,"hostname":"Dereks-MacBook-Pro.local","module":"ingest","msg":"flush batch=164 releases=100 entities=301"}
{"level":30,"time":1778985342816,"pid":70492,"hostname":"Dereks-MacBook-Pro.local","module":"ingest","msg":"flush batch=165 releases=100 entities=295"}
{"level":30,"time":1778985343182,"pid":70492,"hostname":"Dereks-MacBook-Pro.local","module":"ingest","msg":"flush batch=166 releases=100 entities=290"}
{"level":30,"time":1778985343535,"pid":70492,"hostname":"Dereks-MacBook-Pro.local","module":"ingest","msg":"flush batch=167 releases=100 entities=291"}
{"level":30,"time":1778985343907,"pid":70492,"hostname":"Dereks-MacBook-Pro.local","module":"ingest","msg":"flush batch=168 releases=100 entities=296"}
{"level":30,"time":1778985344267,"pid":70492,"hostname":"Dereks-MacBook-Pro.local","module":"ingest","msg":"flush batch=169 releases=100 entities=294"}
{"level":30,"time":1778985344334,"pid":70492,"hostname":"Dereks-MacBook-Pro.local","module":"ingest","msg":"progress records=17000 elapsed=69.6s"}
{"level":30,"time":1778985344667,"pid":70492,"hostname":"Dereks-MacBook-Pro.local","module":"ingest","msg":"flush batch=170 releases=100 entities=294"}
{"level":30,"time":1778985345047,"pid":70492,"hostname":"Dereks-MacBook-Pro.local","module":"ingest","msg":"flush batch=171 releases=100 entities=297"}
{"level":30,"time":1778985345432,"pid":70492,"hostname":"Dereks-MacBook-Pro.local","module":"ingest","msg":"flush batch=172 releases=100 entities=301"}
{"level":30,"time":1778985345804,"pid":70492,"hostname":"Dereks-MacBook-Pro.local","module":"ingest","msg":"flush batch=173 releases=100 entities=301"}
{"level":30,"time":1778985346189,"pid":70492,"hostname":"Dereks-MacBook-Pro.local","module":"ingest","msg":"flush batch=174 releases=100 entities=296"}
{"level":30,"time":1778985346547,"pid":70492,"hostname":"Dereks-MacBook-Pro.local","module":"ingest","msg":"flush batch=175 releases=100 entities=298"}
{"level":30,"time":1778985346909,"pid":70492,"hostname":"Dereks-MacBook-Pro.local","module":"ingest","msg":"flush batch=176 releases=100 entities=271"}
{"level":30,"time":1778985347285,"pid":70492,"hostname":"Dereks-MacBook-Pro.local","module":"ingest","msg":"flush batch=177 releases=100 entities=277"}
{"level":30,"time":1778985347666,"pid":70492,"hostname":"Dereks-MacBook-Pro.local","module":"ingest","msg":"flush batch=178 releases=100 entities=295"}
{"level":30,"time":1778985348049,"pid":70492,"hostname":"Dereks-MacBook-Pro.local","module":"ingest","msg":"flush batch=179 releases=100 entities=289"}
{"level":30,"time":1778985348119,"pid":70492,"hostname":"Dereks-MacBook-Pro.local","module":"ingest","msg":"progress records=18000 elapsed=73.4s"}
{"level":30,"time":1778985348480,"pid":70492,"hostname":"Dereks-MacBook-Pro.local","module":"ingest","msg":"flush batch=180 releases=100 entities=307"}
{"level":30,"time":1778985348885,"pid":70492,"hostname":"Dereks-MacBook-Pro.local","module":"ingest","msg":"flush batch=181 releases=100 entities=287"}
{"level":30,"time":1778985349306,"pid":70492,"hostname":"Dereks-MacBook-Pro.local","module":"ingest","msg":"flush batch=182 releases=100 entities=293"}
{"level":30,"time":1778985349751,"pid":70492,"hostname":"Dereks-MacBook-Pro.local","module":"ingest","msg":"flush batch=183 releases=100 entities=286"}
{"level":30,"time":1778985350153,"pid":70492,"hostname":"Dereks-MacBook-Pro.local","module":"ingest","msg":"flush batch=184 releases=100 entities=285"}
{"level":30,"time":1778985350574,"pid":70492,"hostname":"Dereks-MacBook-Pro.local","module":"ingest","msg":"flush batch=185 releases=100 entities=281"}
{"level":30,"time":1778985351017,"pid":70492,"hostname":"Dereks-MacBook-Pro.local","module":"ingest","msg":"flush batch=186 releases=100 entities=295"}
{"level":30,"time":1778985351501,"pid":70492,"hostname":"Dereks-MacBook-Pro.local","module":"ingest","msg":"flush batch=187 releases=100 entities=290"}
{"level":30,"time":1778985351892,"pid":70492,"hostname":"Dereks-MacBook-Pro.local","module":"ingest","msg":"flush batch=188 releases=100 entities=293"}
{"level":30,"time":1778985352266,"pid":70492,"hostname":"Dereks-MacBook-Pro.local","module":"ingest","msg":"flush batch=189 releases=100 entities=297"}
{"level":30,"time":1778985352332,"pid":70492,"hostname":"Dereks-MacBook-Pro.local","module":"ingest","msg":"progress records=19000 elapsed=77.6s"}
{"level":30,"time":1778985352669,"pid":70492,"hostname":"Dereks-MacBook-Pro.local","module":"ingest","msg":"flush batch=190 releases=100 entities=296"}
{"level":30,"time":1778985353050,"pid":70492,"hostname":"Dereks-MacBook-Pro.local","module":"ingest","msg":"flush batch=191 releases=100 entities=294"}
{"level":30,"time":1778985353433,"pid":70492,"hostname":"Dereks-MacBook-Pro.local","module":"ingest","msg":"flush batch=192 releases=100 entities=276"}
{"level":30,"time":1778985353813,"pid":70492,"hostname":"Dereks-MacBook-Pro.local","module":"ingest","msg":"flush batch=193 releases=100 entities=296"}
{"level":30,"time":1778985354198,"pid":70492,"hostname":"Dereks-MacBook-Pro.local","module":"ingest","msg":"flush batch=194 releases=100 entities=281"}
{"level":30,"time":1778985354572,"pid":70492,"hostname":"Dereks-MacBook-Pro.local","module":"ingest","msg":"flush batch=195 releases=100 entities=292"}
{"level":30,"time":1778985355002,"pid":70492,"hostname":"Dereks-MacBook-Pro.local","module":"ingest","msg":"flush batch=196 releases=100 entities=299"}
{"level":30,"time":1778985355449,"pid":70492,"hostname":"Dereks-MacBook-Pro.local","module":"ingest","msg":"flush batch=197 releases=100 entities=308"}
{"level":30,"time":1778985355836,"pid":70492,"hostname":"Dereks-MacBook-Pro.local","module":"ingest","msg":"flush batch=198 releases=100 entities=300"}
{"level":30,"time":1778985356214,"pid":70492,"hostname":"Dereks-MacBook-Pro.local","module":"ingest","msg":"flush batch=199 releases=100 entities=302"}
{"level":30,"time":1778985356285,"pid":70492,"hostname":"Dereks-MacBook-Pro.local","module":"ingest","msg":"progress records=20000 elapsed=81.5s"}
{"level":30,"time":1778985356621,"pid":70492,"hostname":"Dereks-MacBook-Pro.local","module":"ingest","msg":"flush batch=200 releases=100 entities=309"}
{"level":30,"time":1778985357054,"pid":70492,"hostname":"Dereks-MacBook-Pro.local","module":"ingest","msg":"flush batch=201 releases=100 entities=296"}
{"level":30,"time":1778985357434,"pid":70492,"hostname":"Dereks-MacBook-Pro.local","module":"ingest","msg":"flush batch=202 releases=100 entities=305"}
{"level":30,"time":1778985357825,"pid":70492,"hostname":"Dereks-MacBook-Pro.local","module":"ingest","msg":"flush batch=203 releases=100 entities=305"}
{"level":30,"time":1778985358216,"pid":70492,"hostname":"Dereks-MacBook-Pro.local","module":"ingest","msg":"flush batch=204 releases=100 entities=303"}
{"level":30,"time":1778985358603,"pid":70492,"hostname":"Dereks-MacBook-Pro.local","module":"ingest","msg":"flush batch=205 releases=100 entities=293"}
{"level":30,"time":1778985358977,"pid":70492,"hostname":"Dereks-MacBook-Pro.local","module":"ingest","msg":"flush batch=206 releases=100 entities=303"}
{"level":30,"time":1778985359390,"pid":70492,"hostname":"Dereks-MacBook-Pro.local","module":"ingest","msg":"flush batch=207 releases=100 entities=306"}
{"level":30,"time":1778985359787,"pid":70492,"hostname":"Dereks-MacBook-Pro.local","module":"ingest","msg":"flush batch=208 releases=100 entities=314"}
{"level":30,"time":1778985360166,"pid":70492,"hostname":"Dereks-MacBook-Pro.local","module":"ingest","msg":"flush batch=209 releases=100 entities=294"}
{"level":30,"time":1778985360235,"pid":70492,"hostname":"Dereks-MacBook-Pro.local","module":"ingest","msg":"progress records=21000 elapsed=85.5s"}
{"level":30,"time":1778985360570,"pid":70492,"hostname":"Dereks-MacBook-Pro.local","module":"ingest","msg":"flush batch=210 releases=100 entities=296"}
{"level":30,"time":1778985360956,"pid":70492,"hostname":"Dereks-MacBook-Pro.local","module":"ingest","msg":"flush batch=211 releases=100 entities=297"}
{"level":30,"time":1778985361355,"pid":70492,"hostname":"Dereks-MacBook-Pro.local","module":"ingest","msg":"flush batch=212 releases=100 entities=289"}
{"level":30,"time":1778985361741,"pid":70492,"hostname":"Dereks-MacBook-Pro.local","module":"ingest","msg":"flush batch=213 releases=100 entities=293"}
{"level":30,"time":1778985362121,"pid":70492,"hostname":"Dereks-MacBook-Pro.local","module":"ingest","msg":"flush batch=214 releases=100 entities=291"}
{"level":30,"time":1778985362496,"pid":70492,"hostname":"Dereks-MacBook-Pro.local","module":"ingest","msg":"flush batch=215 releases=100 entities=291"}
{"level":30,"time":1778985362884,"pid":70492,"hostname":"Dereks-MacBook-Pro.local","module":"ingest","msg":"flush batch=216 releases=100 entities=304"}
{"level":30,"time":1778985363272,"pid":70492,"hostname":"Dereks-MacBook-Pro.local","module":"ingest","msg":"flush batch=217 releases=100 entities=295"}
{"level":30,"time":1778985363677,"pid":70492,"hostname":"Dereks-MacBook-Pro.local","module":"ingest","msg":"flush batch=218 releases=100 entities=305"}
{"level":30,"time":1778985364047,"pid":70492,"hostname":"Dereks-MacBook-Pro.local","module":"ingest","msg":"flush batch=219 releases=100 entities=302"}
{"level":30,"time":1778985364115,"pid":70492,"hostname":"Dereks-MacBook-Pro.local","module":"ingest","msg":"progress records=22000 elapsed=89.4s"}
{"level":30,"time":1778985364469,"pid":70492,"hostname":"Dereks-MacBook-Pro.local","module":"ingest","msg":"flush batch=220 releases=100 entities=307"}
{"level":30,"time":1778985364838,"pid":70492,"hostname":"Dereks-MacBook-Pro.local","module":"ingest","msg":"flush batch=221 releases=100 entities=304"}
{"level":30,"time":1778985365217,"pid":70492,"hostname":"Dereks-MacBook-Pro.local","module":"ingest","msg":"flush batch=222 releases=100 entities=290"}
{"level":30,"time":1778985365622,"pid":70492,"hostname":"Dereks-MacBook-Pro.local","module":"ingest","msg":"flush batch=223 releases=100 entities=289"}
{"level":30,"time":1778985366013,"pid":70492,"hostname":"Dereks-MacBook-Pro.local","module":"ingest","msg":"flush batch=224 releases=100 entities=298"}
{"level":30,"time":1778985366381,"pid":70492,"hostname":"Dereks-MacBook-Pro.local","module":"ingest","msg":"flush batch=225 releases=100 entities=288"}
{"level":30,"time":1778985366775,"pid":70492,"hostname":"Dereks-MacBook-Pro.local","module":"ingest","msg":"flush batch=226 releases=100 entities=291"}
{"level":30,"time":1778985367187,"pid":70492,"hostname":"Dereks-MacBook-Pro.local","module":"ingest","msg":"flush batch=227 releases=100 entities=297"}
{"level":30,"time":1778985367626,"pid":70492,"hostname":"Dereks-MacBook-Pro.local","module":"ingest","msg":"flush batch=228 releases=100 entities=296"}
{"level":30,"time":1778985368056,"pid":70492,"hostname":"Dereks-MacBook-Pro.local","module":"ingest","msg":"flush batch=229 releases=100 entities=282"}
{"level":30,"time":1778985368124,"pid":70492,"hostname":"Dereks-MacBook-Pro.local","module":"ingest","msg":"progress records=23000 elapsed=93.4s"}
{"level":30,"time":1778985368453,"pid":70492,"hostname":"Dereks-MacBook-Pro.local","module":"ingest","msg":"flush batch=230 releases=100 entities=292"}
{"level":30,"time":1778985368832,"pid":70492,"hostname":"Dereks-MacBook-Pro.local","module":"ingest","msg":"flush batch=231 releases=100 entities=286"}
{"level":30,"time":1778985369211,"pid":70492,"hostname":"Dereks-MacBook-Pro.local","module":"ingest","msg":"flush batch=232 releases=100 entities=301"}
{"level":30,"time":1778985369594,"pid":70492,"hostname":"Dereks-MacBook-Pro.local","module":"ingest","msg":"flush batch=233 releases=100 entities=302"}
{"level":30,"time":1778985369997,"pid":70492,"hostname":"Dereks-MacBook-Pro.local","module":"ingest","msg":"flush batch=234 releases=100 entities=306"}
{"level":30,"time":1778985370378,"pid":70492,"hostname":"Dereks-MacBook-Pro.local","module":"ingest","msg":"flush batch=235 releases=100 entities=303"}
{"level":30,"time":1778985370763,"pid":70492,"hostname":"Dereks-MacBook-Pro.local","module":"ingest","msg":"flush batch=236 releases=100 entities=302"}
{"level":30,"time":1778985371146,"pid":70492,"hostname":"Dereks-MacBook-Pro.local","module":"ingest","msg":"flush batch=237 releases=100 entities=294"}
{"level":30,"time":1778985371533,"pid":70492,"hostname":"Dereks-MacBook-Pro.local","module":"ingest","msg":"flush batch=238 releases=100 entities=297"}
{"level":30,"time":1778985371909,"pid":70492,"hostname":"Dereks-MacBook-Pro.local","module":"ingest","msg":"flush batch=239 releases=100 entities=298"}
{"level":30,"time":1778985371981,"pid":70492,"hostname":"Dereks-MacBook-Pro.local","module":"ingest","msg":"progress records=24000 elapsed=97.2s"}
{"level":30,"time":1778985372297,"pid":70492,"hostname":"Dereks-MacBook-Pro.local","module":"ingest","msg":"flush batch=240 releases=100 entities=298"}
{"level":30,"time":1778985372681,"pid":70492,"hostname":"Dereks-MacBook-Pro.local","module":"ingest","msg":"flush batch=241 releases=100 entities=301"}
{"level":30,"time":1778985373075,"pid":70492,"hostname":"Dereks-MacBook-Pro.local","module":"ingest","msg":"flush batch=242 releases=100 entities=296"}
{"level":30,"time":1778985373441,"pid":70492,"hostname":"Dereks-MacBook-Pro.local","module":"ingest","msg":"flush batch=243 releases=100 entities=290"}
{"level":30,"time":1778985373824,"pid":70492,"hostname":"Dereks-MacBook-Pro.local","module":"ingest","msg":"flush batch=244 releases=100 entities=296"}
{"level":30,"time":1778985374192,"pid":70492,"hostname":"Dereks-MacBook-Pro.local","module":"ingest","msg":"flush batch=245 releases=100 entities=296"}
{"level":30,"time":1778985374582,"pid":70492,"hostname":"Dereks-MacBook-Pro.local","module":"ingest","msg":"flush batch=246 releases=100 entities=296"}
{"level":30,"time":1778985374956,"pid":70492,"hostname":"Dereks-MacBook-Pro.local","module":"ingest","msg":"flush batch=247 releases=100 entities=300"}
{"level":30,"time":1778985375325,"pid":70492,"hostname":"Dereks-MacBook-Pro.local","module":"ingest","msg":"flush batch=248 releases=100 entities=299"}
{"level":30,"time":1778985375719,"pid":70492,"hostname":"Dereks-MacBook-Pro.local","module":"ingest","msg":"flush batch=249 releases=100 entities=301"}
{"level":30,"time":1778985375782,"pid":70492,"hostname":"Dereks-MacBook-Pro.local","module":"ingest","msg":"progress records=25000 elapsed=101.0s"}
{"level":30,"time":1778985376096,"pid":70492,"hostname":"Dereks-MacBook-Pro.local","module":"ingest","msg":"flush batch=250 releases=100 entities=308"}
{"level":30,"time":1778985376529,"pid":70492,"hostname":"Dereks-MacBook-Pro.local","module":"ingest","msg":"flush batch=251 releases=100 entities=299"}
{"level":30,"time":1778985376931,"pid":70492,"hostname":"Dereks-MacBook-Pro.local","module":"ingest","msg":"flush batch=252 releases=100 entities=306"}
{"level":30,"time":1778985377347,"pid":70492,"hostname":"Dereks-MacBook-Pro.local","module":"ingest","msg":"flush batch=253 releases=100 entities=308"}
{"level":30,"time":1778985377733,"pid":70492,"hostname":"Dereks-MacBook-Pro.local","module":"ingest","msg":"flush batch=254 releases=100 entities=291"}
{"level":30,"time":1778985378146,"pid":70492,"hostname":"Dereks-MacBook-Pro.local","module":"ingest","msg":"flush batch=255 releases=100 entities=295"}
{"level":30,"time":1778985378565,"pid":70492,"hostname":"Dereks-MacBook-Pro.local","module":"ingest","msg":"flush batch=256 releases=100 entities=310"}
{"level":30,"time":1778985378966,"pid":70492,"hostname":"Dereks-MacBook-Pro.local","module":"ingest","msg":"flush batch=257 releases=100 entities=309"}
{"level":30,"time":1778985379369,"pid":70492,"hostname":"Dereks-MacBook-Pro.local","module":"ingest","msg":"flush batch=258 releases=100 entities=313"}
{"level":30,"time":1778985379818,"pid":70492,"hostname":"Dereks-MacBook-Pro.local","module":"ingest","msg":"flush batch=259 releases=100 entities=303"}
{"level":30,"time":1778985379881,"pid":70492,"hostname":"Dereks-MacBook-Pro.local","module":"ingest","msg":"progress records=26000 elapsed=105.1s"}
{"level":30,"time":1778985380236,"pid":70492,"hostname":"Dereks-MacBook-Pro.local","module":"ingest","msg":"flush batch=260 releases=100 entities=301"}
{"level":30,"time":1778985380678,"pid":70492,"hostname":"Dereks-MacBook-Pro.local","module":"ingest","msg":"flush batch=261 releases=100 entities=306"}
{"level":30,"time":1778985381111,"pid":70492,"hostname":"Dereks-MacBook-Pro.local","module":"ingest","msg":"flush batch=262 releases=100 entities=304"}
{"level":30,"time":1778985381506,"pid":70492,"hostname":"Dereks-MacBook-Pro.local","module":"ingest","msg":"flush batch=263 releases=100 entities=298"}
{"level":30,"time":1778985381872,"pid":70492,"hostname":"Dereks-MacBook-Pro.local","module":"ingest","msg":"flush batch=264 releases=100 entities=300"}
{"level":30,"time":1778985382271,"pid":70492,"hostname":"Dereks-MacBook-Pro.local","module":"ingest","msg":"flush batch=265 releases=100 entities=301"}
{"level":30,"time":1778985382631,"pid":70492,"hostname":"Dereks-MacBook-Pro.local","module":"ingest","msg":"flush batch=266 releases=100 entities=302"}
{"level":30,"time":1778985383021,"pid":70492,"hostname":"Dereks-MacBook-Pro.local","module":"ingest","msg":"flush batch=267 releases=100 entities=308"}
{"level":30,"time":1778985383431,"pid":70492,"hostname":"Dereks-MacBook-Pro.local","module":"ingest","msg":"flush batch=268 releases=100 entities=314"}
{"level":30,"time":1778985383822,"pid":70492,"hostname":"Dereks-MacBook-Pro.local","module":"ingest","msg":"flush batch=269 releases=100 entities=307"}
{"level":30,"time":1778985383874,"pid":70492,"hostname":"Dereks-MacBook-Pro.local","module":"ingest","msg":"progress records=27000 elapsed=109.1s"}
{"level":30,"time":1778985384209,"pid":70492,"hostname":"Dereks-MacBook-Pro.local","module":"ingest","msg":"flush batch=270 releases=100 entities=314"}
{"level":30,"time":1778985384585,"pid":70492,"hostname":"Dereks-MacBook-Pro.local","module":"ingest","msg":"flush batch=271 releases=100 entities=299"}
{"level":30,"time":1778985384970,"pid":70492,"hostname":"Dereks-MacBook-Pro.local","module":"ingest","msg":"flush batch=272 releases=100 entities=300"}
{"level":30,"time":1778985385352,"pid":70492,"hostname":"Dereks-MacBook-Pro.local","module":"ingest","msg":"flush batch=273 releases=100 entities=300"}
{"level":30,"time":1778985385725,"pid":70492,"hostname":"Dereks-MacBook-Pro.local","module":"ingest","msg":"flush batch=274 releases=100 entities=292"}
{"level":30,"time":1778985386123,"pid":70492,"hostname":"Dereks-MacBook-Pro.local","module":"ingest","msg":"flush batch=275 releases=100 entities=310"}
{"level":30,"time":1778985386518,"pid":70492,"hostname":"Dereks-MacBook-Pro.local","module":"ingest","msg":"flush batch=276 releases=100 entities=301"}
{"level":30,"time":1778985386898,"pid":70492,"hostname":"Dereks-MacBook-Pro.local","module":"ingest","msg":"flush batch=277 releases=100 entities=296"}
{"level":30,"time":1778985387320,"pid":70492,"hostname":"Dereks-MacBook-Pro.local","module":"ingest","msg":"flush batch=278 releases=100 entities=293"}
{"level":30,"time":1778985387686,"pid":70492,"hostname":"Dereks-MacBook-Pro.local","module":"ingest","msg":"flush batch=279 releases=100 entities=294"}
{"level":30,"time":1778985387757,"pid":70492,"hostname":"Dereks-MacBook-Pro.local","module":"ingest","msg":"progress records=28000 elapsed=113.0s"}
{"level":30,"time":1778985388084,"pid":70492,"hostname":"Dereks-MacBook-Pro.local","module":"ingest","msg":"flush batch=280 releases=100 entities=300"}
{"level":30,"time":1778985388475,"pid":70492,"hostname":"Dereks-MacBook-Pro.local","module":"ingest","msg":"flush batch=281 releases=100 entities=290"}
{"level":30,"time":1778985388895,"pid":70492,"hostname":"Dereks-MacBook-Pro.local","module":"ingest","msg":"flush batch=282 releases=100 entities=294"}
{"level":30,"time":1778985389262,"pid":70492,"hostname":"Dereks-MacBook-Pro.local","module":"ingest","msg":"flush batch=283 releases=100 entities=317"}
{"level":30,"time":1778985389659,"pid":70492,"hostname":"Dereks-MacBook-Pro.local","module":"ingest","msg":"flush batch=284 releases=100 entities=312"}
{"level":30,"time":1778985390076,"pid":70492,"hostname":"Dereks-MacBook-Pro.local","module":"ingest","msg":"flush batch=285 releases=100 entities=308"}
{"level":30,"time":1778985390454,"pid":70492,"hostname":"Dereks-MacBook-Pro.local","module":"ingest","msg":"flush batch=286 releases=100 entities=294"}
{"level":30,"time":1778985390851,"pid":70492,"hostname":"Dereks-MacBook-Pro.local","module":"ingest","msg":"flush batch=287 releases=100 entities=300"}
{"level":30,"time":1778985391226,"pid":70492,"hostname":"Dereks-MacBook-Pro.local","module":"ingest","msg":"flush batch=288 releases=100 entities=295"}
{"level":30,"time":1778985391610,"pid":70492,"hostname":"Dereks-MacBook-Pro.local","module":"ingest","msg":"flush batch=289 releases=100 entities=299"}
{"level":30,"time":1778985391675,"pid":70492,"hostname":"Dereks-MacBook-Pro.local","module":"ingest","msg":"progress records=29000 elapsed=116.9s"}
{"level":30,"time":1778985391997,"pid":70492,"hostname":"Dereks-MacBook-Pro.local","module":"ingest","msg":"flush batch=290 releases=100 entities=289"}
{"level":30,"time":1778985392389,"pid":70492,"hostname":"Dereks-MacBook-Pro.local","module":"ingest","msg":"flush batch=291 releases=100 entities=304"}
{"level":30,"time":1778985392809,"pid":70492,"hostname":"Dereks-MacBook-Pro.local","module":"ingest","msg":"flush batch=292 releases=100 entities=301"}
{"level":30,"time":1778985393204,"pid":70492,"hostname":"Dereks-MacBook-Pro.local","module":"ingest","msg":"flush batch=293 releases=100 entities=305"}
{"level":30,"time":1778985393570,"pid":70492,"hostname":"Dereks-MacBook-Pro.local","module":"ingest","msg":"flush batch=294 releases=100 entities=302"}
{"level":30,"time":1778985393975,"pid":70492,"hostname":"Dereks-MacBook-Pro.local","module":"ingest","msg":"flush batch=295 releases=100 entities=325"}
{"level":30,"time":1778985394382,"pid":70492,"hostname":"Dereks-MacBook-Pro.local","module":"ingest","msg":"flush batch=296 releases=100 entities=341"}
{"level":30,"time":1778985394811,"pid":70492,"hostname":"Dereks-MacBook-Pro.local","module":"ingest","msg":"flush batch=297 releases=100 entities=333"}
{"level":30,"time":1778985395201,"pid":70492,"hostname":"Dereks-MacBook-Pro.local","module":"ingest","msg":"flush batch=298 releases=100 entities=296"}
{"level":30,"time":1778985395604,"pid":70492,"hostname":"Dereks-MacBook-Pro.local","module":"ingest","msg":"flush batch=299 releases=100 entities=303"}
{"level":30,"time":1778985395667,"pid":70492,"hostname":"Dereks-MacBook-Pro.local","module":"ingest","msg":"progress records=30000 elapsed=120.9s"}
{"level":30,"time":1778985395981,"pid":70492,"hostname":"Dereks-MacBook-Pro.local","module":"ingest","msg":"flush batch=300 releases=100 entities=293"}
{"level":30,"time":1778985396362,"pid":70492,"hostname":"Dereks-MacBook-Pro.local","module":"ingest","msg":"flush batch=301 releases=100 entities=297"}
{"level":30,"time":1778985396760,"pid":70492,"hostname":"Dereks-MacBook-Pro.local","module":"ingest","msg":"flush batch=302 releases=100 entities=312"}
{"level":30,"time":1778985397150,"pid":70492,"hostname":"Dereks-MacBook-Pro.local","module":"ingest","msg":"flush batch=303 releases=100 entities=302"}
{"level":30,"time":1778985397532,"pid":70492,"hostname":"Dereks-MacBook-Pro.local","module":"ingest","msg":"flush batch=304 releases=100 entities=310"}
{"level":30,"time":1778985397935,"pid":70492,"hostname":"Dereks-MacBook-Pro.local","module":"ingest","msg":"flush batch=305 releases=100 entities=284"}
{"level":30,"time":1778985398315,"pid":70492,"hostname":"Dereks-MacBook-Pro.local","module":"ingest","msg":"flush batch=306 releases=100 entities=296"}
{"level":30,"time":1778985398709,"pid":70492,"hostname":"Dereks-MacBook-Pro.local","module":"ingest","msg":"flush batch=307 releases=100 entities=297"}
{"level":30,"time":1778985399125,"pid":70492,"hostname":"Dereks-MacBook-Pro.local","module":"ingest","msg":"flush batch=308 releases=100 entities=311"}
{"level":30,"time":1778985399530,"pid":70492,"hostname":"Dereks-MacBook-Pro.local","module":"ingest","msg":"flush batch=309 releases=100 entities=311"}
{"level":30,"time":1778985399603,"pid":70492,"hostname":"Dereks-MacBook-Pro.local","module":"ingest","msg":"progress records=31000 elapsed=124.8s"}
{"level":30,"time":1778985399915,"pid":70492,"hostname":"Dereks-MacBook-Pro.local","module":"ingest","msg":"flush batch=310 releases=100 entities=312"}
{"level":30,"time":1778985400305,"pid":70492,"hostname":"Dereks-MacBook-Pro.local","module":"ingest","msg":"flush batch=311 releases=100 entities=306"}
{"level":30,"time":1778985400692,"pid":70492,"hostname":"Dereks-MacBook-Pro.local","module":"ingest","msg":"flush batch=312 releases=100 entities=295"}
{"level":30,"time":1778985401104,"pid":70492,"hostname":"Dereks-MacBook-Pro.local","module":"ingest","msg":"flush batch=313 releases=100 entities=302"}
{"level":30,"time":1778985401502,"pid":70492,"hostname":"Dereks-MacBook-Pro.local","module":"ingest","msg":"flush batch=314 releases=100 entities=311"}
{"level":30,"time":1778985401704,"pid":70492,"hostname":"Dereks-MacBook-Pro.local","module":"ingest","msg":"flush batch=315 (final) releases=10 entities=33"}
{"level":30,"time":1778985401705,"pid":70492,"hostname":"Dereks-MacBook-Pro.local","module":"ingest","msg":"done records=31410 entities=88062 elapsed=126.9s"}
{"level":30,"time":1778985401885,"pid":70492,"hostname":"Dereks-MacBook-Pro.local","module":"cli","msg":"[ingest] 2026-2 → 31410 records ingested (run run-2026-05-17T02:34:30.899Z)"}
